******************************************************************************
             TMS320C2000 Linker Unix v22.6.1                   
******************************************************************************
>> Linked Wed Nov 13 12:38:57 2024

OUTPUT FILE NAME:   <IPC_CPU_02_Simple.out>
ENTRY POINT SYMBOL: "_c_int00"  address: 00009800


MEMORY CONFIGURATION

         name            origin    length      used     unused   attr    fill
----------------------  --------  ---------  --------  --------  ----  --------
PAGE 0:
  BEGIN                 00000000   00000002  00000002  00000000  RWIX
  RAMM0                 00000080   00000380  00000081  000002ff  RWIX
  RAMLS0                00008000   00000800  00000800  00000000  RWIX
  RAMLS1                00008800   00000800  00000800  00000000  RWIX
  RAMLS2                00009000   00000800  000007ff  00000001  RWIX
  RAMLS3                00009800   00000800  00000612  000001ee  RWIX
  RAMLS4                0000a000   00000800  00000000  00000800  RWIX
  RAMD0                 0000b000   00000800  00000800  00000000  RWIX
  RESET                 003fffc0   00000002  00000000  00000002  RWIX

PAGE 1:
  BOOT_RSVD             00000002   0000007e  00000000  0000007e  RWIX
  RAMM1                 00000400   00000400  00000320  000000e0  RWIX
  ADCA_RESULT           00000b00   00000020  00000018  00000008  RWIX
  ADCB_RESULT           00000b20   00000020  00000018  00000008  RWIX
  ADCC_RESULT           00000b40   00000020  00000018  00000008  RWIX
  ADCD_RESULT           00000b60   00000020  00000018  00000008  RWIX
  CPU_TIMER0            00000c00   00000008  00000008  00000000  RWIX
  CPU_TIMER1            00000c08   00000008  00000008  00000000  RWIX
  CPU_TIMER2            00000c10   00000008  00000008  00000000  RWIX
  PIE_CTRL              00000ce0   00000020  0000001a  00000006  RWIX
  PIE_VECT              00000d00   00000200  000001c0  00000040  RWIX
  DMA                   00001000   00000200  000000e0  00000120  RWIX
  CLA1                  00001400   00000040  0000003e  00000002  RWIX
  EPWM1                 00004000   00000100  00000100  00000000  RWIX
  EPWM2                 00004100   00000100  00000100  00000000  RWIX
  EPWM3                 00004200   00000100  00000100  00000000  RWIX
  EPWM4                 00004300   00000100  00000100  00000000  RWIX
  EPWM5                 00004400   00000100  00000100  00000000  RWIX
  EPWM6                 00004500   00000100  00000100  00000000  RWIX
  EPWM7                 00004600   00000100  00000100  00000000  RWIX
  EPWM8                 00004700   00000100  00000100  00000000  RWIX
  EPWM9                 00004800   00000100  00000100  00000000  RWIX
  EPWM10                00004900   00000100  00000100  00000000  RWIX
  EPWM11                00004a00   00000100  00000100  00000000  RWIX
  EPWM12                00004b00   00000100  00000100  00000000  RWIX
  ECAP1                 00005000   00000020  0000001a  00000006  RWIX
  ECAP2                 00005020   00000020  0000001a  00000006  RWIX
  ECAP3                 00005040   00000020  0000001a  00000006  RWIX
  ECAP4                 00005060   00000020  0000001a  00000006  RWIX
  ECAP5                 00005080   00000020  0000001a  00000006  RWIX
  ECAP6                 000050a0   00000020  0000001a  00000006  RWIX
  EQEP1                 00005100   00000040  00000022  0000001e  RWIX
  EQEP2                 00005140   00000040  00000022  0000001e  RWIX
  EQEP3                 00005180   00000040  00000022  0000001e  RWIX
  DACA                  00005c00   00000010  00000007  00000009  RWIX
  DACB                  00005c10   00000010  00000007  00000009  RWIX
  DACC                  00005c20   00000010  00000007  00000009  RWIX
  CMPSS1                00005c80   00000020  0000001b  00000005  RWIX
  CMPSS2                00005ca0   00000020  0000001b  00000005  RWIX
  CMPSS3                00005cc0   00000020  0000001b  00000005  RWIX
  CMPSS4                00005ce0   00000020  0000001b  00000005  RWIX
  CMPSS5                00005d00   00000020  0000001b  00000005  RWIX
  CMPSS6                00005d20   00000020  0000001b  00000005  RWIX
  CMPSS7                00005d40   00000020  0000001b  00000005  RWIX
  CMPSS8                00005d60   00000020  0000001b  00000005  RWIX
  SDFM1                 00005e00   00000080  00000048  00000038  RWIX
  SDFM2                 00005e80   00000080  00000048  00000038  RWIX
  MCBSPA                00006000   00000040  00000024  0000001c  RWIX
  MCBSPB                00006040   00000040  00000024  0000001c  RWIX
  SPIA                  00006100   00000010  00000010  00000000  RWIX
  SPIB                  00006110   00000010  00000010  00000000  RWIX
  SPIC                  00006120   00000010  00000010  00000000  RWIX
  SPID                  00006130   00000010  00000000  00000010  RWIX
  WD                    00007000   00000040  0000002b  00000015  RWIX
  NMIINTRUPT            00007060   00000010  00000007  00000009  RWIX
  XINT                  00007070   00000010  0000000b  00000005  RWIX
  SCIA                  00007200   00000010  00000010  00000000  RWIX
  SCIB                  00007210   00000010  00000010  00000000  RWIX
  SCIC                  00007220   00000010  00000010  00000000  RWIX
  SCID                  00007230   00000010  00000010  00000000  RWIX
  I2CA                  00007300   00000040  00000022  0000001e  RWIX
  I2CB                  00007340   00000040  00000022  0000001e  RWIX
  ADCA                  00007400   00000080  0000007c  00000004  RWIX
  ADCB                  00007480   00000080  0000007c  00000004  RWIX
  ADCC                  00007500   00000080  0000007c  00000004  RWIX
  ADCD                  00007580   00000080  0000007c  00000004  RWIX
  DMACLASRCSEL          00007980   00000040  0000001a  00000026  RWIX
  GPIOCTRL              00007c00   00000180  00000000  00000180  RWIX
  GPIODAT               00007f00   00000030  00000030  00000000  RWIX
  RAMLS5                0000a800   00000800  00000744  000000bc  RWIX
  RAMD1                 0000b800   00000800  000001e8  00000618  RWIX
  CPU2TOCPU1RAM         0003f800   00000400  00000000  00000400  RWIX
  CPU1TOCPU2RAM         0003fc00   00000400  00000000  00000400  RWIX
  EMIF1                 00047000   00000800  00000028  000007d8  RWIX
  EMIF2                 00047800   00000800  00000028  000007d8  RWIX
  CANA_MSG_RAM          00049000   00000800  00000000  00000800  RWIX
  CANB_MSG_RAM          0004b000   00000800  00000000  00000800  RWIX
  IPC                   00050000   00000024  00000024  00000000  RWIX
  FLASHPUMPSEMAPHORE    00050024   00000002  00000002  00000000  RWIX
  CLK_CFG               0005d200   00000100  00000032  000000ce  RWIX
  CPU_SYS               0005d300   00000100  00000082  0000007e  RWIX
  DCSM_Z1               0005f000   00000030  00000022  0000000e  RWIX
  DCSM_Z2               0005f040   00000030  00000022  0000000e  RWIX
  DCSM_COMMON           0005f070   00000010  00000006  0000000a  RWIX
  MEMCFG                0005f400   00000080  00000076  0000000a  RWIX
  EMIF1CONFIG           0005f480   00000020  0000000a  00000016  RWIX
  ACCESSPROTECTION      0005f4c0   00000040  0000002e  00000012  RWIX
  MEMORYERROR           0005f500   00000040  0000003a  00000006  RWIX
  FLASH0_CTRL           0005f800   00000300  00000182  0000017e  RWIX
  FLASH0_ECC            0005fb00   00000040  00000028  00000018  RWIX
  DCSM_Z1_OTP           00078000   00000020  00000000  00000020  RWIX
  DCSM_Z2_OTP           00078200   00000020  00000000  00000020  RWIX


SECTION ALLOCATION MAP

 output                                  attributes/
section   page    origin      length       input sections
--------  ----  ----------  ----------   ----------------
codestart 
*          0    00000000    00000002     
                  00000000    00000002     F2837xD_CodeStartBranch.obj (codestart)

.cinit     0    00000080    0000007d     
                  00000080    00000026     rts2800_fpu32.lib : defs.c.obj (.cinit:__ftable)
                  000000a6    0000001b                       : host_device.c.obj (.cinit:__device)
                  000000c1    0000000e                       : host_device.c.obj (.cinit:__stream)
                  000000cf    0000000e                       : exit.c.obj (.cinit)
                  000000dd    00000005                       : _lock.c.obj (.cinit:__lock)
                  000000e2    00000005                       : _lock.c.obj (.cinit:__unlock)
                  000000e7    00000004                       : defs.c.obj (.cinit)
                  000000eb    00000004                       : errno.c.obj (.cinit)
                  000000ef    00000004                       : fopen.c.obj (.cinit)
                  000000f3    00000004                       : memory.c.obj (.cinit)
                  000000f7    00000004                       : open.c.obj (.cinit)
                  000000fb    00000002     --HOLE-- [fill = 0]

ramfuncs   0    000000fd    00000004     
                  000000fd    00000004     F2837xD_usDelay.obj (ramfuncs)

.pinit     0    00000080    00000000     UNINITIALIZED

.reset     0    003fffc0    00000002     DSECT
                  003fffc0    00000002     rts2800_fpu32.lib : boot28.asm.obj (.reset)

.stack     1    00000400    00000200     UNINITIALIZED
                  00000400    00000200     --HOLE--

AdcaResultFile 
*          1    00000b00    00000018     UNINITIALIZED
                  00000b00    00000018     F2837xD_GlobalVariableDefs.obj (AdcaResultFile)

AdcbResultFile 
*          1    00000b20    00000018     UNINITIALIZED
                  00000b20    00000018     F2837xD_GlobalVariableDefs.obj (AdcbResultFile)

AdccResultFile 
*          1    00000b40    00000018     UNINITIALIZED
                  00000b40    00000018     F2837xD_GlobalVariableDefs.obj (AdccResultFile)

AdcdResultFile 
*          1    00000b60    00000018     UNINITIALIZED
                  00000b60    00000018     F2837xD_GlobalVariableDefs.obj (AdcdResultFile)

CpuTimer0RegsFile 
*          1    00000c00    00000008     UNINITIALIZED
                  00000c00    00000008     F2837xD_GlobalVariableDefs.obj (CpuTimer0RegsFile)

CpuTimer1RegsFile 
*          1    00000c08    00000008     UNINITIALIZED
                  00000c08    00000008     F2837xD_GlobalVariableDefs.obj (CpuTimer1RegsFile)

CpuTimer2RegsFile 
*          1    00000c10    00000008     UNINITIALIZED
                  00000c10    00000008     F2837xD_GlobalVariableDefs.obj (CpuTimer2RegsFile)

Cla1RegsFile 
*          1    00001400    0000003e     UNINITIALIZED
                  00001400    0000003e     F2837xD_GlobalVariableDefs.obj (Cla1RegsFile)

DacaRegsFile 
*          1    00005c00    00000007     UNINITIALIZED
                  00005c00    00000007     F2837xD_GlobalVariableDefs.obj (DacaRegsFile)

DacbRegsFile 
*          1    00005c10    00000007     UNINITIALIZED
                  00005c10    00000007     F2837xD_GlobalVariableDefs.obj (DacbRegsFile)

DaccRegsFile 
*          1    00005c20    00000007     UNINITIALIZED
                  00005c20    00000007     F2837xD_GlobalVariableDefs.obj (DaccRegsFile)

.esysmem   1    0000a800    00000400     UNINITIALIZED
                  0000a800    00000004     rts2800_fpu32.lib : memory.c.obj (.esysmem)
                  0000a804    000003fc     --HOLE--

.econst    1    0000ac00    00000344     
                  0000ac00    000001c0     F2837xD_PieVect.obj (.econst:_PieVectTableInit)
                  0000adc0    00000101     rts2800_fpu32.lib : ctype.c.obj (.econst:.string:__ctypes_)
                  0000aec1    00000001     --HOLE-- [fill = 0]
                  0000aec2    00000026                       : _printfi.c.obj (.econst:.string)
                  0000aee8    0000001c                       : _printfi.c.obj (.econst)
                  0000af04    0000001c                       : s_scalbn.c.obj (.econst)
                  0000af20    0000001a     Lab4_cpu02.obj (.econst:.string)
                  0000af3a    00000008     rts2800_fpu32.lib : s_frexp.c.obj (.econst)
                  0000af42    00000002                       : fputs.c.obj (.econst:.string)

.ebss      1    0000b800    000001e8     UNINITIALIZED
                  0000b800    000000a0     rts2800_fpu32.lib : defs.c.obj (.ebss:___TI_tmpnams)
                  0000b8a0    00000008                       : hostopen.c.obj (.ebss:_parmbuf)
                  0000b8a8    00000006                       : exit.c.obj (.ebss)
                  0000b8ae    00000004                       : memory.c.obj (.ebss)
                  0000b8b2    00000002     Lab4_cpu02.obj (.ebss)
                  0000b8b4    00000002     rts2800_fpu32.lib : _lock.c.obj (.ebss:__lock)
                  0000b8b6    00000002                       : _lock.c.obj (.ebss:__unlock)
                  0000b8b8    00000001                       : defs.c.obj (.ebss)
                  0000b8b9    00000001                       : errno.c.obj (.ebss)
                  0000b8ba    00000001                       : fopen.c.obj (.ebss)
                  0000b8bb    00000001                       : open.c.obj (.ebss)
                  0000b8bc    00000004     --HOLE--
                  0000b8c0    00000078                       : defs.c.obj (.ebss:__ftable)
                  0000b938    00000008     --HOLE--
                  0000b940    00000048                       : host_device.c.obj (.ebss:__device)
                  0000b988    00000028                       : host_device.c.obj (.ebss:__stream)
                  0000b9b0    00000010     --HOLE--
                  0000b9c0    00000028     Lab4_cpu02.obj (.ebss:_received)

GETBUFFER 
*          0    0003fc00    00000000     DSECT

GETWRITEIDX 
*          0    0003fc00    00000000     DSECT

PUTREADIDX 
*          0    0003fc00    00000000     DSECT

.text.1    0    00008000    00000800     
                  00008000    000005f5     rts2800_fpu32.lib : _printfi.c.obj (.text:__TI_printfi)
                  000085f5    00000107                       : ll_div28.asm.obj (.text)
                  000086fc    000000a9                       : s_scalbn.c.obj (.text)
                  000087a5    0000005b                       : hostlseek.c.obj (.text)

.text.2    0    00008800    00000800     
                  00008800    00000585     F2837xD_DefaultISR.obj (.text:retain)
                  00008d85    0000020f     F2837xD_SysCtrl.obj (.text)
                  00008f94    00000065     rts2800_fpu32.lib : _io_perm.c.obj (.text)
                  00008ff9    00000007                       : memset.c.obj (.text)

.text.3    0    00009000    000007ff     
                  00009000    0000028c     rts2800_fpu32.lib : memory.c.obj (.text)
                  0000928c    000000a8                       : fputs.c.obj (.text)
                  00009334    0000009c                       : fd_add28.asm.obj (.text)
                  000093d0    00000095                       : trgmsg.c.obj (.text)
                  00009465    0000008b                       : fd_div28.asm.obj (.text)
                  000094f0    00000083                       : fd_mpy28.asm.obj (.text)
                  00009573    0000007c                       : setvbuf.c.obj (.text)
                  000095ef    00000073                       : fflush.c.obj (.text)
                  00009662    00000071                       : open.c.obj (.text)
                  000096d3    00000060     Lab4_cpu02.obj (.text:retain)
                  00009733    0000005d     rts2800_fpu32.lib : fclose.c.obj (.text)
                  00009790    0000005a                       : s_frexp.c.obj (.text)
                  000097ea    00000015                       : strncpy.c.obj (.text)

.text.4    0    00009800    00000612     
                  00009800    00000056     rts2800_fpu32.lib : boot28.asm.obj (.text)
                  00009856    00000053                       : fputc.c.obj (.text)
                  000098a9    00000051                       : getdevice.c.obj (.text)
                  000098fa    0000003e                       : hostrename.c.obj (.text)
                  00009938    0000003d                       : fseek.c.obj (.text)
                  00009975    00000038                       : hostopen.c.obj (.text)
                  000099ad    00000037                       : hostwrite.c.obj (.text)
                  000099e4    00000036                       : hostread.c.obj (.text)
                  00009a1a    00000034                       : printf.c.obj (.text)
                  00009a4e    00000033                       : close.c.obj (.text)
                  00009a81    00000031                       : atoi.c.obj (.text)
                  00009ab2    00000030                       : _ltoa.c.obj (.text)
                  00009ae2    0000002a                       : fd_cmp28.asm.obj (.text)
                  00009b0c    0000002a                       : l_div28.asm.obj (.text)
                  00009b36    00000029                       : exit.c.obj (.text)
                  00009b5f    00000028     F2837xD_PieCtrl.obj (.text)
                  00009b87    00000027     rts2800_fpu32.lib : hostclose.c.obj (.text)
                  00009bae    00000026     F2837xD_PieVect.obj (.text)
                  00009bd4    00000026     Lab4_cpu02.obj (.text)
                  00009bfa    00000024     rts2800_fpu32.lib : cpy_tbl.c.obj (.text)
                  00009c1e    00000024                       : hostunlink.c.obj (.text)
                  00009c42    00000024                       : s_copysign.c.obj (.text)
                  00009c66    00000021                       : fd_toi28.asm.obj (.text)
                  00009c87    0000001f                       : fd_tol28.asm.obj (.text)
                  00009ca6    0000001e                       : ll_cmp28.asm.obj (.text)
                  00009cc4    0000001d                       : i_tofd28.asm.obj (.text)
                  00009ce1    0000001d                       : memcpy.c.obj (.text)
                  00009cfe    0000001c                       : fs_tofdfpu32.asm.obj (.text)
                  00009d1a    0000001c                       : l_tofd28.asm.obj (.text)
                  00009d36    00000019                       : unlink.c.obj (.text)
                  00009d4f    00000019                       : write.c.obj (.text)
                  00009d68    00000018                       : ll_aox28.asm.obj (.text)
                  00009d80    00000018                       : lseek.c.obj (.text)
                  00009d98    00000012                       : args_main.c.obj (.text)
                  00009daa    00000010                       : memccpy.c.obj (.text)
                  00009dba    0000000d                       : memchr.c.obj (.text)
                  00009dc7    0000000c                       : strchr.c.obj (.text)
                  00009dd3    0000000a                       : strcmp.c.obj (.text)
                  00009ddd    00000009                       : _lock.c.obj (.text)
                  00009de6    00000009                       : fd_neg28.asm.obj (.text)
                  00009def    00000009                       : wcslen.c.obj (.text)
                  00009df8    00000008     F2837xD_CodeStartBranch.obj (.text)
                  00009e00    00000008     rts2800_fpu32.lib : strlen.c.obj (.text)
                  00009e08    00000005                       : strcpy.c.obj (.text)
                  00009e0d    00000003                       : remove.c.obj (.text)
                  00009e10    00000002                       : pre_init.c.obj (.text)

.text.5    0    0000b000    00000800     
                  0000b000    000006d0     rts2800_fpu32.lib : _printfi.c.obj (.text)
                  0000b6d0    00000121                       : fopen.c.obj (.text)
                  0000b7f1    0000000e                       : fd_sub28.asm.obj (.text)
                  0000b7ff    00000001                       : startup.c.obj (.text)

PieCtrlRegsFile 
*          1    00000ce0    0000001a     UNINITIALIZED
                  00000ce0    0000001a     F2837xD_GlobalVariableDefs.obj (PieCtrlRegsFile)

PieVectTableFile 
*          1    00000d00    000001c0     UNINITIALIZED
                  00000d00    000001c0     F2837xD_GlobalVariableDefs.obj (PieVectTableFile)

EmuKeyVar 
*          1    00000d00    00000001     UNINITIALIZED
                  00000d00    00000001     F2837xD_GlobalVariableDefs.obj (EmuKeyVar)

EmuBModeVar 
*          1    00000d01    00000001     UNINITIALIZED
                  00000d01    00000001     F2837xD_GlobalVariableDefs.obj (EmuBModeVar)

FlashCallbackVar 
*          1    00000d02    00000000     UNINITIALIZED

FlashScalingVar 
*          1    00000d02    00000000     UNINITIALIZED

EPwm1RegsFile 
*          1    00004000    00000100     UNINITIALIZED
                  00004000    00000100     F2837xD_GlobalVariableDefs.obj (EPwm1RegsFile)

EPwm2RegsFile 
*          1    00004100    00000100     UNINITIALIZED
                  00004100    00000100     F2837xD_GlobalVariableDefs.obj (EPwm2RegsFile)

EPwm3RegsFile 
*          1    00004200    00000100     UNINITIALIZED
                  00004200    00000100     F2837xD_GlobalVariableDefs.obj (EPwm3RegsFile)

EPwm4RegsFile 
*          1    00004300    00000100     UNINITIALIZED
                  00004300    00000100     F2837xD_GlobalVariableDefs.obj (EPwm4RegsFile)

EPwm5RegsFile 
*          1    00004400    00000100     UNINITIALIZED
                  00004400    00000100     F2837xD_GlobalVariableDefs.obj (EPwm5RegsFile)

EPwm6RegsFile 
*          1    00004500    00000100     UNINITIALIZED
                  00004500    00000100     F2837xD_GlobalVariableDefs.obj (EPwm6RegsFile)

EPwm7RegsFile 
*          1    00004600    00000100     UNINITIALIZED
                  00004600    00000100     F2837xD_GlobalVariableDefs.obj (EPwm7RegsFile)

EPwm8RegsFile 
*          1    00004700    00000100     UNINITIALIZED
                  00004700    00000100     F2837xD_GlobalVariableDefs.obj (EPwm8RegsFile)

EPwm9RegsFile 
*          1    00004800    00000100     UNINITIALIZED
                  00004800    00000100     F2837xD_GlobalVariableDefs.obj (EPwm9RegsFile)

EPwm10RegsFile 
*          1    00004900    00000100     UNINITIALIZED
                  00004900    00000100     F2837xD_GlobalVariableDefs.obj (EPwm10RegsFile)

EPwm11RegsFile 
*          1    00004a00    00000100     UNINITIALIZED
                  00004a00    00000100     F2837xD_GlobalVariableDefs.obj (EPwm11RegsFile)

EPwm12RegsFile 
*          1    00004b00    00000100     UNINITIALIZED
                  00004b00    00000100     F2837xD_GlobalVariableDefs.obj (EPwm12RegsFile)

ECap1RegsFile 
*          1    00005000    0000001a     UNINITIALIZED
                  00005000    0000001a     F2837xD_GlobalVariableDefs.obj (ECap1RegsFile)

ECap2RegsFile 
*          1    00005020    0000001a     UNINITIALIZED
                  00005020    0000001a     F2837xD_GlobalVariableDefs.obj (ECap2RegsFile)

ECap3RegsFile 
*          1    00005040    0000001a     UNINITIALIZED
                  00005040    0000001a     F2837xD_GlobalVariableDefs.obj (ECap3RegsFile)

ECap4RegsFile 
*          1    00005060    0000001a     UNINITIALIZED
                  00005060    0000001a     F2837xD_GlobalVariableDefs.obj (ECap4RegsFile)

ECap5RegsFile 
*          1    00005080    0000001a     UNINITIALIZED
                  00005080    0000001a     F2837xD_GlobalVariableDefs.obj (ECap5RegsFile)

ECap6RegsFile 
*          1    000050a0    0000001a     UNINITIALIZED
                  000050a0    0000001a     F2837xD_GlobalVariableDefs.obj (ECap6RegsFile)

EQep1RegsFile 
*          1    00005100    00000022     UNINITIALIZED
                  00005100    00000022     F2837xD_GlobalVariableDefs.obj (EQep1RegsFile)

EQep2RegsFile 
*          1    00005140    00000022     UNINITIALIZED
                  00005140    00000022     F2837xD_GlobalVariableDefs.obj (EQep2RegsFile)

EQep3RegsFile 
*          1    00005180    00000022     UNINITIALIZED
                  00005180    00000022     F2837xD_GlobalVariableDefs.obj (EQep3RegsFile)

Sdfm1RegsFile 
*          1    00005e00    00000048     UNINITIALIZED
                  00005e00    00000048     F2837xD_GlobalVariableDefs.obj (Sdfm1RegsFile)

Sdfm2RegsFile 
*          1    00005e80    00000048     UNINITIALIZED
                  00005e80    00000048     F2837xD_GlobalVariableDefs.obj (Sdfm2RegsFile)

McbspaRegsFile 
*          1    00006000    00000024     UNINITIALIZED
                  00006000    00000024     F2837xD_GlobalVariableDefs.obj (McbspaRegsFile)

McbspbRegsFile 
*          1    00006040    00000024     UNINITIALIZED
                  00006040    00000024     F2837xD_GlobalVariableDefs.obj (McbspbRegsFile)

SpiaRegsFile 
*          1    00006100    00000010     UNINITIALIZED
                  00006100    00000010     F2837xD_GlobalVariableDefs.obj (SpiaRegsFile)

SpibRegsFile 
*          1    00006110    00000010     UNINITIALIZED
                  00006110    00000010     F2837xD_GlobalVariableDefs.obj (SpibRegsFile)

SpicRegsFile 
*          1    00006120    00000010     UNINITIALIZED
                  00006120    00000010     F2837xD_GlobalVariableDefs.obj (SpicRegsFile)

WdRegsFile 
*          1    00007000    0000002b     UNINITIALIZED
                  00007000    0000002b     F2837xD_GlobalVariableDefs.obj (WdRegsFile)

NmiIntruptRegsFile 
*          1    00007060    00000007     UNINITIALIZED
                  00007060    00000007     F2837xD_GlobalVariableDefs.obj (NmiIntruptRegsFile)

XintRegsFile 
*          1    00007070    0000000b     UNINITIALIZED
                  00007070    0000000b     F2837xD_GlobalVariableDefs.obj (XintRegsFile)

SciaRegsFile 
*          1    00007200    00000010     UNINITIALIZED
                  00007200    00000010     F2837xD_GlobalVariableDefs.obj (SciaRegsFile)

ScibRegsFile 
*          1    00007210    00000010     UNINITIALIZED
                  00007210    00000010     F2837xD_GlobalVariableDefs.obj (ScibRegsFile)

ScicRegsFile 
*          1    00007220    00000010     UNINITIALIZED
                  00007220    00000010     F2837xD_GlobalVariableDefs.obj (ScicRegsFile)

ScidRegsFile 
*          1    00007230    00000010     UNINITIALIZED
                  00007230    00000010     F2837xD_GlobalVariableDefs.obj (ScidRegsFile)

I2caRegsFile 
*          1    00007300    00000022     UNINITIALIZED
                  00007300    00000022     F2837xD_GlobalVariableDefs.obj (I2caRegsFile)

I2cbRegsFile 
*          1    00007340    00000022     UNINITIALIZED
                  00007340    00000022     F2837xD_GlobalVariableDefs.obj (I2cbRegsFile)

AdcaRegsFile 
*          1    00007400    0000007c     UNINITIALIZED
                  00007400    0000007c     F2837xD_GlobalVariableDefs.obj (AdcaRegsFile)

AdcbRegsFile 
*          1    00007480    0000007c     UNINITIALIZED
                  00007480    0000007c     F2837xD_GlobalVariableDefs.obj (AdcbRegsFile)

AdccRegsFile 
*          1    00007500    0000007c     UNINITIALIZED
                  00007500    0000007c     F2837xD_GlobalVariableDefs.obj (AdccRegsFile)

AdcdRegsFile 
*          1    00007580    0000007c     UNINITIALIZED
                  00007580    0000007c     F2837xD_GlobalVariableDefs.obj (AdcdRegsFile)

Cla1SoftIntRegsFile 
*          1    00000ce0    00000003     DSECT
                  00000ce0    00000003     F2837xD_GlobalVariableDefs.obj (Cla1SoftIntRegsFile)

Cmpss1RegsFile 
*          1    00005c80    0000001b     UNINITIALIZED
                  00005c80    0000001b     F2837xD_GlobalVariableDefs.obj (Cmpss1RegsFile)

Cmpss2RegsFile 
*          1    00005ca0    0000001b     UNINITIALIZED
                  00005ca0    0000001b     F2837xD_GlobalVariableDefs.obj (Cmpss2RegsFile)

Cmpss3RegsFile 
*          1    00005cc0    0000001b     UNINITIALIZED
                  00005cc0    0000001b     F2837xD_GlobalVariableDefs.obj (Cmpss3RegsFile)

Cmpss4RegsFile 
*          1    00005ce0    0000001b     UNINITIALIZED
                  00005ce0    0000001b     F2837xD_GlobalVariableDefs.obj (Cmpss4RegsFile)

Cmpss5RegsFile 
*          1    00005d00    0000001b     UNINITIALIZED
                  00005d00    0000001b     F2837xD_GlobalVariableDefs.obj (Cmpss5RegsFile)

Cmpss6RegsFile 
*          1    00005d20    0000001b     UNINITIALIZED
                  00005d20    0000001b     F2837xD_GlobalVariableDefs.obj (Cmpss6RegsFile)

Cmpss7RegsFile 
*          1    00005d40    0000001b     UNINITIALIZED
                  00005d40    0000001b     F2837xD_GlobalVariableDefs.obj (Cmpss7RegsFile)

Cmpss8RegsFile 
*          1    00005d60    0000001b     UNINITIALIZED
                  00005d60    0000001b     F2837xD_GlobalVariableDefs.obj (Cmpss8RegsFile)

DcsmZ1RegsFile 
*          1    0005f000    00000022     UNINITIALIZED
                  0005f000    00000022     F2837xD_GlobalVariableDefs.obj (DcsmZ1RegsFile)

DcsmZ2RegsFile 
*          1    0005f040    00000022     UNINITIALIZED
                  0005f040    00000022     F2837xD_GlobalVariableDefs.obj (DcsmZ2RegsFile)

DcsmCommonRegsFile 
*          1    0005f070    00000006     UNINITIALIZED
                  0005f070    00000006     F2837xD_GlobalVariableDefs.obj (DcsmCommonRegsFile)

DmaRegsFile 
*          1    00001000    000000e0     UNINITIALIZED
                  00001000    000000e0     F2837xD_GlobalVariableDefs.obj (DmaRegsFile)

DmaClaSrcSelRegsFile 
*          1    00007980    0000001a     UNINITIALIZED
                  00007980    0000001a     F2837xD_GlobalVariableDefs.obj (DmaClaSrcSelRegsFile)

Emif1RegsFile 
*          1    00047000    00000028     UNINITIALIZED
                  00047000    00000028     F2837xD_GlobalVariableDefs.obj (Emif1RegsFile)

Emif2RegsFile 
*          1    00047800    00000028     UNINITIALIZED
                  00047800    00000028     F2837xD_GlobalVariableDefs.obj (Emif2RegsFile)

Flash0CtrlRegsFile 
*          1    0005f800    00000182     UNINITIALIZED
                  0005f800    00000182     F2837xD_GlobalVariableDefs.obj (Flash0CtrlRegsFile)

Flash0EccRegsFile 
*          1    0005fb00    00000028     UNINITIALIZED
                  0005fb00    00000028     F2837xD_GlobalVariableDefs.obj (Flash0EccRegsFile)

GpioDataRegsFile 
*          1    00007f00    00000030     UNINITIALIZED
                  00007f00    00000030     F2837xD_GlobalVariableDefs.obj (GpioDataRegsFile)

IpcRegsFile 
*          1    00050000    00000024     UNINITIALIZED
                  00050000    00000024     F2837xD_GlobalVariableDefs.obj (IpcRegsFile)

FlashPumpSemaphoreRegsFile 
*          1    00050024    00000002     UNINITIALIZED
                  00050024    00000002     F2837xD_GlobalVariableDefs.obj (FlashPumpSemaphoreRegsFile)

MemCfgRegsFile 
*          1    0005f400    00000076     UNINITIALIZED
                  0005f400    00000076     F2837xD_GlobalVariableDefs.obj (MemCfgRegsFile)

Emif1ConfigRegsFile 
*          1    0005f480    0000000a     UNINITIALIZED
                  0005f480    0000000a     F2837xD_GlobalVariableDefs.obj (Emif1ConfigRegsFile)

AccessProtectionRegsFile 
*          1    0005f4c0    0000002e     UNINITIALIZED
                  0005f4c0    0000002e     F2837xD_GlobalVariableDefs.obj (AccessProtectionRegsFile)

MemoryErrorRegsFile 
*          1    0005f500    0000003a     UNINITIALIZED
                  0005f500    0000003a     F2837xD_GlobalVariableDefs.obj (MemoryErrorRegsFile)

ClkCfgRegsFile 
*          1    0005d200    00000032     UNINITIALIZED
                  0005d200    00000032     F2837xD_GlobalVariableDefs.obj (ClkCfgRegsFile)

CpuSysRegsFile 
*          1    0005d300    00000082     UNINITIALIZED
                  0005d300    00000082     F2837xD_GlobalVariableDefs.obj (CpuSysRegsFile)

.cio       1    00000600    00000120     UNINITIALIZED
                  00000600    00000120     rts2800_fpu32.lib : trgmsg.c.obj (.cio)

MODULE SUMMARY

       Module                           code   initialized data   uninitialized data
       ------                           ----   ----------------   ------------------
    ./
       F2837xD_GlobalVariableDefs.obj   0      0                  6506              
       F2837xD_DefaultISR.obj           1413   0                  0                 
       F2837xD_SysCtrl.obj              527    0                  0                 
       F2837xD_PieVect.obj              38     448                0                 
       Lab4_cpu02.obj                   134    26                 42                
       F2837xD_PieCtrl.obj              40     0                  0                 
       F2837xD_CodeStartBranch.obj      10     0                  0                 
       F2837xD_usDelay.obj              4      0                  0                 
    +--+--------------------------------+------+------------------+--------------------+
       Total:                           2166   474                6548              
                                                                                    
    /Applications/ti/ccs1280/ccs/tools/compiler/ti-cgt-c2000_22.6.1.LTS/lib/rts2800_fpu32.lib
       _printfi.c.obj                   3269   66                 0                 
       memory.c.obj                     652    4                  4                 
       trgmsg.c.obj                     149    0                  288               
       defs.c.obj                       0      42                 281               
       fopen.c.obj                      289    4                  1                 
       ll_div28.asm.obj                 263    0                  0                 
       ctype.c.obj                      0      257                0                 
       s_scalbn.c.obj                   169    28                 0                 
       fputs.c.obj                      168    2                  0                 
       fd_add28.asm.obj                 156    0                  0                 
       host_device.c.obj                0      41                 112               
       fd_div28.asm.obj                 139    0                  0                 
       fd_mpy28.asm.obj                 131    0                  0                 
       setvbuf.c.obj                    124    0                  0                 
       open.c.obj                       113    4                  1                 
       fflush.c.obj                     115    0                  0                 
       _io_perm.c.obj                   101    0                  0                 
       s_frexp.c.obj                    90     8                  0                 
       fclose.c.obj                     93     0                  0                 
       hostlseek.c.obj                  91     0                  0                 
       boot28.asm.obj                   86     0                  0                 
       fputc.c.obj                      83     0                  0                 
       getdevice.c.obj                  81     0                  0                 
       hostopen.c.obj                   56     0                  8                 
       hostrename.c.obj                 62     0                  0                 
       exit.c.obj                       41     14                 6                 
       fseek.c.obj                      61     0                  0                 
       hostwrite.c.obj                  55     0                  0                 
       hostread.c.obj                   54     0                  0                 
       printf.c.obj                     52     0                  0                 
       close.c.obj                      51     0                  0                 
       atoi.c.obj                       49     0                  0                 
       _ltoa.c.obj                      48     0                  0                 
       fd_cmp28.asm.obj                 42     0                  0                 
       l_div28.asm.obj                  42     0                  0                 
       hostclose.c.obj                  39     0                  0                 
       cpy_tbl.c.obj                    36     0                  0                 
       hostunlink.c.obj                 36     0                  0                 
       s_copysign.c.obj                 36     0                  0                 
       fd_toi28.asm.obj                 33     0                  0                 
       fd_tol28.asm.obj                 31     0                  0                 
       ll_cmp28.asm.obj                 30     0                  0                 
       i_tofd28.asm.obj                 29     0                  0                 
       memcpy.c.obj                     29     0                  0                 
       fs_tofdfpu32.asm.obj             28     0                  0                 
       l_tofd28.asm.obj                 28     0                  0                 
       unlink.c.obj                     25     0                  0                 
       write.c.obj                      25     0                  0                 
       ll_aox28.asm.obj                 24     0                  0                 
       lseek.c.obj                      24     0                  0                 
       _lock.c.obj                      9      10                 4                 
       strncpy.c.obj                    21     0                  0                 
       args_main.c.obj                  18     0                  0                 
       memccpy.c.obj                    16     0                  0                 
       fd_sub28.asm.obj                 14     0                  0                 
       memchr.c.obj                     13     0                  0                 
       strchr.c.obj                     12     0                  0                 
       strcmp.c.obj                     10     0                  0                 
       fd_neg28.asm.obj                 9      0                  0                 
       wcslen.c.obj                     9      0                  0                 
       strlen.c.obj                     8      0                  0                 
       memset.c.obj                     7      0                  0                 
       errno.c.obj                      0      4                  1                 
       strcpy.c.obj                     5      0                  0                 
       remove.c.obj                     3      0                  0                 
       pre_init.c.obj                   2      0                  0                 
       startup.c.obj                    1      0                  0                 
    +--+--------------------------------+------+------------------+--------------------+
       Total:                           7585   484                706               
                                                                                    
       Heap:                            0      0                  1024              
       Stack:                           0      0                  512               
    +--+--------------------------------+------+------------------+--------------------+
       Grand Total:                     9751   958                8790              


GLOBAL DATA SYMBOLS: SORTED BY DATA PAGE

address     data page           name
--------    ----------------    ----
00000400      10 (00000400)     __stack

00000600      18 (00000600)     __CIOBUF_

00000b00      2c (00000b00)     _AdcaResultRegs
00000b20      2c (00000b00)     _AdcbResultRegs

00000b40      2d (00000b40)     _AdccResultRegs
00000b60      2d (00000b40)     _AdcdResultRegs

00000c00      30 (00000c00)     _CpuTimer0Regs
00000c08      30 (00000c00)     _CpuTimer1Regs
00000c10      30 (00000c00)     _CpuTimer2Regs

00000ce0      33 (00000cc0)     _Cla1SoftIntRegs
00000ce0      33 (00000cc0)     _PieCtrlRegs

00000d00      34 (00000d00)     _EmuKey
00000d00      34 (00000d00)     _PieVectTable
00000d01      34 (00000d00)     _EmuBMode

00001000      40 (00001000)     _DmaRegs

00001400      50 (00001400)     _Cla1Regs

00004000     100 (00004000)     _EPwm1Regs

00004100     104 (00004100)     _EPwm2Regs

00004200     108 (00004200)     _EPwm3Regs

00004300     10c (00004300)     _EPwm4Regs

00004400     110 (00004400)     _EPwm5Regs

00004500     114 (00004500)     _EPwm6Regs

00004600     118 (00004600)     _EPwm7Regs

00004700     11c (00004700)     _EPwm8Regs

00004800     120 (00004800)     _EPwm9Regs

00004900     124 (00004900)     _EPwm10Regs

00004a00     128 (00004a00)     _EPwm11Regs

00004b00     12c (00004b00)     _EPwm12Regs

00005000     140 (00005000)     _ECap1Regs
00005020     140 (00005000)     _ECap2Regs

00005040     141 (00005040)     _ECap3Regs
00005060     141 (00005040)     _ECap4Regs

00005080     142 (00005080)     _ECap5Regs
000050a0     142 (00005080)     _ECap6Regs

00005100     144 (00005100)     _EQep1Regs

00005140     145 (00005140)     _EQep2Regs

00005180     146 (00005180)     _EQep3Regs

00005c00     170 (00005c00)     _DacaRegs
00005c10     170 (00005c00)     _DacbRegs
00005c20     170 (00005c00)     _DaccRegs

00005c80     172 (00005c80)     _Cmpss1Regs
00005ca0     172 (00005c80)     _Cmpss2Regs

00005cc0     173 (00005cc0)     _Cmpss3Regs
00005ce0     173 (00005cc0)     _Cmpss4Regs

00005d00     174 (00005d00)     _Cmpss5Regs
00005d20     174 (00005d00)     _Cmpss6Regs

00005d40     175 (00005d40)     _Cmpss7Regs
00005d60     175 (00005d40)     _Cmpss8Regs

00005e00     178 (00005e00)     _Sdfm1Regs

00005e80     17a (00005e80)     _Sdfm2Regs

00006000     180 (00006000)     _McbspaRegs

00006040     181 (00006040)     _McbspbRegs

00006100     184 (00006100)     _SpiaRegs
00006110     184 (00006100)     _SpibRegs
00006120     184 (00006100)     _SpicRegs

00007000     1c0 (00007000)     _WdRegs

00007060     1c1 (00007040)     _NmiIntruptRegs
00007070     1c1 (00007040)     _XintRegs

00007200     1c8 (00007200)     _SciaRegs
00007210     1c8 (00007200)     _ScibRegs
00007220     1c8 (00007200)     _ScicRegs
00007230     1c8 (00007200)     _ScidRegs

00007300     1cc (00007300)     _I2caRegs

00007340     1cd (00007340)     _I2cbRegs

00007400     1d0 (00007400)     _AdcaRegs

00007480     1d2 (00007480)     _AdcbRegs

00007500     1d4 (00007500)     _AdccRegs

00007580     1d6 (00007580)     _AdcdRegs

00007980     1e6 (00007980)     _DmaClaSrcSelRegs

00007f00     1fc (00007f00)     _GpioDataRegs

0000a800     2a0 (0000a800)     __sys_memory

0000ac00     2b0 (0000ac00)     _PieVectTableInit

0000adc0     2b7 (0000adc0)     __ctypes_

0000b800     2e0 (0000b800)     ___TI_tmpnams

0000b8a0     2e2 (0000b880)     _parmbuf
0000b8a8     2e2 (0000b880)     ___TI_enable_exit_profile_output
0000b8aa     2e2 (0000b880)     ___TI_cleanup_ptr
0000b8ac     2e2 (0000b880)     ___TI_dtors_ptr
0000b8b2     2e2 (0000b880)     _pointer
0000b8b4     2e2 (0000b880)     __lock
0000b8b6     2e2 (0000b880)     __unlock
0000b8b8     2e2 (0000b880)     ___TI_ft_end
0000b8b9     2e2 (0000b880)     _errno

0000b8c0     2e3 (0000b8c0)     __ftable

0000b940     2e5 (0000b940)     __device

0000b988     2e6 (0000b980)     __stream

0000b9c0     2e7 (0000b9c0)     _received

00047000    11c0 (00047000)     _Emif1Regs

00047800    11e0 (00047800)     _Emif2Regs

00050000    1400 (00050000)     _IpcRegs
00050024    1400 (00050000)     _FlashPumpSemaphoreRegs

0005d200    1748 (0005d200)     _ClkCfgRegs

0005d300    174c (0005d300)     _CpuSysRegs

0005f000    17c0 (0005f000)     _DcsmZ1Regs

0005f040    17c1 (0005f040)     _DcsmZ2Regs
0005f070    17c1 (0005f040)     _DcsmCommonRegs

0005f400    17d0 (0005f400)     _MemCfgRegs

0005f480    17d2 (0005f480)     _Emif1ConfigRegs

0005f4c0    17d3 (0005f4c0)     _AccessProtectionRegs

0005f500    17d4 (0005f500)     _MemoryErrorRegs

0005f800    17e0 (0005f800)     _Flash0CtrlRegs

0005fb00    17ec (0005fb00)     _Flash0EccRegs


GLOBAL SYMBOLS: SORTED ALPHABETICALLY BY Name 

page  address   name                            
----  -------   ----                            
abs   ffffffff  .text                           
0     00009b36  C$$EXIT                         
0     00009423  C$$IO$$                         
0     00009334  FD$$ADD                         
0     00009ae2  FD$$CMP                         
0     00009465  FD$$DIV                         
0     000094f0  FD$$MPY                         
0     00009de6  FD$$NEG                         
0     0000b7f1  FD$$SUB                         
0     00009c66  FD$$TOI                         
0     00009c87  FD$$TOL                         
0     00009cfe  FS$$TOFD                        
0     00009cc4  I$$TOFD                         
0     00009b0c  L$$DIV                          
0     00009b1b  L$$MOD                          
0     00009d1a  L$$TOFD                         
0     00009d68  LL$$AND                         
0     00009ca6  LL$$CMP                         
0     000085f5  LL$$DIV                         
0     00008631  LL$$MOD                         
0     00009d70  LL$$OR                          
0     00009d78  LL$$XOR                         
0     00009b29  UL$$DIV                         
0     00009b30  UL$$MOD                         
0     00009cb8  ULL$$CMP                        
0     0000866b  ULL$$DIV                        
0     0000869a  ULL$$MOD                        
0     000088be  _ADCA1_ISR                      
0     00008b3e  _ADCA2_ISR                      
0     00008b48  _ADCA3_ISR                      
0     00008b52  _ADCA4_ISR                      
0     00008b34  _ADCA_EVT_ISR                   
0     000088c8  _ADCB1_ISR                      
0     00008b66  _ADCB2_ISR                      
0     00008b70  _ADCB3_ISR                      
0     00008b7a  _ADCB4_ISR                      
0     00008b5c  _ADCB_EVT_ISR                   
0     000088d2  _ADCC1_ISR                      
0     00008cce  _ADCC2_ISR                      
0     00008cd8  _ADCC3_ISR                      
0     00008ce2  _ADCC4_ISR                      
0     00008cc4  _ADCC_EVT_ISR                   
0     000088f0  _ADCD1_ISR                      
0     00008cf6  _ADCD2_ISR                      
0     00008d00  _ADCD3_ISR                      
0     00008d0a  _ADCD4_ISR                      
0     00008cec  _ADCD_EVT_ISR                   
0     00008d46  _AUX_PLL_SLIP_ISR               
1     0005f4c0  _AccessProtectionRegs           
1     00007400  _AdcaRegs                       
1     00000b00  _AdcaResultRegs                 
1     00007480  _AdcbRegs                       
1     00000b20  _AdcbResultRegs                 
1     00007500  _AdccRegs                       
1     00000b40  _AdccResultRegs                 
1     00007580  _AdcdRegs                       
1     00000b60  _AdcdResultRegs                 
0     00008f70  _AuxAuxClkSel                   
0     00008f5a  _AuxIntOsc2Sel                  
0     00008f64  _AuxXtalOscSel                  
0     00008b0c  _CANA0_ISR                      
0     00008b16  _CANA1_ISR                      
0     00008b20  _CANB0_ISR                      
0     00008b2a  _CANB1_ISR                      
0     00008b84  _CLA1_1_ISR                     
0     00008b8e  _CLA1_2_ISR                     
0     00008b98  _CLA1_3_ISR                     
0     00008ba2  _CLA1_4_ISR                     
0     00008bac  _CLA1_5_ISR                     
0     00008bb6  _CLA1_6_ISR                     
0     00008bc0  _CLA1_7_ISR                     
0     00008bca  _CLA1_8_ISR                     
0     00008d50  _CLA_OVERFLOW_ISR               
0     00008d5a  _CLA_UNDERFLOW_ISR              
1     00001400  _Cla1Regs                       
0     00000ce0  _Cla1SoftIntRegs                
1     0005d200  _ClkCfgRegs                     
1     00005c80  _Cmpss1Regs                     
1     00005ca0  _Cmpss2Regs                     
1     00005cc0  _Cmpss3Regs                     
1     00005ce0  _Cmpss4Regs                     
1     00005d00  _Cmpss5Regs                     
1     00005d20  _Cmpss6Regs                     
1     00005d40  _Cmpss7Regs                     
1     00005d60  _Cmpss8Regs                     
1     0005d300  _CpuSysRegs                     
1     00000c00  _CpuTimer0Regs                  
1     00000c08  _CpuTimer1Regs                  
1     00000c10  _CpuTimer2Regs                  
0     00008f19  _CsmUnlock                      
0     00008814  _DATALOG_ISR                    
0     00008a58  _DMA_CH1_ISR                    
0     00008a62  _DMA_CH2_ISR                    
0     00008a6c  _DMA_CH3_ISR                    
0     00008a76  _DMA_CH4_ISR                    
0     00008a80  _DMA_CH5_ISR                    
0     00008a8a  _DMA_CH6_ISR                    
1     00005c00  _DacaRegs                       
1     00005c10  _DacbRegs                       
1     00005c20  _DaccRegs                       
1     0005f070  _DcsmCommonRegs                 
1     0005f000  _DcsmZ1Regs                     
1     0005f040  _DcsmZ2Regs                     
0     00008e43  _DisableDog                     
0     00008e04  _DisablePeripheralClocks        
1     00007980  _DmaClaSrcSelRegs               
1     00001000  _DmaRegs                        
0     000089ae  _ECAP1_ISR                      
0     000089b8  _ECAP2_ISR                      
0     000089c2  _ECAP3_ISR                      
0     000089cc  _ECAP4_ISR                      
0     000089d6  _ECAP5_ISR                      
0     000089e0  _ECAP6_ISR                      
1     00005000  _ECap1Regs                      
1     00005020  _ECap2Regs                      
1     00005040  _ECap3Regs                      
1     00005060  _ECap4Regs                      
1     00005080  _ECap5Regs                      
1     000050a0  _ECap6Regs                      
0     00008d14  _EMIF_ERROR_ISR                 
0     00008d6e  _EMPTY_ISR                      
0     00008828  _EMU_ISR                        
0     00008c6a  _EPWM10_ISR                     
0     00008c42  _EPWM10_TZ_ISR                  
0     00008c74  _EPWM11_ISR                     
0     00008c4c  _EPWM11_TZ_ISR                  
0     00008c7e  _EPWM12_ISR                     
0     00008c56  _EPWM12_TZ_ISR                  
0     0000895e  _EPWM1_ISR                      
0     0000890e  _EPWM1_TZ_ISR                   
0     00008968  _EPWM2_ISR                      
0     00008918  _EPWM2_TZ_ISR                   
0     00008972  _EPWM3_ISR                      
0     00008922  _EPWM3_TZ_ISR                   
0     0000897c  _EPWM4_ISR                      
0     0000892c  _EPWM4_TZ_ISR                   
0     00008986  _EPWM5_ISR                      
0     00008936  _EPWM5_TZ_ISR                   
0     00008990  _EPWM6_ISR                      
0     00008940  _EPWM6_TZ_ISR                   
0     0000899a  _EPWM7_ISR                      
0     0000894a  _EPWM7_TZ_ISR                   
0     000089a4  _EPWM8_ISR                      
0     00008954  _EPWM8_TZ_ISR                   
0     00008c60  _EPWM9_ISR                      
0     00008c38  _EPWM9_TZ_ISR                   
1     00004900  _EPwm10Regs                     
1     00004a00  _EPwm11Regs                     
1     00004b00  _EPwm12Regs                     
1     00004000  _EPwm1Regs                      
1     00004100  _EPwm2Regs                      
1     00004200  _EPwm3Regs                      
1     00004300  _EPwm4Regs                      
1     00004400  _EPwm5Regs                      
1     00004500  _EPwm6Regs                      
1     00004600  _EPwm7Regs                      
1     00004700  _EPwm8Regs                      
1     00004800  _EPwm9Regs                      
0     000089ea  _EQEP1_ISR                      
0     000089f4  _EQEP2_ISR                      
0     000089fe  _EQEP3_ISR                      
1     00005100  _EQep1Regs                      
1     00005140  _EQep2Regs                      
1     00005180  _EQep3Regs                      
1     0005f480  _Emif1ConfigRegs                
1     00047000  _Emif1Regs                      
1     00047800  _Emif2Regs                      
1     00000d01  _EmuBMode                       
1     00000d00  _EmuKey                         
0     00009b7e  _EnableInterrupts               
0     000000fd  _F28x_usDelay                   
0     00008d28  _FLASH_CORRECTABLE_ERROR_ISR    
0     00008bfc  _FPU_OVERFLOW_ISR               
0     00008c06  _FPU_UNDERFLOW_ISR              
1     0005f800  _Flash0CtrlRegs                 
1     0005fb00  _Flash0EccRegs                  
1     00050024  _FlashPumpSemaphoreRegs         
1     00007f00  _GpioDataRegs                   
0     00008f8e  _HALT                           
0     00008f91  _HIB                            
0     00009b87  _HOSTclose                      
0     000087a5  _HOSTlseek                      
0     00009975  _HOSTopen                       
0     000099e4  _HOSTread                       
0     000098fa  _HOSTrename                     
0     00009c1e  _HOSTunlink                     
0     000099ad  _HOSTwrite                      
0     00008a9e  _I2CA_FIFO_ISR                  
0     00008a94  _I2CA_ISR                       
0     00008ab2  _I2CB_FIFO_ISR                  
0     00008aa8  _I2CB_ISR                       
1     00007300  _I2caRegs                       
1     00007340  _I2cbRegs                       
0     00008f7a  _IDLE                           
0     0000883c  _ILLEGAL_ISR                    
0     00008c10  _IPC0_ISR                       
0     00008c1a  _IPC1_ISR                       
0     00008c24  _IPC2_ISR                       
0     00008c2e  _IPC3_ISR                       
0     00008e51  _InitAuxPll                     
0     00008d8a  _InitPeripheralClocks           
0     00009b5f  _InitPieCtrl                    
0     00009bae  _InitPieVectTable               
0     00008d85  _InitSysCtrl                    
1     00050000  _IpcRegs                        
0     00008a30  _MCBSPA_RX_ISR                  
0     00008a3a  _MCBSPA_TX_ISR                  
0     00008a44  _MCBSPB_RX_ISR                  
0     00008a4e  _MCBSPB_TX_ISR                  
1     00006000  _McbspaRegs                     
1     00006040  _McbspbRegs                     
1     0005f400  _MemCfgRegs                     
1     0005f500  _MemoryErrorRegs                
0     00008832  _NMI_ISR                        
0     00008d7b  _NOTUSED_ISR                    
1     00007060  _NmiIntruptRegs                 
0     00008d64  _PIE_RESERVED_ISR               
1     00000ce0  _PieCtrlRegs                    
1     00000d00  _PieVectTable                   
1     0000ac00  _PieVectTableInit               
0     00008d32  _RAM_ACCESS_VIOLATION_ISR       
0     00008d1e  _RAM_CORRECTABLE_ERROR_ISR      
0     0000881e  _RTOS_ISR                       
0     00008e2b  _ReleaseFlashPump               
0     00008ae4  _SCIA_RX_ISR                    
0     00008aee  _SCIA_TX_ISR                    
0     00008af8  _SCIB_RX_ISR                    
0     00008b02  _SCIB_TX_ISR                    
0     00008abc  _SCIC_RX_ISR                    
0     00008ac6  _SCIC_TX_ISR                    
0     00008ad0  _SCID_RX_ISR                    
0     00008ada  _SCID_TX_ISR                    
0     00008c88  _SD1_ISR                        
0     00008c92  _SD2_ISR                        
0     00008a08  _SPIA_RX_ISR                    
0     00008a12  _SPIA_TX_ISR                    
0     00008a1c  _SPIB_RX_ISR                    
0     00008a26  _SPIB_TX_ISR                    
0     00008c9c  _SPIC_RX_ISR                    
0     00008ca6  _SPIC_TX_ISR                    
0     00008f83  _STANDBY                        
0     00008d3c  _SYS_PLL_SLIP_ISR               
1     00007200  _SciaRegs                       
1     00007210  _ScibRegs                       
1     00007220  _ScicRegs                       
1     00007230  _ScidRegs                       
1     00005e00  _Sdfm1Regs                      
1     00005e80  _Sdfm2Regs                      
0     00008e1c  _SeizeFlashPump                 
0     00008e35  _ServiceDog                     
1     00006100  _SpiaRegs                       
1     00006110  _SpibRegs                       
1     00006120  _SpicRegs                       
0     00008f3a  _SysIntOsc1Sel                  
0     00008f44  _SysIntOsc2Sel                  
0     00008f4e  _SysXtalOscSel                  
0     000088fa  _TIMER0_ISR                     
0     00008800  _TIMER1_ISR                     
0     0000880a  _TIMER2_ISR                     
0     00008cb0  _UPPA_ISR                       
0     00008cba  _USBA_ISR                       
0     000088a0  _USER10_ISR                     
0     000088aa  _USER11_ISR                     
0     000088b4  _USER12_ISR                     
0     00008846  _USER1_ISR                      
0     00008850  _USER2_ISR                      
0     0000885a  _USER3_ISR                      
0     00008864  _USER4_ISR                      
0     0000886e  _USER5_ISR                      
0     00008878  _USER6_ISR                      
0     00008882  _USER7_ISR                      
0     0000888c  _USER8_ISR                      
0     00008896  _USER9_ISR                      
0     00008bf2  _VCU_ISR                        
0     00008904  _WAKE_ISR                       
1     00007000  _WdRegs                         
0     000088dc  _XINT1_ISR                      
0     000088e6  _XINT2_ISR                      
0     00008bd4  _XINT3_ISR                      
0     00008bde  _XINT4_ISR                      
0     00008be8  _XINT5_ISR                      
1     00007070  _XintRegs                       
1     00000600  __CIOBUF_                       
1     00000600  __STACK_END                     
abs   00000200  __STACK_SIZE                    
abs   00000400  __SYSMEM_SIZE                   
0     0000b76f  ___TI_cleanup                   
1     0000b8aa  ___TI_cleanup_ptr               
0     00009733  ___TI_closefile                 
0     000095ef  ___TI_doflush                   
1     0000b8ac  ___TI_dtors_ptr                 
1     0000b8a8  ___TI_enable_exit_profile_output
1     0000b8b8  ___TI_ft_end                    
0     0000928a  ___TI_heap_check                
0     0000926d  ___TI_heap_largest_available    
0     00009250  ___TI_heap_total_available      
0     00009ab2  ___TI_ltoa                      
abs   ffffffff  ___TI_pprof_out_hndl            
0     00008470  ___TI_printfi                   
abs   ffffffff  ___TI_prof_data_size            
abs   ffffffff  ___TI_prof_data_start           
0     00008fce  ___TI_rd_ok                     
0     00009428  ___TI_readmsg                   
1     0000b800  ___TI_tmpnams                   
0     000093d0  ___TI_writemsg                  
0     00008f94  ___TI_wrt_ok                    
abs   ffffffff  ___binit__                      
abs   ffffffff  ___c_args__                     
0     00000080  ___cinit__                      
abs   ffffffff  ___etext__                      
abs   ffffffff  ___pinit__                      
abs   ffffffff  ___text__                       
0     00009d98  __args_main                     
1     0000adc0  __ctypes_                       
1     0000b940  __device                        
1     0000b8c0  __ftable                        
1     0000b8b4  __lock                          
0     00009de5  __nop                           
0     00009de1  __register_lock                 
0     00009ddd  __register_unlock               
1     00000400  __stack                         
1     0000b988  __stream                        
1     0000a800  __sys_memory                    
0     0000b7ff  __system_post_cinit             
0     00009e10  __system_pre_init               
1     0000b8b6  __unlock                        
0     00009b36  _abort                          
0     000091aa  _aligned_alloc                  
0     00009a81  _atoi                           
0     00009800  _c_int00                        
0     0000917d  _calloc                         
0     00009a4e  _close                          
0     00009bfa  _copy_in                        
0     00009c42  _copysignl                      
1     0000b8b9  _errno                          
0     00009b38  _exit                           
0     00009777  _fclose                         
0     0000961e  _fflush                         
0     000098a9  _finddevice                     
0     0000b7aa  _fopen                          
0     00009856  _fputc                          
0     0000928c  _fputs                          
0     0000902b  _free                           
0     0000b78c  _freopen                        
0     00009790  _frexpl                         
0     00009938  _fseek                          
0     00009938  _fseeko                         
0     000098c4  _getdevice                      
0     000096d3  _ipc2_isr                       
0     000086fc  _ldexpl                         
0     00009d80  _lseek                          
0     00009bd4  _main                           
0     00009000  _malloc                         
0     000091aa  _memalign                       
0     00009daa  _memccpy                        
0     00009dba  _memchr                         
0     00009ce1  _memcpy                         
0     00008ff9  _memset                         
0     00009179  _minit                          
0     00009662  _open                           
1     0000b8a0  _parmbuf                        
1     0000b8b2  _pointer                        
0     00009a20  _printf                         
0     00009856  _putc                           
0     000098a4  _putchar                        
0     00009321  _puts                           
0     000090f5  _realloc                        
1     0000b9c0  _received                       
0     00009e0d  _remove                         
0     000086fc  _scalbnl                        
0     00009573  _setvbuf                        
0     00009dc7  _strchr                         
0     00009dd3  _strcmp                         
0     00009e08  _strcpy                         
0     00009e00  _strlen                         
0     000097ea  _strncpy                        
0     00009d36  _unlink                         
0     00009def  _wcslen                         
0     00009d4f  _write                          
abs   ffffffff  binit                           
0     00000080  cinit                           
0     00000000  code_start                      
abs   ffffffff  etext                           
abs   ffffffff  pinit                           


GLOBAL SYMBOLS: SORTED BY Symbol Address 

page  address   name                            
----  -------   ----                            
0     00000000  code_start                      
0     00000080  ___cinit__                      
0     00000080  cinit                           
0     000000fd  _F28x_usDelay                   
0     00000ce0  _Cla1SoftIntRegs                
0     00008470  ___TI_printfi                   
0     000085f5  LL$$DIV                         
0     00008631  LL$$MOD                         
0     0000866b  ULL$$DIV                        
0     0000869a  ULL$$MOD                        
0     000086fc  _ldexpl                         
0     000086fc  _scalbnl                        
0     000087a5  _HOSTlseek                      
0     00008800  _TIMER1_ISR                     
0     0000880a  _TIMER2_ISR                     
0     00008814  _DATALOG_ISR                    
0     0000881e  _RTOS_ISR                       
0     00008828  _EMU_ISR                        
0     00008832  _NMI_ISR                        
0     0000883c  _ILLEGAL_ISR                    
0     00008846  _USER1_ISR                      
0     00008850  _USER2_ISR                      
0     0000885a  _USER3_ISR                      
0     00008864  _USER4_ISR                      
0     0000886e  _USER5_ISR                      
0     00008878  _USER6_ISR                      
0     00008882  _USER7_ISR                      
0     0000888c  _USER8_ISR                      
0     00008896  _USER9_ISR                      
0     000088a0  _USER10_ISR                     
0     000088aa  _USER11_ISR                     
0     000088b4  _USER12_ISR                     
0     000088be  _ADCA1_ISR                      
0     000088c8  _ADCB1_ISR                      
0     000088d2  _ADCC1_ISR                      
0     000088dc  _XINT1_ISR                      
0     000088e6  _XINT2_ISR                      
0     000088f0  _ADCD1_ISR                      
0     000088fa  _TIMER0_ISR                     
0     00008904  _WAKE_ISR                       
0     0000890e  _EPWM1_TZ_ISR                   
0     00008918  _EPWM2_TZ_ISR                   
0     00008922  _EPWM3_TZ_ISR                   
0     0000892c  _EPWM4_TZ_ISR                   
0     00008936  _EPWM5_TZ_ISR                   
0     00008940  _EPWM6_TZ_ISR                   
0     0000894a  _EPWM7_TZ_ISR                   
0     00008954  _EPWM8_TZ_ISR                   
0     0000895e  _EPWM1_ISR                      
0     00008968  _EPWM2_ISR                      
0     00008972  _EPWM3_ISR                      
0     0000897c  _EPWM4_ISR                      
0     00008986  _EPWM5_ISR                      
0     00008990  _EPWM6_ISR                      
0     0000899a  _EPWM7_ISR                      
0     000089a4  _EPWM8_ISR                      
0     000089ae  _ECAP1_ISR                      
0     000089b8  _ECAP2_ISR                      
0     000089c2  _ECAP3_ISR                      
0     000089cc  _ECAP4_ISR                      
0     000089d6  _ECAP5_ISR                      
0     000089e0  _ECAP6_ISR                      
0     000089ea  _EQEP1_ISR                      
0     000089f4  _EQEP2_ISR                      
0     000089fe  _EQEP3_ISR                      
0     00008a08  _SPIA_RX_ISR                    
0     00008a12  _SPIA_TX_ISR                    
0     00008a1c  _SPIB_RX_ISR                    
0     00008a26  _SPIB_TX_ISR                    
0     00008a30  _MCBSPA_RX_ISR                  
0     00008a3a  _MCBSPA_TX_ISR                  
0     00008a44  _MCBSPB_RX_ISR                  
0     00008a4e  _MCBSPB_TX_ISR                  
0     00008a58  _DMA_CH1_ISR                    
0     00008a62  _DMA_CH2_ISR                    
0     00008a6c  _DMA_CH3_ISR                    
0     00008a76  _DMA_CH4_ISR                    
0     00008a80  _DMA_CH5_ISR                    
0     00008a8a  _DMA_CH6_ISR                    
0     00008a94  _I2CA_ISR                       
0     00008a9e  _I2CA_FIFO_ISR                  
0     00008aa8  _I2CB_ISR                       
0     00008ab2  _I2CB_FIFO_ISR                  
0     00008abc  _SCIC_RX_ISR                    
0     00008ac6  _SCIC_TX_ISR                    
0     00008ad0  _SCID_RX_ISR                    
0     00008ada  _SCID_TX_ISR                    
0     00008ae4  _SCIA_RX_ISR                    
0     00008aee  _SCIA_TX_ISR                    
0     00008af8  _SCIB_RX_ISR                    
0     00008b02  _SCIB_TX_ISR                    
0     00008b0c  _CANA0_ISR                      
0     00008b16  _CANA1_ISR                      
0     00008b20  _CANB0_ISR                      
0     00008b2a  _CANB1_ISR                      
0     00008b34  _ADCA_EVT_ISR                   
0     00008b3e  _ADCA2_ISR                      
0     00008b48  _ADCA3_ISR                      
0     00008b52  _ADCA4_ISR                      
0     00008b5c  _ADCB_EVT_ISR                   
0     00008b66  _ADCB2_ISR                      
0     00008b70  _ADCB3_ISR                      
0     00008b7a  _ADCB4_ISR                      
0     00008b84  _CLA1_1_ISR                     
0     00008b8e  _CLA1_2_ISR                     
0     00008b98  _CLA1_3_ISR                     
0     00008ba2  _CLA1_4_ISR                     
0     00008bac  _CLA1_5_ISR                     
0     00008bb6  _CLA1_6_ISR                     
0     00008bc0  _CLA1_7_ISR                     
0     00008bca  _CLA1_8_ISR                     
0     00008bd4  _XINT3_ISR                      
0     00008bde  _XINT4_ISR                      
0     00008be8  _XINT5_ISR                      
0     00008bf2  _VCU_ISR                        
0     00008bfc  _FPU_OVERFLOW_ISR               
0     00008c06  _FPU_UNDERFLOW_ISR              
0     00008c10  _IPC0_ISR                       
0     00008c1a  _IPC1_ISR                       
0     00008c24  _IPC2_ISR                       
0     00008c2e  _IPC3_ISR                       
0     00008c38  _EPWM9_TZ_ISR                   
0     00008c42  _EPWM10_TZ_ISR                  
0     00008c4c  _EPWM11_TZ_ISR                  
0     00008c56  _EPWM12_TZ_ISR                  
0     00008c60  _EPWM9_ISR                      
0     00008c6a  _EPWM10_ISR                     
0     00008c74  _EPWM11_ISR                     
0     00008c7e  _EPWM12_ISR                     
0     00008c88  _SD1_ISR                        
0     00008c92  _SD2_ISR                        
0     00008c9c  _SPIC_RX_ISR                    
0     00008ca6  _SPIC_TX_ISR                    
0     00008cb0  _UPPA_ISR                       
0     00008cba  _USBA_ISR                       
0     00008cc4  _ADCC_EVT_ISR                   
0     00008cce  _ADCC2_ISR                      
0     00008cd8  _ADCC3_ISR                      
0     00008ce2  _ADCC4_ISR                      
0     00008cec  _ADCD_EVT_ISR                   
0     00008cf6  _ADCD2_ISR                      
0     00008d00  _ADCD3_ISR                      
0     00008d0a  _ADCD4_ISR                      
0     00008d14  _EMIF_ERROR_ISR                 
0     00008d1e  _RAM_CORRECTABLE_ERROR_ISR      
0     00008d28  _FLASH_CORRECTABLE_ERROR_ISR    
0     00008d32  _RAM_ACCESS_VIOLATION_ISR       
0     00008d3c  _SYS_PLL_SLIP_ISR               
0     00008d46  _AUX_PLL_SLIP_ISR               
0     00008d50  _CLA_OVERFLOW_ISR               
0     00008d5a  _CLA_UNDERFLOW_ISR              
0     00008d64  _PIE_RESERVED_ISR               
0     00008d6e  _EMPTY_ISR                      
0     00008d7b  _NOTUSED_ISR                    
0     00008d85  _InitSysCtrl                    
0     00008d8a  _InitPeripheralClocks           
0     00008e04  _DisablePeripheralClocks        
0     00008e1c  _SeizeFlashPump                 
0     00008e2b  _ReleaseFlashPump               
0     00008e35  _ServiceDog                     
0     00008e43  _DisableDog                     
0     00008e51  _InitAuxPll                     
0     00008f19  _CsmUnlock                      
0     00008f3a  _SysIntOsc1Sel                  
0     00008f44  _SysIntOsc2Sel                  
0     00008f4e  _SysXtalOscSel                  
0     00008f5a  _AuxIntOsc2Sel                  
0     00008f64  _AuxXtalOscSel                  
0     00008f70  _AuxAuxClkSel                   
0     00008f7a  _IDLE                           
0     00008f83  _STANDBY                        
0     00008f8e  _HALT                           
0     00008f91  _HIB                            
0     00008f94  ___TI_wrt_ok                    
0     00008fce  ___TI_rd_ok                     
0     00008ff9  _memset                         
0     00009000  _malloc                         
0     0000902b  _free                           
0     000090f5  _realloc                        
0     00009179  _minit                          
0     0000917d  _calloc                         
0     000091aa  _aligned_alloc                  
0     000091aa  _memalign                       
0     00009250  ___TI_heap_total_available      
0     0000926d  ___TI_heap_largest_available    
0     0000928a  ___TI_heap_check                
0     0000928c  _fputs                          
0     00009321  _puts                           
0     00009334  FD$$ADD                         
0     000093d0  ___TI_writemsg                  
0     00009423  C$$IO$$                         
0     00009428  ___TI_readmsg                   
0     00009465  FD$$DIV                         
0     000094f0  FD$$MPY                         
0     00009573  _setvbuf                        
0     000095ef  ___TI_doflush                   
0     0000961e  _fflush                         
0     00009662  _open                           
0     000096d3  _ipc2_isr                       
0     00009733  ___TI_closefile                 
0     00009777  _fclose                         
0     00009790  _frexpl                         
0     000097ea  _strncpy                        
0     00009800  _c_int00                        
0     00009856  _fputc                          
0     00009856  _putc                           
0     000098a4  _putchar                        
0     000098a9  _finddevice                     
0     000098c4  _getdevice                      
0     000098fa  _HOSTrename                     
0     00009938  _fseek                          
0     00009938  _fseeko                         
0     00009975  _HOSTopen                       
0     000099ad  _HOSTwrite                      
0     000099e4  _HOSTread                       
0     00009a20  _printf                         
0     00009a4e  _close                          
0     00009a81  _atoi                           
0     00009ab2  ___TI_ltoa                      
0     00009ae2  FD$$CMP                         
0     00009b0c  L$$DIV                          
0     00009b1b  L$$MOD                          
0     00009b29  UL$$DIV                         
0     00009b30  UL$$MOD                         
0     00009b36  C$$EXIT                         
0     00009b36  _abort                          
0     00009b38  _exit                           
0     00009b5f  _InitPieCtrl                    
0     00009b7e  _EnableInterrupts               
0     00009b87  _HOSTclose                      
0     00009bae  _InitPieVectTable               
0     00009bd4  _main                           
0     00009bfa  _copy_in                        
0     00009c1e  _HOSTunlink                     
0     00009c42  _copysignl                      
0     00009c66  FD$$TOI                         
0     00009c87  FD$$TOL                         
0     00009ca6  LL$$CMP                         
0     00009cb8  ULL$$CMP                        
0     00009cc4  I$$TOFD                         
0     00009ce1  _memcpy                         
0     00009cfe  FS$$TOFD                        
0     00009d1a  L$$TOFD                         
0     00009d36  _unlink                         
0     00009d4f  _write                          
0     00009d68  LL$$AND                         
0     00009d70  LL$$OR                          
0     00009d78  LL$$XOR                         
0     00009d80  _lseek                          
0     00009d98  __args_main                     
0     00009daa  _memccpy                        
0     00009dba  _memchr                         
0     00009dc7  _strchr                         
0     00009dd3  _strcmp                         
0     00009ddd  __register_unlock               
0     00009de1  __register_lock                 
0     00009de5  __nop                           
0     00009de6  FD$$NEG                         
0     00009def  _wcslen                         
0     00009e00  _strlen                         
0     00009e08  _strcpy                         
0     00009e0d  _remove                         
0     00009e10  __system_pre_init               
0     0000b76f  ___TI_cleanup                   
0     0000b78c  _freopen                        
0     0000b7aa  _fopen                          
0     0000b7f1  FD$$SUB                         
0     0000b7ff  __system_post_cinit             
1     00000400  __stack                         
1     00000600  __CIOBUF_                       
1     00000600  __STACK_END                     
1     00000b00  _AdcaResultRegs                 
1     00000b20  _AdcbResultRegs                 
1     00000b40  _AdccResultRegs                 
1     00000b60  _AdcdResultRegs                 
1     00000c00  _CpuTimer0Regs                  
1     00000c08  _CpuTimer1Regs                  
1     00000c10  _CpuTimer2Regs                  
1     00000ce0  _PieCtrlRegs                    
1     00000d00  _EmuKey                         
1     00000d00  _PieVectTable                   
1     00000d01  _EmuBMode                       
1     00001000  _DmaRegs                        
1     00001400  _Cla1Regs                       
1     00004000  _EPwm1Regs                      
1     00004100  _EPwm2Regs                      
1     00004200  _EPwm3Regs                      
1     00004300  _EPwm4Regs                      
1     00004400  _EPwm5Regs                      
1     00004500  _EPwm6Regs                      
1     00004600  _EPwm7Regs                      
1     00004700  _EPwm8Regs                      
1     00004800  _EPwm9Regs                      
1     00004900  _EPwm10Regs                     
1     00004a00  _EPwm11Regs                     
1     00004b00  _EPwm12Regs                     
1     00005000  _ECap1Regs                      
1     00005020  _ECap2Regs                      
1     00005040  _ECap3Regs                      
1     00005060  _ECap4Regs                      
1     00005080  _ECap5Regs                      
1     000050a0  _ECap6Regs                      
1     00005100  _EQep1Regs                      
1     00005140  _EQep2Regs                      
1     00005180  _EQep3Regs                      
1     00005c00  _DacaRegs                       
1     00005c10  _DacbRegs                       
1     00005c20  _DaccRegs                       
1     00005c80  _Cmpss1Regs                     
1     00005ca0  _Cmpss2Regs                     
1     00005cc0  _Cmpss3Regs                     
1     00005ce0  _Cmpss4Regs                     
1     00005d00  _Cmpss5Regs                     
1     00005d20  _Cmpss6Regs                     
1     00005d40  _Cmpss7Regs                     
1     00005d60  _Cmpss8Regs                     
1     00005e00  _Sdfm1Regs                      
1     00005e80  _Sdfm2Regs                      
1     00006000  _McbspaRegs                     
1     00006040  _McbspbRegs                     
1     00006100  _SpiaRegs                       
1     00006110  _SpibRegs                       
1     00006120  _SpicRegs                       
1     00007000  _WdRegs                         
1     00007060  _NmiIntruptRegs                 
1     00007070  _XintRegs                       
1     00007200  _SciaRegs                       
1     00007210  _ScibRegs                       
1     00007220  _ScicRegs                       
1     00007230  _ScidRegs                       
1     00007300  _I2caRegs                       
1     00007340  _I2cbRegs                       
1     00007400  _AdcaRegs                       
1     00007480  _AdcbRegs                       
1     00007500  _AdccRegs                       
1     00007580  _AdcdRegs                       
1     00007980  _DmaClaSrcSelRegs               
1     00007f00  _GpioDataRegs                   
1     0000a800  __sys_memory                    
1     0000ac00  _PieVectTableInit               
1     0000adc0  __ctypes_                       
1     0000b800  ___TI_tmpnams                   
1     0000b8a0  _parmbuf                        
1     0000b8a8  ___TI_enable_exit_profile_output
1     0000b8aa  ___TI_cleanup_ptr               
1     0000b8ac  ___TI_dtors_ptr                 
1     0000b8b2  _pointer                        
1     0000b8b4  __lock                          
1     0000b8b6  __unlock                        
1     0000b8b8  ___TI_ft_end                    
1     0000b8b9  _errno                          
1     0000b8c0  __ftable                        
1     0000b940  __device                        
1     0000b988  __stream                        
1     0000b9c0  _received                       
1     00047000  _Emif1Regs                      
1     00047800  _Emif2Regs                      
1     00050000  _IpcRegs                        
1     00050024  _FlashPumpSemaphoreRegs         
1     0005d200  _ClkCfgRegs                     
1     0005d300  _CpuSysRegs                     
1     0005f000  _DcsmZ1Regs                     
1     0005f040  _DcsmZ2Regs                     
1     0005f070  _DcsmCommonRegs                 
1     0005f400  _MemCfgRegs                     
1     0005f480  _Emif1ConfigRegs                
1     0005f4c0  _AccessProtectionRegs           
1     0005f500  _MemoryErrorRegs                
1     0005f800  _Flash0CtrlRegs                 
1     0005fb00  _Flash0EccRegs                  
abs   00000200  __STACK_SIZE                    
abs   00000400  __SYSMEM_SIZE                   
abs   ffffffff  .text                           
abs   ffffffff  ___TI_pprof_out_hndl            
abs   ffffffff  ___TI_prof_data_size            
abs   ffffffff  ___TI_prof_data_start           
abs   ffffffff  ___binit__                      
abs   ffffffff  ___c_args__                     
abs   ffffffff  ___etext__                      
abs   ffffffff  ___pinit__                      
abs   ffffffff  ___text__                       
abs   ffffffff  binit                           
abs   ffffffff  etext                           
abs   ffffffff  pinit                           

[384 symbols]
