<?xml version="1.0" encoding="ISO-8859-1" ?>
<link_info>
   <banner>TMS320C2000 Linker Unix v22.6.1.LTS</banner>
   <copyright>Copyright (c) 1996-2018 Texas Instruments Incorporated</copyright>
   <link_time>0x673a21ee</link_time>
   <link_errors>0x0</link_errors>
   <output_file>empty_driverlib_project.out</output_file>
   <entry_point>
      <name>code_start</name>
      <address>0x0</address>
   </entry_point>
   <input_file_list>
      <input_file id="fl-1">
         <path>./syscfg/</path>
         <kind>object</kind>
         <file>board.obj</file>
         <name>board.obj</name>
      </input_file>
      <input_file id="fl-2">
         <path>./syscfg/</path>
         <kind>object</kind>
         <file>c2000ware_libraries.obj</file>
         <name>c2000ware_libraries.obj</name>
      </input_file>
      <input_file id="fl-3">
         <path>./</path>
         <kind>object</kind>
         <file>empty_driverlib_main.obj</file>
         <name>empty_driverlib_main.obj</name>
      </input_file>
      <input_file id="fl-4">
         <path>./device/</path>
         <kind>object</kind>
         <file>F2837xD_CodeStartBranch.obj</file>
         <name>F2837xD_CodeStartBranch.obj</name>
      </input_file>
      <input_file id="fl-5">
         <path>./device/</path>
         <kind>object</kind>
         <file>device.obj</file>
         <name>device.obj</name>
      </input_file>
      <input_file id="fl-a">
         <kind>object</kind>
         <file>&lt;internal&gt;</file>
         <name>&lt;internal&gt;</name>
      </input_file>
      <input_file id="fl-e">
         <path>/Users/joshfeather/ti/C2000Ware_5_03_00_00/driverlib/f2837xd/driverlib/ccs/Debug/</path>
         <kind>archive</kind>
         <file>driverlib_eabi.lib</file>
         <name>gpio.obj</name>
      </input_file>
      <input_file id="fl-f">
         <path>/Users/joshfeather/ti/C2000Ware_5_03_00_00/driverlib/f2837xd/driverlib/ccs/Debug/</path>
         <kind>archive</kind>
         <file>driverlib_eabi.lib</file>
         <name>interrupt.obj</name>
      </input_file>
      <input_file id="fl-10">
         <path>/Users/joshfeather/ti/C2000Ware_5_03_00_00/driverlib/f2837xd/driverlib/ccs/Debug/</path>
         <kind>archive</kind>
         <file>driverlib_eabi.lib</file>
         <name>sysctl.obj</name>
      </input_file>
      <input_file id="fl-1c">
         <path>/Applications/ti/ccs1280/ccs/tools/compiler/ti-cgt-c2000_22.6.1.LTS/lib/</path>
         <kind>archive</kind>
         <file>rts2800_fpu32_eabi.lib</file>
         <name>printf.c.obj</name>
      </input_file>
      <input_file id="fl-1d">
         <path>/Applications/ti/ccs1280/ccs/tools/compiler/ti-cgt-c2000_22.6.1.LTS/lib/</path>
         <kind>archive</kind>
         <file>rts2800_fpu32_eabi.lib</file>
         <name>_printfi.c.obj</name>
      </input_file>
      <input_file id="fl-1e">
         <path>/Applications/ti/ccs1280/ccs/tools/compiler/ti-cgt-c2000_22.6.1.LTS/lib/</path>
         <kind>archive</kind>
         <file>rts2800_fpu32_eabi.lib</file>
         <name>sprintf.c.obj</name>
      </input_file>
      <input_file id="fl-1f">
         <path>/Applications/ti/ccs1280/ccs/tools/compiler/ti-cgt-c2000_22.6.1.LTS/lib/</path>
         <kind>archive</kind>
         <file>rts2800_fpu32_eabi.lib</file>
         <name>fputc.c.obj</name>
      </input_file>
      <input_file id="fl-20">
         <path>/Applications/ti/ccs1280/ccs/tools/compiler/ti-cgt-c2000_22.6.1.LTS/lib/</path>
         <kind>archive</kind>
         <file>rts2800_fpu32_eabi.lib</file>
         <name>fputs.c.obj</name>
      </input_file>
      <input_file id="fl-21">
         <path>/Applications/ti/ccs1280/ccs/tools/compiler/ti-cgt-c2000_22.6.1.LTS/lib/</path>
         <kind>archive</kind>
         <file>rts2800_fpu32_eabi.lib</file>
         <name>_io_perm.c.obj</name>
      </input_file>
      <input_file id="fl-22">
         <path>/Applications/ti/ccs1280/ccs/tools/compiler/ti-cgt-c2000_22.6.1.LTS/lib/</path>
         <kind>archive</kind>
         <file>rts2800_fpu32_eabi.lib</file>
         <name>setvbuf.c.obj</name>
      </input_file>
      <input_file id="fl-23">
         <path>/Applications/ti/ccs1280/ccs/tools/compiler/ti-cgt-c2000_22.6.1.LTS/lib/</path>
         <kind>archive</kind>
         <file>rts2800_fpu32_eabi.lib</file>
         <name>boot28.asm.obj</name>
      </input_file>
      <input_file id="fl-24">
         <path>/Applications/ti/ccs1280/ccs/tools/compiler/ti-cgt-c2000_22.6.1.LTS/lib/</path>
         <kind>archive</kind>
         <file>rts2800_fpu32_eabi.lib</file>
         <name>fd_cmp28.asm.obj</name>
      </input_file>
      <input_file id="fl-25">
         <path>/Applications/ti/ccs1280/ccs/tools/compiler/ti-cgt-c2000_22.6.1.LTS/lib/</path>
         <kind>archive</kind>
         <file>rts2800_fpu32_eabi.lib</file>
         <name>fd_mpy28.asm.obj</name>
      </input_file>
      <input_file id="fl-26">
         <path>/Applications/ti/ccs1280/ccs/tools/compiler/ti-cgt-c2000_22.6.1.LTS/lib/</path>
         <kind>archive</kind>
         <file>rts2800_fpu32_eabi.lib</file>
         <name>fd_neg28.asm.obj</name>
      </input_file>
      <input_file id="fl-27">
         <path>/Applications/ti/ccs1280/ccs/tools/compiler/ti-cgt-c2000_22.6.1.LTS/lib/</path>
         <kind>archive</kind>
         <file>rts2800_fpu32_eabi.lib</file>
         <name>fd_sub28.asm.obj</name>
      </input_file>
      <input_file id="fl-28">
         <path>/Applications/ti/ccs1280/ccs/tools/compiler/ti-cgt-c2000_22.6.1.LTS/lib/</path>
         <kind>archive</kind>
         <file>rts2800_fpu32_eabi.lib</file>
         <name>fd_toi28.asm.obj</name>
      </input_file>
      <input_file id="fl-29">
         <path>/Applications/ti/ccs1280/ccs/tools/compiler/ti-cgt-c2000_22.6.1.LTS/lib/</path>
         <kind>archive</kind>
         <file>rts2800_fpu32_eabi.lib</file>
         <name>fd_tol28.asm.obj</name>
      </input_file>
      <input_file id="fl-2a">
         <path>/Applications/ti/ccs1280/ccs/tools/compiler/ti-cgt-c2000_22.6.1.LTS/lib/</path>
         <kind>archive</kind>
         <file>rts2800_fpu32_eabi.lib</file>
         <name>fs_div28.asm.obj</name>
      </input_file>
      <input_file id="fl-2b">
         <path>/Applications/ti/ccs1280/ccs/tools/compiler/ti-cgt-c2000_22.6.1.LTS/lib/</path>
         <kind>archive</kind>
         <file>rts2800_fpu32_eabi.lib</file>
         <name>ll_aox28.asm.obj</name>
      </input_file>
      <input_file id="fl-2c">
         <path>/Applications/ti/ccs1280/ccs/tools/compiler/ti-cgt-c2000_22.6.1.LTS/lib/</path>
         <kind>archive</kind>
         <file>rts2800_fpu32_eabi.lib</file>
         <name>ll_cmp28.asm.obj</name>
      </input_file>
      <input_file id="fl-2d">
         <path>/Applications/ti/ccs1280/ccs/tools/compiler/ti-cgt-c2000_22.6.1.LTS/lib/</path>
         <kind>archive</kind>
         <file>rts2800_fpu32_eabi.lib</file>
         <name>ll_div28.asm.obj</name>
      </input_file>
      <input_file id="fl-2e">
         <path>/Applications/ti/ccs1280/ccs/tools/compiler/ti-cgt-c2000_22.6.1.LTS/lib/</path>
         <kind>archive</kind>
         <file>rts2800_fpu32_eabi.lib</file>
         <name>i_tofd28.asm.obj</name>
      </input_file>
      <input_file id="fl-2f">
         <path>/Applications/ti/ccs1280/ccs/tools/compiler/ti-cgt-c2000_22.6.1.LTS/lib/</path>
         <kind>archive</kind>
         <file>rts2800_fpu32_eabi.lib</file>
         <name>l_tofd28.asm.obj</name>
      </input_file>
      <input_file id="fl-30">
         <path>/Applications/ti/ccs1280/ccs/tools/compiler/ti-cgt-c2000_22.6.1.LTS/lib/</path>
         <kind>archive</kind>
         <file>rts2800_fpu32_eabi.lib</file>
         <name>fd_div28.asm.obj</name>
      </input_file>
      <input_file id="fl-31">
         <path>/Applications/ti/ccs1280/ccs/tools/compiler/ti-cgt-c2000_22.6.1.LTS/lib/</path>
         <kind>archive</kind>
         <file>rts2800_fpu32_eabi.lib</file>
         <name>memcpy.c.obj</name>
      </input_file>
      <input_file id="fl-32">
         <path>/Applications/ti/ccs1280/ccs/tools/compiler/ti-cgt-c2000_22.6.1.LTS/lib/</path>
         <kind>archive</kind>
         <file>rts2800_fpu32_eabi.lib</file>
         <name>pre_init.c.obj</name>
      </input_file>
      <input_file id="fl-33">
         <path>/Applications/ti/ccs1280/ccs/tools/compiler/ti-cgt-c2000_22.6.1.LTS/lib/</path>
         <kind>archive</kind>
         <file>rts2800_fpu32_eabi.lib</file>
         <name>autoinit.c.obj</name>
      </input_file>
      <input_file id="fl-34">
         <path>/Applications/ti/ccs1280/ccs/tools/compiler/ti-cgt-c2000_22.6.1.LTS/lib/</path>
         <kind>archive</kind>
         <file>rts2800_fpu32_eabi.lib</file>
         <name>copy_zero_init.c.obj</name>
      </input_file>
      <input_file id="fl-35">
         <path>/Applications/ti/ccs1280/ccs/tools/compiler/ti-cgt-c2000_22.6.1.LTS/lib/</path>
         <kind>archive</kind>
         <file>rts2800_fpu32_eabi.lib</file>
         <name>copy_decompress_none.c.obj</name>
      </input_file>
      <input_file id="fl-36">
         <path>/Applications/ti/ccs1280/ccs/tools/compiler/ti-cgt-c2000_22.6.1.LTS/lib/</path>
         <kind>archive</kind>
         <file>rts2800_fpu32_eabi.lib</file>
         <name>copy_decompress_lzss.c.obj</name>
      </input_file>
      <input_file id="fl-37">
         <path>/Applications/ti/ccs1280/ccs/tools/compiler/ti-cgt-c2000_22.6.1.LTS/lib/</path>
         <kind>archive</kind>
         <file>rts2800_fpu32_eabi.lib</file>
         <name>exit.c.obj</name>
      </input_file>
      <input_file id="fl-38">
         <path>/Applications/ti/ccs1280/ccs/tools/compiler/ti-cgt-c2000_22.6.1.LTS/lib/</path>
         <kind>archive</kind>
         <file>rts2800_fpu32_eabi.lib</file>
         <name>_lock.c.obj</name>
      </input_file>
      <input_file id="fl-39">
         <path>/Applications/ti/ccs1280/ccs/tools/compiler/ti-cgt-c2000_22.6.1.LTS/lib/</path>
         <kind>archive</kind>
         <file>rts2800_fpu32_eabi.lib</file>
         <name>_ltoa.c.obj</name>
      </input_file>
      <input_file id="fl-3a">
         <path>/Applications/ti/ccs1280/ccs/tools/compiler/ti-cgt-c2000_22.6.1.LTS/lib/</path>
         <kind>archive</kind>
         <file>rts2800_fpu32_eabi.lib</file>
         <name>args_main.c.obj</name>
      </input_file>
      <input_file id="fl-3b">
         <path>/Applications/ti/ccs1280/ccs/tools/compiler/ti-cgt-c2000_22.6.1.LTS/lib/</path>
         <kind>archive</kind>
         <file>rts2800_fpu32_eabi.lib</file>
         <name>atoi.c.obj</name>
      </input_file>
      <input_file id="fl-3c">
         <path>/Applications/ti/ccs1280/ccs/tools/compiler/ti-cgt-c2000_22.6.1.LTS/lib/</path>
         <kind>archive</kind>
         <file>rts2800_fpu32_eabi.lib</file>
         <name>ctype.c.obj</name>
      </input_file>
      <input_file id="fl-3d">
         <path>/Applications/ti/ccs1280/ccs/tools/compiler/ti-cgt-c2000_22.6.1.LTS/lib/</path>
         <kind>archive</kind>
         <file>rts2800_fpu32_eabi.lib</file>
         <name>defs.c.obj</name>
      </input_file>
      <input_file id="fl-3e">
         <path>/Applications/ti/ccs1280/ccs/tools/compiler/ti-cgt-c2000_22.6.1.LTS/lib/</path>
         <kind>archive</kind>
         <file>rts2800_fpu32_eabi.lib</file>
         <name>memccpy.c.obj</name>
      </input_file>
      <input_file id="fl-3f">
         <path>/Applications/ti/ccs1280/ccs/tools/compiler/ti-cgt-c2000_22.6.1.LTS/lib/</path>
         <kind>archive</kind>
         <file>rts2800_fpu32_eabi.lib</file>
         <name>memchr.c.obj</name>
      </input_file>
      <input_file id="fl-40">
         <path>/Applications/ti/ccs1280/ccs/tools/compiler/ti-cgt-c2000_22.6.1.LTS/lib/</path>
         <kind>archive</kind>
         <file>rts2800_fpu32_eabi.lib</file>
         <name>memory.c.obj</name>
      </input_file>
      <input_file id="fl-41">
         <path>/Applications/ti/ccs1280/ccs/tools/compiler/ti-cgt-c2000_22.6.1.LTS/lib/</path>
         <kind>archive</kind>
         <file>rts2800_fpu32_eabi.lib</file>
         <name>memset.c.obj</name>
      </input_file>
      <input_file id="fl-42">
         <path>/Applications/ti/ccs1280/ccs/tools/compiler/ti-cgt-c2000_22.6.1.LTS/lib/</path>
         <kind>archive</kind>
         <file>rts2800_fpu32_eabi.lib</file>
         <name>strchr.c.obj</name>
      </input_file>
      <input_file id="fl-43">
         <path>/Applications/ti/ccs1280/ccs/tools/compiler/ti-cgt-c2000_22.6.1.LTS/lib/</path>
         <kind>archive</kind>
         <file>rts2800_fpu32_eabi.lib</file>
         <name>strcpy.c.obj</name>
      </input_file>
      <input_file id="fl-44">
         <path>/Applications/ti/ccs1280/ccs/tools/compiler/ti-cgt-c2000_22.6.1.LTS/lib/</path>
         <kind>archive</kind>
         <file>rts2800_fpu32_eabi.lib</file>
         <name>strlen.c.obj</name>
      </input_file>
      <input_file id="fl-45">
         <path>/Applications/ti/ccs1280/ccs/tools/compiler/ti-cgt-c2000_22.6.1.LTS/lib/</path>
         <kind>archive</kind>
         <file>rts2800_fpu32_eabi.lib</file>
         <name>write.c.obj</name>
      </input_file>
      <input_file id="fl-46">
         <path>/Applications/ti/ccs1280/ccs/tools/compiler/ti-cgt-c2000_22.6.1.LTS/lib/</path>
         <kind>archive</kind>
         <file>rts2800_fpu32_eabi.lib</file>
         <name>host_device.c.obj</name>
      </input_file>
      <input_file id="fl-47">
         <path>/Applications/ti/ccs1280/ccs/tools/compiler/ti-cgt-c2000_22.6.1.LTS/lib/</path>
         <kind>archive</kind>
         <file>rts2800_fpu32_eabi.lib</file>
         <name>errno.c.obj</name>
      </input_file>
      <input_file id="fl-48">
         <path>/Applications/ti/ccs1280/ccs/tools/compiler/ti-cgt-c2000_22.6.1.LTS/lib/</path>
         <kind>archive</kind>
         <file>rts2800_fpu32_eabi.lib</file>
         <name>s_frexp.c.obj</name>
      </input_file>
      <input_file id="fl-49">
         <path>/Applications/ti/ccs1280/ccs/tools/compiler/ti-cgt-c2000_22.6.1.LTS/lib/</path>
         <kind>archive</kind>
         <file>rts2800_fpu32_eabi.lib</file>
         <name>s_scalbn.c.obj</name>
      </input_file>
      <input_file id="fl-4a">
         <path>/Applications/ti/ccs1280/ccs/tools/compiler/ti-cgt-c2000_22.6.1.LTS/lib/</path>
         <kind>archive</kind>
         <file>rts2800_fpu32_eabi.lib</file>
         <name>wcslen.c.obj</name>
      </input_file>
      <input_file id="fl-4b">
         <path>/Applications/ti/ccs1280/ccs/tools/compiler/ti-cgt-c2000_22.6.1.LTS/lib/</path>
         <kind>archive</kind>
         <file>rts2800_fpu32_eabi.lib</file>
         <name>fflush.c.obj</name>
      </input_file>
      <input_file id="fl-4c">
         <path>/Applications/ti/ccs1280/ccs/tools/compiler/ti-cgt-c2000_22.6.1.LTS/lib/</path>
         <kind>archive</kind>
         <file>rts2800_fpu32_eabi.lib</file>
         <name>fopen.c.obj</name>
      </input_file>
      <input_file id="fl-4d">
         <path>/Applications/ti/ccs1280/ccs/tools/compiler/ti-cgt-c2000_22.6.1.LTS/lib/</path>
         <kind>archive</kind>
         <file>rts2800_fpu32_eabi.lib</file>
         <name>fseek.c.obj</name>
      </input_file>
      <input_file id="fl-4e">
         <path>/Applications/ti/ccs1280/ccs/tools/compiler/ti-cgt-c2000_22.6.1.LTS/lib/</path>
         <kind>archive</kind>
         <file>rts2800_fpu32_eabi.lib</file>
         <name>fd_add28.asm.obj</name>
      </input_file>
      <input_file id="fl-4f">
         <path>/Applications/ti/ccs1280/ccs/tools/compiler/ti-cgt-c2000_22.6.1.LTS/lib/</path>
         <kind>archive</kind>
         <file>rts2800_fpu32_eabi.lib</file>
         <name>l_div28.asm.obj</name>
      </input_file>
      <input_file id="fl-50">
         <path>/Applications/ti/ccs1280/ccs/tools/compiler/ti-cgt-c2000_22.6.1.LTS/lib/</path>
         <kind>archive</kind>
         <file>rts2800_fpu32_eabi.lib</file>
         <name>cpy_tbl.c.obj</name>
      </input_file>
      <input_file id="fl-51">
         <path>/Applications/ti/ccs1280/ccs/tools/compiler/ti-cgt-c2000_22.6.1.LTS/lib/</path>
         <kind>archive</kind>
         <file>rts2800_fpu32_eabi.lib</file>
         <name>startup.c.obj</name>
      </input_file>
      <input_file id="fl-52">
         <path>/Applications/ti/ccs1280/ccs/tools/compiler/ti-cgt-c2000_22.6.1.LTS/lib/</path>
         <kind>archive</kind>
         <file>rts2800_fpu32_eabi.lib</file>
         <name>hostclose.c.obj</name>
      </input_file>
      <input_file id="fl-53">
         <path>/Applications/ti/ccs1280/ccs/tools/compiler/ti-cgt-c2000_22.6.1.LTS/lib/</path>
         <kind>archive</kind>
         <file>rts2800_fpu32_eabi.lib</file>
         <name>hostlseek.c.obj</name>
      </input_file>
      <input_file id="fl-54">
         <path>/Applications/ti/ccs1280/ccs/tools/compiler/ti-cgt-c2000_22.6.1.LTS/lib/</path>
         <kind>archive</kind>
         <file>rts2800_fpu32_eabi.lib</file>
         <name>hostopen.c.obj</name>
      </input_file>
      <input_file id="fl-55">
         <path>/Applications/ti/ccs1280/ccs/tools/compiler/ti-cgt-c2000_22.6.1.LTS/lib/</path>
         <kind>archive</kind>
         <file>rts2800_fpu32_eabi.lib</file>
         <name>hostread.c.obj</name>
      </input_file>
      <input_file id="fl-56">
         <path>/Applications/ti/ccs1280/ccs/tools/compiler/ti-cgt-c2000_22.6.1.LTS/lib/</path>
         <kind>archive</kind>
         <file>rts2800_fpu32_eabi.lib</file>
         <name>hostrename.c.obj</name>
      </input_file>
      <input_file id="fl-57">
         <path>/Applications/ti/ccs1280/ccs/tools/compiler/ti-cgt-c2000_22.6.1.LTS/lib/</path>
         <kind>archive</kind>
         <file>rts2800_fpu32_eabi.lib</file>
         <name>hostunlink.c.obj</name>
      </input_file>
      <input_file id="fl-58">
         <path>/Applications/ti/ccs1280/ccs/tools/compiler/ti-cgt-c2000_22.6.1.LTS/lib/</path>
         <kind>archive</kind>
         <file>rts2800_fpu32_eabi.lib</file>
         <name>hostwrite.c.obj</name>
      </input_file>
      <input_file id="fl-59">
         <path>/Applications/ti/ccs1280/ccs/tools/compiler/ti-cgt-c2000_22.6.1.LTS/lib/</path>
         <kind>archive</kind>
         <file>rts2800_fpu32_eabi.lib</file>
         <name>trgmsg.c.obj</name>
      </input_file>
      <input_file id="fl-5a">
         <path>/Applications/ti/ccs1280/ccs/tools/compiler/ti-cgt-c2000_22.6.1.LTS/lib/</path>
         <kind>archive</kind>
         <file>rts2800_fpu32_eabi.lib</file>
         <name>open.c.obj</name>
      </input_file>
      <input_file id="fl-5b">
         <path>/Applications/ti/ccs1280/ccs/tools/compiler/ti-cgt-c2000_22.6.1.LTS/lib/</path>
         <kind>archive</kind>
         <file>rts2800_fpu32_eabi.lib</file>
         <name>lseek.c.obj</name>
      </input_file>
      <input_file id="fl-5c">
         <path>/Applications/ti/ccs1280/ccs/tools/compiler/ti-cgt-c2000_22.6.1.LTS/lib/</path>
         <kind>archive</kind>
         <file>rts2800_fpu32_eabi.lib</file>
         <name>s_copysign.c.obj</name>
      </input_file>
      <input_file id="fl-5d">
         <path>/Applications/ti/ccs1280/ccs/tools/compiler/ti-cgt-c2000_22.6.1.LTS/lib/</path>
         <kind>archive</kind>
         <file>rts2800_fpu32_eabi.lib</file>
         <name>fclose.c.obj</name>
      </input_file>
      <input_file id="fl-5e">
         <path>/Applications/ti/ccs1280/ccs/tools/compiler/ti-cgt-c2000_22.6.1.LTS/lib/</path>
         <kind>archive</kind>
         <file>rts2800_fpu32_eabi.lib</file>
         <name>getdevice.c.obj</name>
      </input_file>
      <input_file id="fl-5f">
         <path>/Applications/ti/ccs1280/ccs/tools/compiler/ti-cgt-c2000_22.6.1.LTS/lib/</path>
         <kind>archive</kind>
         <file>rts2800_fpu32_eabi.lib</file>
         <name>strcmp.c.obj</name>
      </input_file>
      <input_file id="fl-60">
         <path>/Applications/ti/ccs1280/ccs/tools/compiler/ti-cgt-c2000_22.6.1.LTS/lib/</path>
         <kind>archive</kind>
         <file>rts2800_fpu32_eabi.lib</file>
         <name>strncpy.c.obj</name>
      </input_file>
      <input_file id="fl-61">
         <path>/Applications/ti/ccs1280/ccs/tools/compiler/ti-cgt-c2000_22.6.1.LTS/lib/</path>
         <kind>archive</kind>
         <file>rts2800_fpu32_eabi.lib</file>
         <name>remove.c.obj</name>
      </input_file>
      <input_file id="fl-62">
         <path>/Applications/ti/ccs1280/ccs/tools/compiler/ti-cgt-c2000_22.6.1.LTS/lib/</path>
         <kind>archive</kind>
         <file>rts2800_fpu32_eabi.lib</file>
         <name>close.c.obj</name>
      </input_file>
      <input_file id="fl-63">
         <path>/Applications/ti/ccs1280/ccs/tools/compiler/ti-cgt-c2000_22.6.1.LTS/lib/</path>
         <kind>archive</kind>
         <file>rts2800_fpu32_eabi.lib</file>
         <name>unlink.c.obj</name>
      </input_file>
   </input_file_list>
   <object_component_list>
      <object_component id="oc-2d">
         <name>codestart</name>
         <load_address>0x0</load_address>
         <run_address>0x0</run_address>
         <size>0x2</size>
         <input_file_ref idref="fl-4"/>
      </object_component>
      <object_component id="oc-173">
         <name>.text:__TI_printfi</name>
         <load_address>0x8000</load_address>
         <run_address>0x8000</run_address>
         <size>0x614</size>
         <input_file_ref idref="fl-1d"/>
      </object_component>
      <object_component id="oc-217">
         <name>.text</name>
         <load_address>0x8614</load_address>
         <run_address>0x8614</run_address>
         <size>0x107</size>
         <input_file_ref idref="fl-2d"/>
      </object_component>
      <object_component id="oc-2f5">
         <name>.text</name>
         <load_address>0x871b</load_address>
         <run_address>0x871b</run_address>
         <size>0xa9</size>
         <input_file_ref idref="fl-49"/>
      </object_component>
      <object_component id="oc-3aa">
         <name>.text</name>
         <load_address>0x87c4</load_address>
         <run_address>0x87c4</run_address>
         <size>0x3a</size>
         <input_file_ref idref="fl-54"/>
      </object_component>
      <object_component id="oc-123">
         <name>.text</name>
         <load_address>0x87fe</load_address>
         <run_address>0x87fe</run_address>
         <size>0x2</size>
         <input_file_ref idref="fl-32"/>
      </object_component>
      <object_component id="oc-77">
         <name>.text</name>
         <load_address>0x8800</load_address>
         <run_address>0x8800</run_address>
         <size>0x3ff</size>
         <input_file_ref idref="fl-5"/>
      </object_component>
      <object_component id="oc-30f">
         <name>.text</name>
         <load_address>0x8bff</load_address>
         <run_address>0x8bff</run_address>
         <size>0x298</size>
         <input_file_ref idref="fl-40"/>
      </object_component>
      <object_component id="oc-33">
         <name>.text</name>
         <load_address>0x8e97</load_address>
         <run_address>0x8e97</run_address>
         <size>0xec</size>
         <input_file_ref idref="fl-3"/>
      </object_component>
      <object_component id="oc-238">
         <name>.text</name>
         <load_address>0x8f83</load_address>
         <run_address>0x8f83</run_address>
         <size>0x7c</size>
         <input_file_ref idref="fl-22"/>
      </object_component>
      <object_component id="oc-25e">
         <name>.text</name>
         <load_address>0x8fff</load_address>
         <run_address>0x8fff</run_address>
         <size>0x1</size>
         <input_file_ref idref="fl-51"/>
      </object_component>
      <object_component id="oc-bd">
         <name>.text:SysCtl_setClock</name>
         <load_address>0x9000</load_address>
         <run_address>0x9000</run_address>
         <size>0x209</size>
         <input_file_ref idref="fl-10"/>
      </object_component>
      <object_component id="oc-104">
         <name>.text</name>
         <load_address>0x9209</load_address>
         <run_address>0x9209</run_address>
         <size>0xa8</size>
         <input_file_ref idref="fl-20"/>
      </object_component>
      <object_component id="oc-36e">
         <name>.text</name>
         <load_address>0x92b1</load_address>
         <run_address>0x92b1</run_address>
         <size>0x9c</size>
         <input_file_ref idref="fl-4e"/>
      </object_component>
      <object_component id="oc-424">
         <name>.text</name>
         <load_address>0x934e</load_address>
         <run_address>0x934e</run_address>
         <size>0x95</size>
         <input_file_ref idref="fl-59"/>
      </object_component>
      <object_component id="oc-1f0">
         <name>.text:SysCtl_selectXTAL</name>
         <load_address>0x93e3</load_address>
         <run_address>0x93e3</run_address>
         <size>0x90</size>
         <input_file_ref idref="fl-10"/>
      </object_component>
      <object_component id="oc-2cb">
         <name>.text</name>
         <load_address>0x9473</load_address>
         <run_address>0x9473</run_address>
         <size>0x8b</size>
         <input_file_ref idref="fl-30"/>
      </object_component>
      <object_component id="oc-14c">
         <name>.text</name>
         <load_address>0x94fe</load_address>
         <run_address>0x94fe</run_address>
         <size>0x88</size>
         <input_file_ref idref="fl-2a"/>
      </object_component>
      <object_component id="oc-2d0">
         <name>.text</name>
         <load_address>0x9586</load_address>
         <run_address>0x9586</run_address>
         <size>0x83</size>
         <input_file_ref idref="fl-25"/>
      </object_component>
      <object_component id="oc-182">
         <name>.text</name>
         <load_address>0x9609</load_address>
         <run_address>0x9609</run_address>
         <size>0x73</size>
         <input_file_ref idref="fl-4b"/>
      </object_component>
      <object_component id="oc-398">
         <name>.text</name>
         <load_address>0x967c</load_address>
         <run_address>0x967c</run_address>
         <size>0x71</size>
         <input_file_ref idref="fl-5a"/>
      </object_component>
      <object_component id="oc-b7">
         <name>.text:SysCtl_getDeviceParametric</name>
         <load_address>0x96ed</load_address>
         <run_address>0x96ed</run_address>
         <size>0x68</size>
         <input_file_ref idref="fl-10"/>
      </object_component>
      <object_component id="oc-17c">
         <name>.text</name>
         <load_address>0x9755</load_address>
         <run_address>0x9755</run_address>
         <size>0x65</size>
         <input_file_ref idref="fl-21"/>
      </object_component>
      <object_component id="oc-32">
         <name>.text:retain</name>
         <load_address>0x97ba</load_address>
         <run_address>0x97ba</run_address>
         <size>0x43</size>
         <input_file_ref idref="fl-3"/>
      </object_component>
      <object_component id="oc-3c2">
         <name>.text</name>
         <load_address>0x9800</load_address>
         <run_address>0x9800</run_address>
         <size>0x61</size>
         <input_file_ref idref="fl-53"/>
      </object_component>
      <object_component id="oc-39e">
         <name>.text</name>
         <load_address>0x9861</load_address>
         <run_address>0x9861</run_address>
         <size>0x5d</size>
         <input_file_ref idref="fl-5d"/>
      </object_component>
      <object_component id="oc-2ef">
         <name>.text</name>
         <load_address>0x98be</load_address>
         <run_address>0x98be</run_address>
         <size>0x5a</size>
         <input_file_ref idref="fl-48"/>
      </object_component>
      <object_component id="oc-fe">
         <name>.text</name>
         <load_address>0x9918</load_address>
         <run_address>0x9918</run_address>
         <size>0x53</size>
         <input_file_ref idref="fl-1f"/>
      </object_component>
      <object_component id="oc-c3">
         <name>.text:SysCtl_getClock</name>
         <load_address>0x996b</load_address>
         <run_address>0x996b</run_address>
         <size>0x51</size>
         <input_file_ref idref="fl-10"/>
      </object_component>
      <object_component id="oc-405">
         <name>.text</name>
         <load_address>0x99bc</load_address>
         <run_address>0x99bc</run_address>
         <size>0x51</size>
         <input_file_ref idref="fl-5e"/>
      </object_component>
      <object_component id="oc-140">
         <name>.text:SysCtl_selectOscSource</name>
         <load_address>0x9a0d</load_address>
         <run_address>0x9a0d</run_address>
         <size>0x48</size>
         <input_file_ref idref="fl-10"/>
      </object_component>
      <object_component id="oc-3ce">
         <name>.text</name>
         <load_address>0x9a55</load_address>
         <run_address>0x9a55</run_address>
         <size>0x3e</size>
         <input_file_ref idref="fl-56"/>
      </object_component>
      <object_component id="oc-7d">
         <name>.text:Interrupt_initModule</name>
         <load_address>0x9a93</load_address>
         <run_address>0x9a93</run_address>
         <size>0x3d</size>
         <input_file_ref idref="fl-f"/>
      </object_component>
      <object_component id="oc-232">
         <name>.text</name>
         <load_address>0x9ad0</load_address>
         <run_address>0x9ad0</run_address>
         <size>0x3d</size>
         <input_file_ref idref="fl-4d"/>
      </object_component>
      <object_component id="oc-3bc">
         <name>.text</name>
         <load_address>0x9b0d</load_address>
         <run_address>0x9b0d</run_address>
         <size>0x39</size>
         <input_file_ref idref="fl-58"/>
      </object_component>
      <object_component id="oc-3b6">
         <name>.text</name>
         <load_address>0x9b46</load_address>
         <run_address>0x9b46</run_address>
         <size>0x38</size>
         <input_file_ref idref="fl-55"/>
      </object_component>
      <object_component id="oc-e2">
         <name>.text:GPIO_setControllerCore</name>
         <load_address>0x9b7e</load_address>
         <run_address>0x9b7e</run_address>
         <size>0x37</size>
         <input_file_ref idref="fl-e"/>
      </object_component>
      <object_component id="oc-dc">
         <name>.text:GPIO_setPinConfig</name>
         <load_address>0x9bb5</load_address>
         <run_address>0x9bb5</run_address>
         <size>0x37</size>
         <input_file_ref idref="fl-e"/>
      </object_component>
      <object_component id="oc-d6">
         <name>.text:GPIO_setQualificationMode</name>
         <load_address>0x9bec</load_address>
         <run_address>0x9bec</run_address>
         <size>0x37</size>
         <input_file_ref idref="fl-e"/>
      </object_component>
      <object_component id="oc-84">
         <name>.text:Interrupt_enable</name>
         <load_address>0x9c23</load_address>
         <run_address>0x9c23</run_address>
         <size>0x37</size>
         <input_file_ref idref="fl-f"/>
      </object_component>
      <object_component id="oc-90">
         <name>.text</name>
         <load_address>0x9c5a</load_address>
         <run_address>0x9c5a</run_address>
         <size>0x34</size>
         <input_file_ref idref="fl-1c"/>
      </object_component>
      <object_component id="oc-40d">
         <name>.text</name>
         <load_address>0x9c8e</load_address>
         <run_address>0x9c8e</run_address>
         <size>0x33</size>
         <input_file_ref idref="fl-62"/>
      </object_component>
      <object_component id="oc-8a">
         <name>.text</name>
         <load_address>0x9cc1</load_address>
         <run_address>0x9cc1</run_address>
         <size>0x32</size>
         <input_file_ref idref="fl-1e"/>
      </object_component>
      <object_component id="oc-d0">
         <name>.text:GPIO_setDirectionMode</name>
         <load_address>0x9cf3</load_address>
         <run_address>0x9cf3</run_address>
         <size>0x31</size>
         <input_file_ref idref="fl-e"/>
      </object_component>
      <object_component id="oc-20c">
         <name>.text</name>
         <load_address>0x9d24</load_address>
         <run_address>0x9d24</run_address>
         <size>0x31</size>
         <input_file_ref idref="fl-3b"/>
      </object_component>
      <object_component id="oc-20">
         <name>.text:decompress:lzss</name>
         <load_address>0x9d55</load_address>
         <run_address>0x9d55</run_address>
         <size>0x30</size>
         <input_file_ref idref="fl-36"/>
      </object_component>
      <object_component id="oc-2da">
         <name>.text</name>
         <load_address>0x9d85</load_address>
         <run_address>0x9d85</run_address>
         <size>0x30</size>
         <input_file_ref idref="fl-39"/>
      </object_component>
      <object_component id="oc-1b5">
         <name>.text:__TI_auto_init_nobinit_nopinit</name>
         <load_address>0x9db5</load_address>
         <run_address>0x9db5</run_address>
         <size>0x2b</size>
         <input_file_ref idref="fl-33"/>
      </object_component>
      <object_component id="oc-2c1">
         <name>.text</name>
         <load_address>0x9de0</load_address>
         <run_address>0x9de0</run_address>
         <size>0x2a</size>
         <input_file_ref idref="fl-24"/>
      </object_component>
      <object_component id="oc-366">
         <name>.text</name>
         <load_address>0x9e0a</load_address>
         <run_address>0x9e0a</run_address>
         <size>0x2a</size>
         <input_file_ref idref="fl-4f"/>
      </object_component>
      <object_component id="oc-130">
         <name>.text</name>
         <load_address>0x9e34</load_address>
         <run_address>0x9e34</run_address>
         <size>0x29</size>
         <input_file_ref idref="fl-37"/>
      </object_component>
      <object_component id="oc-3b0">
         <name>.text</name>
         <load_address>0x9e5d</load_address>
         <run_address>0x9e5d</run_address>
         <size>0x29</size>
         <input_file_ref idref="fl-52"/>
      </object_component>
      <object_component id="oc-28d">
         <name>.text:CPUTimer_selectClockSource</name>
         <load_address>0x9e86</load_address>
         <run_address>0x9e86</run_address>
         <size>0x28</size>
         <input_file_ref idref="fl-10"/>
      </object_component>
      <object_component id="oc-3c8">
         <name>.text</name>
         <load_address>0x9eae</load_address>
         <run_address>0x9eae</run_address>
         <size>0x24</size>
         <input_file_ref idref="fl-57"/>
      </object_component>
      <object_component id="oc-37d">
         <name>.text</name>
         <load_address>0x9ed2</load_address>
         <run_address>0x9ed2</run_address>
         <size>0x24</size>
         <input_file_ref idref="fl-5c"/>
      </object_component>
      <object_component id="oc-2ea">
         <name>.text</name>
         <load_address>0x9ef6</load_address>
         <run_address>0x9ef6</run_address>
         <size>0x21</size>
         <input_file_ref idref="fl-28"/>
      </object_component>
      <object_component id="oc-347">
         <name>.text:CPUTimer_getTimerOverflowStatus</name>
         <load_address>0x9f17</load_address>
         <run_address>0x9f17</run_address>
         <size>0x1f</size>
         <input_file_ref idref="fl-10"/>
      </object_component>
      <object_component id="oc-2d5">
         <name>.text</name>
         <load_address>0x9f36</load_address>
         <run_address>0x9f36</run_address>
         <size>0x1f</size>
         <input_file_ref idref="fl-29"/>
      </object_component>
      <object_component id="oc-3f">
         <name>.text:Interrupt_initVectorTable</name>
         <load_address>0x9f55</load_address>
         <run_address>0x9f55</run_address>
         <size>0x1e</size>
         <input_file_ref idref="fl-f"/>
      </object_component>
      <object_component id="oc-212">
         <name>.text</name>
         <load_address>0x9f73</load_address>
         <run_address>0x9f73</run_address>
         <size>0x1e</size>
         <input_file_ref idref="fl-2c"/>
      </object_component>
      <object_component id="oc-59">
         <name>.text</name>
         <load_address>0x9f91</load_address>
         <run_address>0x9f91</run_address>
         <size>0x1d</size>
         <input_file_ref idref="fl-31"/>
      </object_component>
      <object_component id="oc-2e0">
         <name>.text</name>
         <load_address>0x9fae</load_address>
         <run_address>0x9fae</run_address>
         <size>0x1c</size>
         <input_file_ref idref="fl-2f"/>
      </object_component>
      <object_component id="oc-299">
         <name>.text:CPUTimer_startTimer</name>
         <load_address>0x9fca</load_address>
         <run_address>0x9fca</run_address>
         <size>0x1a</size>
         <input_file_ref idref="fl-10"/>
      </object_component>
      <object_component id="oc-ca">
         <name>.text:SysCtl_getLowSpeedClock</name>
         <load_address>0x9fe4</load_address>
         <run_address>0x9fe4</run_address>
         <size>0x1a</size>
         <input_file_ref idref="fl-10"/>
      </object_component>
      <object_component id="oc-416">
         <name>.text</name>
         <load_address>0xa000</load_address>
         <run_address>0xa000</run_address>
         <size>0x19</size>
         <input_file_ref idref="fl-63"/>
      </object_component>
      <object_component id="oc-188">
         <name>.text</name>
         <load_address>0xa019</load_address>
         <run_address>0xa019</run_address>
         <size>0x19</size>
         <input_file_ref idref="fl-45"/>
      </object_component>
      <object_component id="oc-21c">
         <name>.text</name>
         <load_address>0xa032</load_address>
         <run_address>0xa032</run_address>
         <size>0x18</size>
         <input_file_ref idref="fl-2b"/>
      </object_component>
      <object_component id="oc-307">
         <name>.text</name>
         <load_address>0xa04a</load_address>
         <run_address>0xa04a</run_address>
         <size>0x18</size>
         <input_file_ref idref="fl-5b"/>
      </object_component>
      <object_component id="oc-33b">
         <name>.text:CPUTimer_isBaseValid</name>
         <load_address>0xa062</load_address>
         <run_address>0xa062</run_address>
         <size>0x17</size>
         <input_file_ref idref="fl-10"/>
      </object_component>
      <object_component id="oc-af">
         <name>.text</name>
         <load_address>0xa079</load_address>
         <run_address>0xa079</run_address>
         <size>0x17</size>
         <input_file_ref idref="fl-23"/>
      </object_component>
      <object_component id="oc-3e">
         <name>.text:Interrupt_defaultHandler</name>
         <load_address>0xa090</load_address>
         <run_address>0xa090</run_address>
         <size>0x16</size>
         <input_file_ref idref="fl-f"/>
      </object_component>
      <object_component id="oc-441">
         <name>.text</name>
         <load_address>0xa0a6</load_address>
         <run_address>0xa0a6</run_address>
         <size>0x15</size>
         <input_file_ref idref="fl-60"/>
      </object_component>
      <object_component id="oc-281">
         <name>.text:CPUTimer_stopTimer</name>
         <load_address>0xa0bb</load_address>
         <run_address>0xa0bb</run_address>
         <size>0x14</size>
         <input_file_ref idref="fl-10"/>
      </object_component>
      <object_component id="oc-293">
         <name>.text:CPUTimer_clearOverflowFlag</name>
         <load_address>0xa0cf</load_address>
         <run_address>0xa0cf</run_address>
         <size>0x12</size>
         <input_file_ref idref="fl-10"/>
      </object_component>
      <object_component id="oc-27b">
         <name>.text:CPUTimer_disableInterrupt</name>
         <load_address>0xa0e1</load_address>
         <run_address>0xa0e1</run_address>
         <size>0x12</size>
         <input_file_ref idref="fl-10"/>
      </object_component>
      <object_component id="oc-287">
         <name>.text:CPUTimer_setPeriod</name>
         <load_address>0xa0f3</load_address>
         <run_address>0xa0f3</run_address>
         <size>0x11</size>
         <input_file_ref idref="fl-10"/>
      </object_component>
      <object_component id="oc-204">
         <name>.text</name>
         <load_address>0xa104</load_address>
         <run_address>0xa104</run_address>
         <size>0x10</size>
         <input_file_ref idref="fl-3e"/>
      </object_component>
      <object_component id="oc-29f">
         <name>.text:SysCtl_pollCpuTimer</name>
         <load_address>0xa114</load_address>
         <run_address>0xa114</run_address>
         <size>0xf</size>
         <input_file_ref idref="fl-10"/>
      </object_component>
      <object_component id="oc-154">
         <name>.text:GPIO_isPinValid</name>
         <load_address>0xa123</load_address>
         <run_address>0xa123</run_address>
         <size>0xe</size>
         <input_file_ref idref="fl-e"/>
      </object_component>
      <object_component id="oc-2e5">
         <name>.text</name>
         <load_address>0xa131</load_address>
         <run_address>0xa131</run_address>
         <size>0xe</size>
         <input_file_ref idref="fl-27"/>
      </object_component>
      <object_component id="oc-ed">
         <name>.text:Interrupt_disableGlobal</name>
         <load_address>0xa13f</load_address>
         <run_address>0xa13f</run_address>
         <size>0xd</size>
         <input_file_ref idref="fl-f"/>
      </object_component>
      <object_component id="oc-f4">
         <name>.text:Interrupt_enableGlobal</name>
         <load_address>0xa14c</load_address>
         <run_address>0xa14c</run_address>
         <size>0xd</size>
         <input_file_ref idref="fl-f"/>
      </object_component>
      <object_component id="oc-61">
         <name>.text:decompress:ZI:__TI_zero_init_nomemset</name>
         <load_address>0xa159</load_address>
         <run_address>0xa159</run_address>
         <size>0xd</size>
         <input_file_ref idref="fl-34"/>
      </object_component>
      <object_component id="oc-196">
         <name>.text</name>
         <load_address>0xa166</load_address>
         <run_address>0xa166</run_address>
         <size>0xd</size>
         <input_file_ref idref="fl-3f"/>
      </object_component>
      <object_component id="oc-12a">
         <name>.text</name>
         <load_address>0xa173</load_address>
         <run_address>0xa173</run_address>
         <size>0xc</size>
         <input_file_ref idref="fl-3a"/>
      </object_component>
      <object_component id="oc-300">
         <name>.text</name>
         <load_address>0xa17f</load_address>
         <run_address>0xa17f</run_address>
         <size>0xc</size>
         <input_file_ref idref="fl-42"/>
      </object_component>
      <object_component id="oc-13a">
         <name>.text:SysCtl_isMCDClockFailureDetected</name>
         <load_address>0xa18b</load_address>
         <run_address>0xa18b</run_address>
         <size>0xb</size>
         <input_file_ref idref="fl-10"/>
      </object_component>
      <object_component id="oc-221">
         <name>.text</name>
         <load_address>0xa196</load_address>
         <run_address>0xa196</run_address>
         <size>0xb</size>
         <input_file_ref idref="fl-4a"/>
      </object_component>
      <object_component id="oc-4a">
         <name>.text:Interrupt_illegalOperationHandler</name>
         <load_address>0xa1a1</load_address>
         <run_address>0xa1a1</run_address>
         <size>0xa</size>
         <input_file_ref idref="fl-f"/>
      </object_component>
      <object_component id="oc-50">
         <name>.text:Interrupt_nmiHandler</name>
         <load_address>0xa1ab</load_address>
         <run_address>0xa1ab</run_address>
         <size>0xa</size>
         <input_file_ref idref="fl-f"/>
      </object_component>
      <object_component id="oc-43b">
         <name>.text</name>
         <load_address>0xa1b5</load_address>
         <run_address>0xa1b5</run_address>
         <size>0xa</size>
         <input_file_ref idref="fl-5f"/>
      </object_component>
      <object_component id="oc-146">
         <name>.text:SysCtl_serviceWatchdog</name>
         <load_address>0xa1bf</load_address>
         <run_address>0xa1bf</run_address>
         <size>0x9</size>
         <input_file_ref idref="fl-10"/>
      </object_component>
      <object_component id="oc-1a2">
         <name>.text</name>
         <load_address>0xa1c8</load_address>
         <run_address>0xa1c8</run_address>
         <size>0x9</size>
         <input_file_ref idref="fl-38"/>
      </object_component>
      <object_component id="oc-2c6">
         <name>.text</name>
         <load_address>0xa1d1</load_address>
         <run_address>0xa1d1</run_address>
         <size>0x9</size>
         <input_file_ref idref="fl-26"/>
      </object_component>
      <object_component id="oc-6d">
         <name>.text</name>
         <load_address>0xa1da</load_address>
         <run_address>0xa1da</run_address>
         <size>0x8</size>
         <input_file_ref idref="fl-4"/>
      </object_component>
      <object_component id="oc-26">
         <name>.text:decompress:none</name>
         <load_address>0xa1e2</load_address>
         <run_address>0xa1e2</run_address>
         <size>0x8</size>
         <input_file_ref idref="fl-35"/>
      </object_component>
      <object_component id="oc-190">
         <name>.text</name>
         <load_address>0xa1ea</load_address>
         <run_address>0xa1ea</run_address>
         <size>0x8</size>
         <input_file_ref idref="fl-44"/>
      </object_component>
      <object_component id="oc-2a5">
         <name>.text:SysCtl_resetMCD</name>
         <load_address>0xa1f2</load_address>
         <run_address>0xa1f2</run_address>
         <size>0x7</size>
         <input_file_ref idref="fl-10"/>
      </object_component>
      <object_component id="oc-a8">
         <name>.text</name>
         <load_address>0xa1f9</load_address>
         <run_address>0xa1f9</run_address>
         <size>0x7</size>
         <input_file_ref idref="fl-41"/>
      </object_component>
      <object_component id="oc-1fe">
         <name>.text</name>
         <load_address>0xa200</load_address>
         <run_address>0xa200</run_address>
         <size>0x5</size>
         <input_file_ref idref="fl-43"/>
      </object_component>
      <object_component id="oc-22b">
         <name>.text</name>
         <load_address>0xb000</load_address>
         <run_address>0xb000</run_address>
         <size>0x6c2</size>
         <input_file_ref idref="fl-1d"/>
      </object_component>
      <object_component id="oc-315">
         <name>.text</name>
         <load_address>0xb6c2</load_address>
         <run_address>0xb6c2</run_address>
         <size>0x121</size>
         <input_file_ref idref="fl-4c"/>
      </object_component>
      <object_component id="oc-2fb">
         <name>.text</name>
         <load_address>0xb7e3</load_address>
         <run_address>0xb7e3</run_address>
         <size>0x1d</size>
         <input_file_ref idref="fl-2e"/>
      </object_component>
      <object_component id="oc-4bf">
         <name>.cinit..data.load</name>
         <load_address>0x128</load_address>
         <run_address>0x128</run_address>
         <size>0x32</size>
      </object_component>
      <object_component id="oc-4bc">
         <name>__TI_handler_table</name>
         <load_address>0x15a</load_address>
         <run_address>0x15a</run_address>
         <size>0x6</size>
      </object_component>
      <object_component id="oc-4be">
         <name>.cinit..bss.load</name>
         <load_address>0x160</load_address>
         <run_address>0x160</run_address>
         <size>0x4</size>
      </object_component>
      <object_component id="oc-4bd">
         <name>__TI_cinit_table</name>
         <load_address>0x164</load_address>
         <run_address>0x164</run_address>
         <size>0x8</size>
      </object_component>
      <object_component id="oc-56">
         <name>.stack</name>
         <uninitialized>true</uninitialized>
         <run_address>0x400</run_address>
         <size>0x0</size>
         <input_file_ref idref="fl-23"/>
      </object_component>
      <object_component id="oc-4c0">
         <name>.stack</name>
         <uninitialized>true</uninitialized>
         <run_address>0x400</run_address>
         <size>0x0</size>
      </object_component>
      <object_component id="oc-413">
         <name>.bss:__TI_tmpnams</name>
         <uninitialized>true</uninitialized>
         <run_address>0x14120</run_address>
         <size>0xa0</size>
         <input_file_ref idref="fl-3d"/>
      </object_component>
      <object_component id="oc-38d">
         <name>.bss</name>
         <uninitialized>true</uninitialized>
         <run_address>0x141c8</run_address>
         <size>0x2</size>
         <input_file_ref idref="fl-40"/>
      </object_component>
      <object_component id="oc-421">
         <name>.bss:parmbuf</name>
         <uninitialized>true</uninitialized>
         <run_address>0x141c0</run_address>
         <size>0x8</size>
         <input_file_ref idref="fl-54"/>
      </object_component>
      <object_component id="oc-457">
         <name>.bss:_CIOBUF_</name>
         <uninitialized>true</uninitialized>
         <run_address>0x14000</run_address>
         <size>0x120</size>
         <input_file_ref idref="fl-59"/>
      </object_component>
      <object_component id="oc-2b3">
         <name>.const:.string:_ctypes_</name>
         <load_address>0xac00</load_address>
         <run_address>0xac00</run_address>
         <size>0x101</size>
         <input_file_ref idref="fl-3c"/>
      </object_component>
      <object_component id="oc-139">
         <name>.const:.string</name>
         <load_address>0xad02</load_address>
         <run_address>0xad02</run_address>
         <size>0xc2</size>
         <input_file_ref idref="fl-10"/>
      </object_component>
      <object_component id="oc-15a">
         <name>.const:.string</name>
         <load_address>0xadc4</load_address>
         <run_address>0xadc4</run_address>
         <size>0xbc</size>
         <input_file_ref idref="fl-e"/>
      </object_component>
      <object_component id="oc-76">
         <name>.const:.string</name>
         <load_address>0xae80</load_address>
         <run_address>0xae80</run_address>
         <size>0x6b</size>
         <input_file_ref idref="fl-3"/>
      </object_component>
      <object_component id="oc-1fd">
         <name>.const:.string</name>
         <load_address>0xaeec</load_address>
         <run_address>0xaeec</run_address>
         <size>0x26</size>
         <input_file_ref idref="fl-1d"/>
      </object_component>
      <object_component id="oc-2c0">
         <name>.const</name>
         <load_address>0xaf12</load_address>
         <run_address>0xaf12</run_address>
         <size>0x1c</size>
         <input_file_ref idref="fl-1d"/>
      </object_component>
      <object_component id="oc-375">
         <name>.const</name>
         <load_address>0xaf2e</load_address>
         <run_address>0xaf2e</run_address>
         <size>0x8</size>
         <input_file_ref idref="fl-48"/>
      </object_component>
      <object_component id="oc-19c">
         <name>.const:.string</name>
         <load_address>0xaf36</load_address>
         <run_address>0xaf36</run_address>
         <size>0x2</size>
         <input_file_ref idref="fl-20"/>
      </object_component>
      <object_component id="oc-37a">
         <name>.const</name>
         <load_address>0xaf40</load_address>
         <run_address>0xaf40</run_address>
         <size>0x1c</size>
         <input_file_ref idref="fl-49"/>
      </object_component>
      <object_component id="oc-c9">
         <name>.const:.string</name>
         <load_address>0xaf5c</load_address>
         <run_address>0xaf5c</run_address>
         <size>0x13</size>
         <input_file_ref idref="fl-5"/>
      </object_component>
      <object_component id="oc-73">
         <name>.data</name>
         <load_address>0x150f4</load_address>
         <run_address>0x150f4</run_address>
         <size>0x3</size>
         <input_file_ref idref="fl-3"/>
      </object_component>
      <object_component id="oc-e8">
         <name>.data</name>
         <load_address>0x150e8</load_address>
         <run_address>0x150e8</run_address>
         <size>0x6</size>
         <input_file_ref idref="fl-5"/>
      </object_component>
      <object_component id="oc-1e7">
         <name>.data</name>
         <load_address>0x150ee</load_address>
         <run_address>0x150ee</run_address>
         <size>0x6</size>
         <input_file_ref idref="fl-37"/>
      </object_component>
      <object_component id="oc-10d">
         <name>.data:_lock</name>
         <load_address>0x150f8</load_address>
         <run_address>0x150f8</run_address>
         <size>0x2</size>
         <input_file_ref idref="fl-38"/>
      </object_component>
      <object_component id="oc-110">
         <name>.data:_unlock</name>
         <load_address>0x150fa</load_address>
         <run_address>0x150fa</run_address>
         <size>0x2</size>
         <input_file_ref idref="fl-38"/>
      </object_component>
      <object_component id="oc-240">
         <name>.data</name>
         <load_address>0x150f7</load_address>
         <run_address>0x150f7</run_address>
         <size>0x1</size>
         <input_file_ref idref="fl-3d"/>
      </object_component>
      <object_component id="oc-10a">
         <name>.data:_ftable</name>
         <load_address>0x15000</load_address>
         <run_address>0x15000</run_address>
         <size>0x78</size>
         <input_file_ref idref="fl-3d"/>
      </object_component>
      <object_component id="oc-393">
         <name>.data</name>
         <load_address>0x150fe</load_address>
         <run_address>0x150fe</run_address>
         <size>0x1</size>
         <input_file_ref idref="fl-40"/>
      </object_component>
      <object_component id="oc-245">
         <name>.data:_stream</name>
         <load_address>0x150c0</load_address>
         <run_address>0x150c0</run_address>
         <size>0x28</size>
         <input_file_ref idref="fl-46"/>
      </object_component>
      <object_component id="oc-325">
         <name>.data:_device</name>
         <load_address>0x15078</load_address>
         <run_address>0x15078</run_address>
         <size>0x48</size>
         <input_file_ref idref="fl-46"/>
      </object_component>
      <object_component id="oc-227">
         <name>.data</name>
         <load_address>0x150fc</load_address>
         <run_address>0x150fc</run_address>
         <size>0x1</size>
         <input_file_ref idref="fl-47"/>
      </object_component>
      <object_component id="oc-3a4">
         <name>.data</name>
         <load_address>0x150fd</load_address>
         <run_address>0x150fd</run_address>
         <size>0x1</size>
         <input_file_ref idref="fl-4c"/>
      </object_component>
      <object_component id="oc-404">
         <name>.data</name>
         <load_address>0x150ff</load_address>
         <run_address>0x150ff</run_address>
         <size>0x1</size>
         <input_file_ref idref="fl-5a"/>
      </object_component>
      <object_component id="oc-390">
         <name>.sysmem</name>
         <uninitialized>true</uninitialized>
         <run_address>0xa800</run_address>
         <size>0x4</size>
         <input_file_ref idref="fl-40"/>
      </object_component>
      <object_component id="oc-4c1">
         <name>.sysmem</name>
         <uninitialized>true</uninitialized>
         <run_address>0xa800</run_address>
         <size>0x0</size>
      </object_component>
      <object_component id="oc-83">
         <name>.TI.ramfunc</name>
         <load_address>0x123</load_address>
         <run_address>0x123</run_address>
         <size>0x4</size>
         <input_file_ref idref="fl-10"/>
      </object_component>
      <object_component id="oc-97">
         <name>.debug_types</name>
         <load_address>0x0</load_address>
         <run_address>0x0</run_address>
         <size>0x57b</size>
         <input_file_ref idref="fl-3"/>
      </object_component>
      <object_component id="oc-ec">
         <name>.debug_types</name>
         <load_address>0x57b</load_address>
         <run_address>0x57b</run_address>
         <size>0x103d</size>
         <input_file_ref idref="fl-5"/>
      </object_component>
      <object_component id="oc-15c">
         <name>.debug_types</name>
         <load_address>0x15b8</load_address>
         <run_address>0x15b8</run_address>
         <size>0x2c4</size>
         <input_file_ref idref="fl-e"/>
      </object_component>
      <object_component id="oc-9a">
         <name>.debug_types</name>
         <load_address>0x0</load_address>
         <run_address>0x0</run_address>
         <size>0x0</size>
         <input_file_ref idref="fl-f"/>
      </object_component>
      <object_component id="oc-138">
         <name>.debug_types</name>
         <load_address>0x187c</load_address>
         <run_address>0x187c</run_address>
         <size>0x254</size>
         <input_file_ref idref="fl-10"/>
      </object_component>
      <object_component id="oc-114">
         <name>.debug_types</name>
         <load_address>0x1ad0</load_address>
         <run_address>0x1ad0</run_address>
         <size>0x39c</size>
         <input_file_ref idref="fl-1c"/>
      </object_component>
      <object_component id="oc-20b">
         <name>.debug_types</name>
         <load_address>0x1e6c</load_address>
         <run_address>0x1e6c</run_address>
         <size>0xaf8</size>
         <input_file_ref idref="fl-1d"/>
      </object_component>
      <object_component id="oc-fd">
         <name>.debug_types</name>
         <load_address>0x0</load_address>
         <run_address>0x0</run_address>
         <size>0x0</size>
         <input_file_ref idref="fl-1e"/>
      </object_component>
      <object_component id="oc-18f">
         <name>.debug_types</name>
         <load_address>0x2964</load_address>
         <run_address>0x2964</run_address>
         <size>0x2f</size>
         <input_file_ref idref="fl-1f"/>
      </object_component>
      <object_component id="oc-19e">
         <name>.debug_types</name>
         <load_address>0x2993</load_address>
         <run_address>0x2993</run_address>
         <size>0x68</size>
         <input_file_ref idref="fl-20"/>
      </object_component>
      <object_component id="oc-23f">
         <name>.debug_types</name>
         <load_address>0x0</load_address>
         <run_address>0x0</run_address>
         <size>0x0</size>
         <input_file_ref idref="fl-21"/>
      </object_component>
      <object_component id="oc-31c">
         <name>.debug_types</name>
         <load_address>0x0</load_address>
         <run_address>0x0</run_address>
         <size>0x0</size>
         <input_file_ref idref="fl-22"/>
      </object_component>
      <object_component id="oc-a2">
         <name>.debug_types</name>
         <load_address>0x29fb</load_address>
         <run_address>0x29fb</run_address>
         <size>0x2f</size>
         <input_file_ref idref="fl-31"/>
      </object_component>
      <object_component id="oc-1b4">
         <name>.debug_types</name>
         <load_address>0x0</load_address>
         <run_address>0x0</run_address>
         <size>0x0</size>
         <input_file_ref idref="fl-32"/>
      </object_component>
      <object_component id="oc-265">
         <name>.debug_types</name>
         <load_address>0x2a2a</load_address>
         <run_address>0x2a2a</run_address>
         <size>0x441</size>
         <input_file_ref idref="fl-33"/>
      </object_component>
      <object_component id="oc-a7">
         <name>.debug_types</name>
         <load_address>0x2e6b</load_address>
         <run_address>0x2e6b</run_address>
         <size>0x169</size>
         <input_file_ref idref="fl-34"/>
      </object_component>
      <object_component id="oc-60">
         <name>.debug_types</name>
         <load_address>0x0</load_address>
         <run_address>0x0</run_address>
         <size>0x0</size>
         <input_file_ref idref="fl-35"/>
      </object_component>
      <object_component id="oc-58">
         <name>.debug_types</name>
         <load_address>0x2fd4</load_address>
         <run_address>0x2fd4</run_address>
         <size>0x191</size>
         <input_file_ref idref="fl-36"/>
      </object_component>
      <object_component id="oc-1eb">
         <name>.debug_types</name>
         <load_address>0x3165</load_address>
         <run_address>0x3165</run_address>
         <size>0x90</size>
         <input_file_ref idref="fl-37"/>
      </object_component>
      <object_component id="oc-1aa">
         <name>.debug_types</name>
         <load_address>0x31f5</load_address>
         <run_address>0x31f5</run_address>
         <size>0x2f</size>
         <input_file_ref idref="fl-38"/>
      </object_component>
      <object_component id="oc-36c">
         <name>.debug_types</name>
         <load_address>0x3224</load_address>
         <run_address>0x3224</run_address>
         <size>0x2f</size>
         <input_file_ref idref="fl-39"/>
      </object_component>
      <object_component id="oc-1e6">
         <name>.debug_types</name>
         <load_address>0x3253</load_address>
         <run_address>0x3253</run_address>
         <size>0xb6</size>
         <input_file_ref idref="fl-3a"/>
      </object_component>
      <object_component id="oc-2b7">
         <name>.debug_types</name>
         <load_address>0x3309</load_address>
         <run_address>0x3309</run_address>
         <size>0x34</size>
         <input_file_ref idref="fl-3b"/>
      </object_component>
      <object_component id="oc-357">
         <name>.debug_types</name>
         <load_address>0x0</load_address>
         <run_address>0x0</run_address>
         <size>0x0</size>
         <input_file_ref idref="fl-3c"/>
      </object_component>
      <object_component id="oc-1a1">
         <name>.debug_types</name>
         <load_address>0x333d</load_address>
         <run_address>0x333d</run_address>
         <size>0x66</size>
         <input_file_ref idref="fl-3d"/>
      </object_component>
      <object_component id="oc-2af">
         <name>.debug_types</name>
         <load_address>0x0</load_address>
         <run_address>0x0</run_address>
         <size>0x0</size>
         <input_file_ref idref="fl-3e"/>
      </object_component>
      <object_component id="oc-250">
         <name>.debug_types</name>
         <load_address>0x0</load_address>
         <run_address>0x0</run_address>
         <size>0x0</size>
         <input_file_ref idref="fl-3f"/>
      </object_component>
      <object_component id="oc-397">
         <name>.debug_types</name>
         <load_address>0x33a3</load_address>
         <run_address>0x33a3</run_address>
         <size>0x23d</size>
         <input_file_ref idref="fl-40"/>
      </object_component>
      <object_component id="oc-122">
         <name>.debug_types</name>
         <load_address>0x0</load_address>
         <run_address>0x0</run_address>
         <size>0x0</size>
         <input_file_ref idref="fl-41"/>
      </object_component>
      <object_component id="oc-387">
         <name>.debug_types</name>
         <load_address>0x0</load_address>
         <run_address>0x0</run_address>
         <size>0x0</size>
         <input_file_ref idref="fl-42"/>
      </object_component>
      <object_component id="oc-2ad">
         <name>.debug_types</name>
         <load_address>0x35e0</load_address>
         <run_address>0x35e0</run_address>
         <size>0x34</size>
         <input_file_ref idref="fl-43"/>
      </object_component>
      <object_component id="oc-24e">
         <name>.debug_types</name>
         <load_address>0x0</load_address>
         <run_address>0x0</run_address>
         <size>0x0</size>
         <input_file_ref idref="fl-44"/>
      </object_component>
      <object_component id="oc-249">
         <name>.debug_types</name>
         <load_address>0x3614</load_address>
         <run_address>0x3614</run_address>
         <size>0x575</size>
         <input_file_ref idref="fl-45"/>
      </object_component>
      <object_component id="oc-32a">
         <name>.debug_types</name>
         <load_address>0x3b89</load_address>
         <run_address>0x3b89</run_address>
         <size>0x32</size>
         <input_file_ref idref="fl-46"/>
      </object_component>
      <object_component id="oc-2bf">
         <name>.debug_types</name>
         <load_address>0x0</load_address>
         <run_address>0x0</run_address>
         <size>0x0</size>
         <input_file_ref idref="fl-47"/>
      </object_component>
      <object_component id="oc-379">
         <name>.debug_types</name>
         <load_address>0x3bbb</load_address>
         <run_address>0x3bbb</run_address>
         <size>0x9b</size>
         <input_file_ref idref="fl-48"/>
      </object_component>
      <object_component id="oc-384">
         <name>.debug_types</name>
         <load_address>0x0</load_address>
         <run_address>0x0</run_address>
         <size>0x0</size>
         <input_file_ref idref="fl-49"/>
      </object_component>
      <object_component id="oc-2bc">
         <name>.debug_types</name>
         <load_address>0x3c56</load_address>
         <run_address>0x3c56</run_address>
         <size>0x160</size>
         <input_file_ref idref="fl-4a"/>
      </object_component>
      <object_component id="oc-244">
         <name>.debug_types</name>
         <load_address>0x0</load_address>
         <run_address>0x0</run_address>
         <size>0x0</size>
         <input_file_ref idref="fl-4b"/>
      </object_component>
      <object_component id="oc-3a6">
         <name>.debug_types</name>
         <load_address>0x0</load_address>
         <run_address>0x0</run_address>
         <size>0x0</size>
         <input_file_ref idref="fl-4c"/>
      </object_component>
      <object_component id="oc-30e">
         <name>.debug_types</name>
         <load_address>0x0</load_address>
         <run_address>0x0</run_address>
         <size>0x0</size>
         <input_file_ref idref="fl-4d"/>
      </object_component>
      <object_component id="oc-335">
         <name>.debug_types</name>
         <load_address>0x0</load_address>
         <run_address>0x0</run_address>
         <size>0x0</size>
         <input_file_ref idref="fl-51"/>
      </object_component>
      <object_component id="oc-42d">
         <name>.debug_types</name>
         <load_address>0x3db6</load_address>
         <run_address>0x3db6</run_address>
         <size>0x9e</size>
         <input_file_ref idref="fl-52"/>
      </object_component>
      <object_component id="oc-433">
         <name>.debug_types</name>
         <load_address>0x3e54</load_address>
         <run_address>0x3e54</run_address>
         <size>0x2f</size>
         <input_file_ref idref="fl-53"/>
      </object_component>
      <object_component id="oc-42b">
         <name>.debug_types</name>
         <load_address>0x0</load_address>
         <run_address>0x0</run_address>
         <size>0x0</size>
         <input_file_ref idref="fl-54"/>
      </object_component>
      <object_component id="oc-42f">
         <name>.debug_types</name>
         <load_address>0x0</load_address>
         <run_address>0x0</run_address>
         <size>0x0</size>
         <input_file_ref idref="fl-55"/>
      </object_component>
      <object_component id="oc-437">
         <name>.debug_types</name>
         <load_address>0x0</load_address>
         <run_address>0x0</run_address>
         <size>0x0</size>
         <input_file_ref idref="fl-56"/>
      </object_component>
      <object_component id="oc-435">
         <name>.debug_types</name>
         <load_address>0x0</load_address>
         <run_address>0x0</run_address>
         <size>0x0</size>
         <input_file_ref idref="fl-57"/>
      </object_component>
      <object_component id="oc-431">
         <name>.debug_types</name>
         <load_address>0x0</load_address>
         <run_address>0x0</run_address>
         <size>0x0</size>
         <input_file_ref idref="fl-58"/>
      </object_component>
      <object_component id="oc-45b">
         <name>.debug_types</name>
         <load_address>0x3e83</load_address>
         <run_address>0x3e83</run_address>
         <size>0x63</size>
         <input_file_ref idref="fl-59"/>
      </object_component>
      <object_component id="oc-40c">
         <name>.debug_types</name>
         <load_address>0x3ee6</load_address>
         <run_address>0x3ee6</run_address>
         <size>0x56</size>
         <input_file_ref idref="fl-5a"/>
      </object_component>
      <object_component id="oc-389">
         <name>.debug_types</name>
         <load_address>0x0</load_address>
         <run_address>0x0</run_address>
         <size>0x0</size>
         <input_file_ref idref="fl-5b"/>
      </object_component>
      <object_component id="oc-3f1">
         <name>.debug_types</name>
         <load_address>0x0</load_address>
         <run_address>0x0</run_address>
         <size>0x0</size>
         <input_file_ref idref="fl-5c"/>
      </object_component>
      <object_component id="oc-41d">
         <name>.debug_types</name>
         <load_address>0x0</load_address>
         <run_address>0x0</run_address>
         <size>0x0</size>
         <input_file_ref idref="fl-5d"/>
      </object_component>
      <object_component id="oc-448">
         <name>.debug_types</name>
         <load_address>0x3f3c</load_address>
         <run_address>0x3f3c</run_address>
         <size>0x2f</size>
         <input_file_ref idref="fl-5e"/>
      </object_component>
      <object_component id="oc-472">
         <name>.debug_types</name>
         <load_address>0x0</load_address>
         <run_address>0x0</run_address>
         <size>0x0</size>
         <input_file_ref idref="fl-5f"/>
      </object_component>
      <object_component id="oc-474">
         <name>.debug_types</name>
         <load_address>0x0</load_address>
         <run_address>0x0</run_address>
         <size>0x0</size>
         <input_file_ref idref="fl-60"/>
      </object_component>
      <object_component id="oc-44d">
         <name>.debug_types</name>
         <load_address>0x0</load_address>
         <run_address>0x0</run_address>
         <size>0x0</size>
         <input_file_ref idref="fl-62"/>
      </object_component>
      <object_component id="oc-451">
         <name>.debug_types</name>
         <load_address>0x0</load_address>
         <run_address>0x0</run_address>
         <size>0x0</size>
         <input_file_ref idref="fl-63"/>
      </object_component>
      <object_component id="oc-74">
         <name>.debug_info</name>
         <load_address>0x0</load_address>
         <run_address>0x0</run_address>
         <size>0x139</size>
         <input_file_ref idref="fl-3"/>
      </object_component>
      <object_component id="oc-34">
         <name>.debug_info</name>
         <load_address>0x139</load_address>
         <run_address>0x139</run_address>
         <size>0xa69</size>
         <input_file_ref idref="fl-3"/>
      </object_component>
      <object_component id="oc-39">
         <name>.debug_info</name>
         <load_address>0xba2</load_address>
         <run_address>0xba2</run_address>
         <size>0x169</size>
         <input_file_ref idref="fl-3"/>
      </object_component>
      <object_component id="oc-2e">
         <name>.debug_info</name>
         <load_address>0xd0b</load_address>
         <run_address>0xd0b</run_address>
         <size>0x117</size>
         <input_file_ref idref="fl-4"/>
      </object_component>
      <object_component id="oc-6e">
         <name>.debug_info</name>
         <load_address>0xe22</load_address>
         <run_address>0xe22</run_address>
         <size>0x118</size>
         <input_file_ref idref="fl-4"/>
      </object_component>
      <object_component id="oc-e9">
         <name>.debug_info</name>
         <load_address>0xf3a</load_address>
         <run_address>0xf3a</run_address>
         <size>0x162</size>
         <input_file_ref idref="fl-5"/>
      </object_component>
      <object_component id="oc-78">
         <name>.debug_info</name>
         <load_address>0x109c</load_address>
         <run_address>0x109c</run_address>
         <size>0x1d39</size>
         <input_file_ref idref="fl-5"/>
      </object_component>
      <object_component id="oc-155">
         <name>.debug_info</name>
         <load_address>0x2dd5</load_address>
         <run_address>0x2dd5</run_address>
         <size>0x205</size>
         <input_file_ref idref="fl-e"/>
      </object_component>
      <object_component id="oc-d1">
         <name>.debug_info</name>
         <load_address>0x2fda</load_address>
         <run_address>0x2fda</run_address>
         <size>0x27d</size>
         <input_file_ref idref="fl-e"/>
      </object_component>
      <object_component id="oc-d7">
         <name>.debug_info</name>
         <load_address>0x3257</load_address>
         <run_address>0x3257</run_address>
         <size>0x2ae</size>
         <input_file_ref idref="fl-e"/>
      </object_component>
      <object_component id="oc-e3">
         <name>.debug_info</name>
         <load_address>0x3505</load_address>
         <run_address>0x3505</run_address>
         <size>0x296</size>
         <input_file_ref idref="fl-e"/>
      </object_component>
      <object_component id="oc-dd">
         <name>.debug_info</name>
         <load_address>0x379b</load_address>
         <run_address>0x379b</run_address>
         <size>0x24f</size>
         <input_file_ref idref="fl-e"/>
      </object_component>
      <object_component id="oc-f5">
         <name>.debug_info</name>
         <load_address>0x39ea</load_address>
         <run_address>0x39ea</run_address>
         <size>0x1fe</size>
         <input_file_ref idref="fl-f"/>
      </object_component>
      <object_component id="oc-ee">
         <name>.debug_info</name>
         <load_address>0x3be8</load_address>
         <run_address>0x3be8</run_address>
         <size>0x200</size>
         <input_file_ref idref="fl-f"/>
      </object_component>
      <object_component id="oc-7e">
         <name>.debug_info</name>
         <load_address>0x3de8</load_address>
         <run_address>0x3de8</run_address>
         <size>0x20f</size>
         <input_file_ref idref="fl-f"/>
      </object_component>
      <object_component id="oc-45">
         <name>.debug_info</name>
         <load_address>0x3ff7</load_address>
         <run_address>0x3ff7</run_address>
         <size>0x21c</size>
         <input_file_ref idref="fl-f"/>
      </object_component>
      <object_component id="oc-4b">
         <name>.debug_info</name>
         <load_address>0x4213</load_address>
         <run_address>0x4213</run_address>
         <size>0x202</size>
         <input_file_ref idref="fl-f"/>
      </object_component>
      <object_component id="oc-51">
         <name>.debug_info</name>
         <load_address>0x4415</load_address>
         <run_address>0x4415</run_address>
         <size>0x1e8</size>
         <input_file_ref idref="fl-f"/>
      </object_component>
      <object_component id="oc-40">
         <name>.debug_info</name>
         <load_address>0x45fd</load_address>
         <run_address>0x45fd</run_address>
         <size>0x20c</size>
         <input_file_ref idref="fl-f"/>
      </object_component>
      <object_component id="oc-85">
         <name>.debug_info</name>
         <load_address>0x4809</load_address>
         <run_address>0x4809</run_address>
         <size>0x2b3</size>
         <input_file_ref idref="fl-f"/>
      </object_component>
      <object_component id="oc-147">
         <name>.debug_info</name>
         <load_address>0x4abc</load_address>
         <run_address>0x4abc</run_address>
         <size>0x1f2</size>
         <input_file_ref idref="fl-10"/>
      </object_component>
      <object_component id="oc-13b">
         <name>.debug_info</name>
         <load_address>0x4cae</load_address>
         <run_address>0x4cae</run_address>
         <size>0x20e</size>
         <input_file_ref idref="fl-10"/>
      </object_component>
      <object_component id="oc-2a6">
         <name>.debug_info</name>
         <load_address>0x4ebc</load_address>
         <run_address>0x4ebc</run_address>
         <size>0x1e4</size>
         <input_file_ref idref="fl-10"/>
      </object_component>
      <object_component id="oc-33c">
         <name>.debug_info</name>
         <load_address>0x50a0</load_address>
         <run_address>0x50a0</run_address>
         <size>0x217</size>
         <input_file_ref idref="fl-10"/>
      </object_component>
      <object_component id="oc-294">
         <name>.debug_info</name>
         <load_address>0x52b7</load_address>
         <run_address>0x52b7</run_address>
         <size>0x244</size>
         <input_file_ref idref="fl-10"/>
      </object_component>
      <object_component id="oc-27c">
         <name>.debug_info</name>
         <load_address>0x54fb</load_address>
         <run_address>0x54fb</run_address>
         <size>0x242</size>
         <input_file_ref idref="fl-10"/>
      </object_component>
      <object_component id="oc-282">
         <name>.debug_info</name>
         <load_address>0x573d</load_address>
         <run_address>0x573d</run_address>
         <size>0x24a</size>
         <input_file_ref idref="fl-10"/>
      </object_component>
      <object_component id="oc-29a">
         <name>.debug_info</name>
         <load_address>0x5987</load_address>
         <run_address>0x5987</run_address>
         <size>0x24d</size>
         <input_file_ref idref="fl-10"/>
      </object_component>
      <object_component id="oc-288">
         <name>.debug_info</name>
         <load_address>0x5bd4</load_address>
         <run_address>0x5bd4</run_address>
         <size>0x24e</size>
         <input_file_ref idref="fl-10"/>
      </object_component>
      <object_component id="oc-348">
         <name>.debug_info</name>
         <load_address>0x5e22</load_address>
         <run_address>0x5e22</run_address>
         <size>0x258</size>
         <input_file_ref idref="fl-10"/>
      </object_component>
      <object_component id="oc-28e">
         <name>.debug_info</name>
         <load_address>0x607a</load_address>
         <run_address>0x607a</run_address>
         <size>0x27c</size>
         <input_file_ref idref="fl-10"/>
      </object_component>
      <object_component id="oc-2a0">
         <name>.debug_info</name>
         <load_address>0x62f6</load_address>
         <run_address>0x62f6</run_address>
         <size>0x241</size>
         <input_file_ref idref="fl-10"/>
      </object_component>
      <object_component id="oc-c4">
         <name>.debug_info</name>
         <load_address>0x6537</load_address>
         <run_address>0x6537</run_address>
         <size>0x277</size>
         <input_file_ref idref="fl-10"/>
      </object_component>
      <object_component id="oc-be">
         <name>.debug_info</name>
         <load_address>0x67ae</load_address>
         <run_address>0x67ae</run_address>
         <size>0x519</size>
         <input_file_ref idref="fl-10"/>
      </object_component>
      <object_component id="oc-1f1">
         <name>.debug_info</name>
         <load_address>0x6cc7</load_address>
         <run_address>0x6cc7</run_address>
         <size>0x3ba</size>
         <input_file_ref idref="fl-10"/>
      </object_component>
      <object_component id="oc-141">
         <name>.debug_info</name>
         <load_address>0x7081</load_address>
         <run_address>0x7081</run_address>
         <size>0x243</size>
         <input_file_ref idref="fl-10"/>
      </object_component>
      <object_component id="oc-cb">
         <name>.debug_info</name>
         <load_address>0x72c4</load_address>
         <run_address>0x72c4</run_address>
         <size>0x251</size>
         <input_file_ref idref="fl-10"/>
[...]
         <value>0x96ed</value>
         <object_component_ref idref="oc-b7"/>
      </symbol>
      <symbol id="sm-21f">
         <name>SysCtl_selectXTAL</name>
         <value>0x93e3</value>
         <object_component_ref idref="oc-1f0"/>
      </symbol>
      <symbol id="sm-220">
         <name>SysCtl_selectOscSource</name>
         <value>0x9a0d</value>
         <object_component_ref idref="oc-140"/>
      </symbol>
      <symbol id="sm-221">
         <name>SysCtl_getLowSpeedClock</name>
         <value>0x9fe4</value>
         <object_component_ref idref="oc-ca"/>
      </symbol>
      <symbol id="sm-222">
         <name>SysCtl_setClock</name>
         <value>0x9000</value>
         <object_component_ref idref="oc-bd"/>
      </symbol>
      <symbol id="sm-223">
         <name>SysCtl_getClock</name>
         <value>0x996b</value>
         <object_component_ref idref="oc-c3"/>
      </symbol>
      <symbol id="sm-234">
         <name>printf</name>
         <value>0x9c60</value>
         <object_component_ref idref="oc-90"/>
      </symbol>
      <symbol id="sm-39c">
         <name>__TI_printfi</name>
         <value>0x848f</value>
         <object_component_ref idref="oc-173"/>
      </symbol>
      <symbol id="sm-3ab">
         <name>sprintf</name>
         <value>0x9cc1</value>
         <object_component_ref idref="oc-8a"/>
      </symbol>
      <symbol id="sm-3bf">
         <name>putc</name>
         <value>0x9918</value>
         <object_component_ref idref="oc-fe"/>
      </symbol>
      <symbol id="sm-3c0">
         <name>fputc</name>
         <value>0x9918</value>
         <object_component_ref idref="oc-fe"/>
      </symbol>
      <symbol id="sm-3c1">
         <name>putchar</name>
         <value>0x9966</value>
         <object_component_ref idref="oc-fe"/>
      </symbol>
      <symbol id="sm-3de">
         <name>puts</name>
         <value>0x929e</value>
         <object_component_ref idref="oc-104"/>
      </symbol>
      <symbol id="sm-3df">
         <name>fputs</name>
         <value>0x9209</value>
         <object_component_ref idref="oc-104"/>
      </symbol>
      <symbol id="sm-3f7">
         <name>__TI_wrt_ok</name>
         <value>0x9755</value>
         <object_component_ref idref="oc-17c"/>
      </symbol>
      <symbol id="sm-3f8">
         <name>__TI_rd_ok</name>
         <value>0x978f</value>
         <object_component_ref idref="oc-17c"/>
      </symbol>
      <symbol id="sm-410">
         <name>setvbuf</name>
         <value>0x8f83</value>
         <object_component_ref idref="oc-238"/>
      </symbol>
      <symbol id="sm-41a">
         <name>_c_int00</name>
         <value>0xa079</value>
         <object_component_ref idref="oc-af"/>
      </symbol>
      <symbol id="sm-41b">
         <name>__stack</name>
         <value>0x400</value>
         <object_component_ref idref="oc-56"/>
      </symbol>
      <symbol id="sm-427">
         <name>__c28xabi_cmpd</name>
         <value>0x9de0</value>
         <object_component_ref idref="oc-2c1"/>
      </symbol>
      <symbol id="sm-435">
         <name>__c28xabi_mpyd</name>
         <value>0x9586</value>
         <object_component_ref idref="oc-2d0"/>
      </symbol>
      <symbol id="sm-43e">
         <name>__c28xabi_negd</name>
         <value>0xa1d1</value>
         <object_component_ref idref="oc-2c6"/>
      </symbol>
      <symbol id="sm-446">
         <name>__c28xabi_subd</name>
         <value>0xa131</value>
         <object_component_ref idref="oc-2e5"/>
      </symbol>
      <symbol id="sm-451">
         <name>__c28xabi_dtoi</name>
         <value>0x9ef6</value>
         <object_component_ref idref="oc-2ea"/>
      </symbol>
      <symbol id="sm-45c">
         <name>__c28xabi_dtol</name>
         <value>0x9f36</value>
         <object_component_ref idref="oc-2d5"/>
      </symbol>
      <symbol id="sm-469">
         <name>__c28xabi_divf</name>
         <value>0x94fe</value>
         <object_component_ref idref="oc-14c"/>
      </symbol>
      <symbol id="sm-471">
         <name>__c28xabi_orll</name>
         <value>0xa03a</value>
         <object_component_ref idref="oc-21c"/>
      </symbol>
      <symbol id="sm-472">
         <name>__c28xabi_xorll</name>
         <value>0xa042</value>
         <object_component_ref idref="oc-21c"/>
      </symbol>
      <symbol id="sm-473">
         <name>__c28xabi_andll</name>
         <value>0xa032</value>
         <object_component_ref idref="oc-21c"/>
      </symbol>
      <symbol id="sm-47d">
         <name>__c28xabi_cmpll</name>
         <value>0x9f73</value>
         <object_component_ref idref="oc-212"/>
      </symbol>
      <symbol id="sm-47e">
         <name>__c28xabi_cmpull</name>
         <value>0x9f85</value>
         <object_component_ref idref="oc-212"/>
      </symbol>
      <symbol id="sm-4a5">
         <name>__c28xabi_modull</name>
         <value>0x86b9</value>
         <object_component_ref idref="oc-217"/>
      </symbol>
      <symbol id="sm-4a6">
         <name>__c28xabi_divull</name>
         <value>0x868a</value>
         <object_component_ref idref="oc-217"/>
      </symbol>
      <symbol id="sm-4a7">
         <name>__c28xabi_divll</name>
         <value>0x8614</value>
         <object_component_ref idref="oc-217"/>
      </symbol>
      <symbol id="sm-4a8">
         <name>__c28xabi_modll</name>
         <value>0x8650</value>
         <object_component_ref idref="oc-217"/>
      </symbol>
      <symbol id="sm-4b4">
         <name>__c28xabi_itod</name>
         <value>0xb7e3</value>
         <object_component_ref idref="oc-2fb"/>
      </symbol>
      <symbol id="sm-4c0">
         <name>__c28xabi_ltod</name>
         <value>0x9fae</value>
         <object_component_ref idref="oc-2e0"/>
      </symbol>
      <symbol id="sm-4d3">
         <name>__c28xabi_divd</name>
         <value>0x9473</value>
         <object_component_ref idref="oc-2cb"/>
      </symbol>
      <symbol id="sm-4e5">
         <name>memcpy</name>
         <value>0x9f91</value>
         <object_component_ref idref="oc-59"/>
      </symbol>
      <symbol id="sm-4f2">
         <name>_system_pre_init</name>
         <value>0x87fe</value>
         <object_component_ref idref="oc-123"/>
      </symbol>
      <symbol id="sm-501">
         <name>__TI_auto_init_nobinit_nopinit</name>
         <value>0x9db5</value>
         <object_component_ref idref="oc-1b5"/>
      </symbol>
      <symbol id="sm-510">
         <name>__TI_zero_init_nomemset</name>
         <value>0xa159</value>
         <object_component_ref idref="oc-61"/>
      </symbol>
      <symbol id="sm-51d">
         <name>__TI_decompress_none</name>
         <value>0xa1e2</value>
         <object_component_ref idref="oc-26"/>
      </symbol>
      <symbol id="sm-531">
         <name>__TI_decompress_lzss</name>
         <value>0x9d55</value>
         <object_component_ref idref="oc-20"/>
      </symbol>
      <symbol id="sm-547">
         <name>C$$EXIT</name>
         <value>0x9e34</value>
         <object_component_ref idref="oc-130"/>
      </symbol>
      <symbol id="sm-548">
         <name>abort</name>
         <value>0x9e34</value>
         <object_component_ref idref="oc-130"/>
      </symbol>
      <symbol id="sm-549">
         <name>exit</name>
         <value>0x9e36</value>
         <object_component_ref idref="oc-130"/>
      </symbol>
      <symbol id="sm-54a">
         <name>__TI_dtors_ptr</name>
         <value>0x150f2</value>
         <object_component_ref idref="oc-1e7"/>
      </symbol>
      <symbol id="sm-54b">
         <name>__TI_cleanup_ptr</name>
         <value>0x150f0</value>
         <object_component_ref idref="oc-1e7"/>
      </symbol>
      <symbol id="sm-54c">
         <name>__TI_enable_exit_profile_output</name>
         <value>0x150ee</value>
         <object_component_ref idref="oc-1e7"/>
      </symbol>
      <symbol id="sm-563">
         <name>_nop</name>
         <value>0xa1d0</value>
         <object_component_ref idref="oc-1a2"/>
      </symbol>
      <symbol id="sm-564">
         <name>_lock</name>
         <value>0x150f8</value>
         <object_component_ref idref="oc-10d"/>
      </symbol>
      <symbol id="sm-565">
         <name>_unlock</name>
         <value>0x150fa</value>
         <object_component_ref idref="oc-110"/>
      </symbol>
      <symbol id="sm-566">
         <name>_register_lock</name>
         <value>0xa1cc</value>
         <object_component_ref idref="oc-1a2"/>
      </symbol>
      <symbol id="sm-567">
         <name>_register_unlock</name>
         <value>0xa1c8</value>
         <object_component_ref idref="oc-1a2"/>
      </symbol>
      <symbol id="sm-576">
         <name>__TI_ltoa</name>
         <value>0x9d85</value>
         <object_component_ref idref="oc-2da"/>
      </symbol>
      <symbol id="sm-585">
         <name>_args_main</name>
         <value>0xa173</value>
         <object_component_ref idref="oc-12a"/>
      </symbol>
      <symbol id="sm-59a">
         <name>atoi</name>
         <value>0x9d24</value>
         <object_component_ref idref="oc-20c"/>
      </symbol>
      <symbol id="sm-5a5">
         <name>_ctypes_</name>
         <value>0xac00</value>
         <object_component_ref idref="oc-2b3"/>
      </symbol>
      <symbol id="sm-5ba">
         <name>__TI_tmpnams</name>
         <value>0x14120</value>
         <object_component_ref idref="oc-413"/>
      </symbol>
      <symbol id="sm-5bb">
         <name>_ftable</name>
         <value>0x15000</value>
         <object_component_ref idref="oc-10a"/>
      </symbol>
      <symbol id="sm-5bc">
         <name>__TI_ft_end</name>
         <value>0x150f7</value>
         <object_component_ref idref="oc-240"/>
      </symbol>
      <symbol id="sm-5cc">
         <name>memccpy</name>
         <value>0xa104</value>
         <object_component_ref idref="oc-204"/>
      </symbol>
      <symbol id="sm-5dc">
         <name>memchr</name>
         <value>0xa166</value>
         <object_component_ref idref="oc-196"/>
      </symbol>
      <symbol id="sm-643">
         <name>_sys_memory</name>
         <value>0xa800</value>
         <object_component_ref idref="oc-390"/>
      </symbol>
      <symbol id="sm-644">
         <name>free</name>
         <value>0x8c2a</value>
         <object_component_ref idref="oc-30f"/>
      </symbol>
      <symbol id="sm-645">
         <name>__TI_heap_total_available</name>
         <value>0x8e57</value>
         <object_component_ref idref="oc-30f"/>
      </symbol>
      <symbol id="sm-646">
         <name>__TI_heap_largest_available</name>
         <value>0x8e76</value>
         <object_component_ref idref="oc-30f"/>
      </symbol>
      <symbol id="sm-647">
         <name>realloc</name>
         <value>0x8cf4</value>
         <object_component_ref idref="oc-30f"/>
      </symbol>
      <symbol id="sm-648">
         <name>memalign</name>
         <value>0x8da9</value>
         <object_component_ref idref="oc-30f"/>
      </symbol>
      <symbol id="sm-649">
         <name>calloc</name>
         <value>0x8d7c</value>
         <object_component_ref idref="oc-30f"/>
      </symbol>
      <symbol id="sm-64a">
         <name>malloc</name>
         <value>0x8bff</value>
         <object_component_ref idref="oc-30f"/>
      </symbol>
      <symbol id="sm-64b">
         <name>__TI_heap_check</name>
         <value>0x8e95</value>
         <object_component_ref idref="oc-30f"/>
      </symbol>
      <symbol id="sm-64c">
         <name>aligned_alloc</name>
         <value>0x8da9</value>
         <object_component_ref idref="oc-30f"/>
      </symbol>
      <symbol id="sm-64d">
         <name>minit</name>
         <value>0x8d78</value>
         <object_component_ref idref="oc-30f"/>
      </symbol>
      <symbol id="sm-65c">
         <name>memset</name>
         <value>0xa1f9</value>
         <object_component_ref idref="oc-a8"/>
      </symbol>
      <symbol id="sm-66c">
         <name>strchr</name>
         <value>0xa17f</value>
         <object_component_ref idref="oc-300"/>
      </symbol>
      <symbol id="sm-67a">
         <name>strcpy</name>
         <value>0xa200</value>
         <object_component_ref idref="oc-1fe"/>
      </symbol>
      <symbol id="sm-688">
         <name>strlen</name>
         <value>0xa1ea</value>
         <object_component_ref idref="oc-190"/>
      </symbol>
      <symbol id="sm-696">
         <name>write</name>
         <value>0xa019</value>
         <object_component_ref idref="oc-188"/>
      </symbol>
      <symbol id="sm-6a6">
         <name>_stream</name>
         <value>0x150c0</value>
         <object_component_ref idref="oc-245"/>
      </symbol>
      <symbol id="sm-6a7">
         <name>_device</name>
         <value>0x15078</value>
         <object_component_ref idref="oc-325"/>
      </symbol>
      <symbol id="sm-6b2">
         <name>errno</name>
         <value>0x150fc</value>
         <object_component_ref idref="oc-227"/>
      </symbol>
      <symbol id="sm-6c9">
         <name>frexpl</name>
         <value>0x98be</value>
         <object_component_ref idref="oc-2ef"/>
      </symbol>
      <symbol id="sm-6ca">
         <name>frexp</name>
         <value>0x98be</value>
         <object_component_ref idref="oc-2ef"/>
      </symbol>
      <symbol id="sm-6ec">
         <name>scalbn</name>
         <value>0x871b</value>
         <object_component_ref idref="oc-2f5"/>
      </symbol>
      <symbol id="sm-6ed">
         <name>scalbnl</name>
         <value>0x871b</value>
         <object_component_ref idref="oc-2f5"/>
      </symbol>
      <symbol id="sm-6ee">
         <name>ldexpl</name>
         <value>0x871b</value>
         <object_component_ref idref="oc-2f5"/>
      </symbol>
      <symbol id="sm-6ef">
         <name>ldexp</name>
         <value>0x871b</value>
         <object_component_ref idref="oc-2f5"/>
      </symbol>
      <symbol id="sm-6fe">
         <name>wcslen</name>
         <value>0xa196</value>
         <object_component_ref idref="oc-221"/>
      </symbol>
      <symbol id="sm-715">
         <name>__TI_doflush</name>
         <value>0x9609</value>
         <object_component_ref idref="oc-182"/>
      </symbol>
      <symbol id="sm-716">
         <name>fflush</name>
         <value>0x9638</value>
         <object_component_ref idref="oc-182"/>
      </symbol>
      <symbol id="sm-74f">
         <name>__TI_cleanup</name>
         <value>0xb761</value>
         <object_component_ref idref="oc-315"/>
      </symbol>
      <symbol id="sm-750">
         <name>freopen</name>
         <value>0xb77e</value>
         <object_component_ref idref="oc-315"/>
      </symbol>
      <symbol id="sm-751">
         <name>fopen</name>
         <value>0xb79c</value>
         <object_component_ref idref="oc-315"/>
      </symbol>
      <symbol id="sm-762">
         <name>fseeko</name>
         <value>0x9ad0</value>
         <object_component_ref idref="oc-232"/>
      </symbol>
      <symbol id="sm-763">
         <name>fseek</name>
         <value>0x9ad0</value>
         <object_component_ref idref="oc-232"/>
      </symbol>
      <symbol id="sm-77a">
         <name>__c28xabi_addd</name>
         <value>0x92b1</value>
         <object_component_ref idref="oc-36e"/>
      </symbol>
      <symbol id="sm-782">
         <name>__c28xabi_divul</name>
         <value>0x9e27</value>
         <object_component_ref idref="oc-366"/>
      </symbol>
      <symbol id="sm-783">
         <name>__c28xabi_modul</name>
         <value>0x9e2e</value>
         <object_component_ref idref="oc-366"/>
      </symbol>
      <symbol id="sm-784">
         <name>__c28xabi_modl</name>
         <value>0x9e19</value>
         <object_component_ref idref="oc-366"/>
      </symbol>
      <symbol id="sm-785">
         <name>__c28xabi_divl</name>
         <value>0x9e0a</value>
         <object_component_ref idref="oc-366"/>
      </symbol>
      <symbol id="sm-793">
         <name>_system_post_cinit</name>
         <value>0x8fff</value>
         <object_component_ref idref="oc-25e"/>
      </symbol>
      <symbol id="sm-7a0">
         <name>HOSTclose</name>
         <value>0x9e5d</value>
         <object_component_ref idref="oc-3b0"/>
      </symbol>
      <symbol id="sm-7ad">
         <name>HOSTlseek</name>
         <value>0x9800</value>
         <object_component_ref idref="oc-3c2"/>
      </symbol>
      <symbol id="sm-7c0">
         <name>parmbuf</name>
         <value>0x141c0</value>
         <object_component_ref idref="oc-421"/>
      </symbol>
      <symbol id="sm-7c1">
         <name>HOSTopen</name>
         <value>0x87c4</value>
         <object_component_ref idref="oc-3aa"/>
      </symbol>
      <symbol id="sm-7cf">
         <name>HOSTread</name>
         <value>0x9b46</value>
         <object_component_ref idref="oc-3b6"/>
      </symbol>
      <symbol id="sm-7dc">
         <name>HOSTrename</name>
         <value>0x9a55</value>
         <object_component_ref idref="oc-3ce"/>
      </symbol>
      <symbol id="sm-7e9">
         <name>HOSTunlink</name>
         <value>0x9eae</value>
         <object_component_ref idref="oc-3c8"/>
      </symbol>
      <symbol id="sm-7f7">
         <name>HOSTwrite</name>
         <value>0x9b0d</value>
         <object_component_ref idref="oc-3bc"/>
      </symbol>
      <symbol id="sm-814">
         <name>__TI_readmsg</name>
         <value>0x93a6</value>
         <object_component_ref idref="oc-424"/>
      </symbol>
      <symbol id="sm-815">
         <name>C$$IO$$</name>
         <value>0x93a1</value>
         <object_component_ref idref="oc-424"/>
      </symbol>
      <symbol id="sm-816">
         <name>__CIOBUF_</name>
         <value>0x14000</value>
         <object_component_ref idref="oc-457"/>
      </symbol>
      <symbol id="sm-817">
         <name>__TI_writemsg</name>
         <value>0x934e</value>
         <object_component_ref idref="oc-424"/>
      </symbol>
      <symbol id="sm-830">
         <name>open</name>
         <value>0x967c</value>
         <object_component_ref idref="oc-398"/>
      </symbol>
      <symbol id="sm-83e">
         <name>lseek</name>
         <value>0xa04a</value>
         <object_component_ref idref="oc-307"/>
      </symbol>
      <symbol id="sm-84c">
         <name>copysign</name>
         <value>0x9ed2</value>
         <object_component_ref idref="oc-37d"/>
      </symbol>
      <symbol id="sm-84d">
         <name>copysignl</name>
         <value>0x9ed2</value>
         <object_component_ref idref="oc-37d"/>
      </symbol>
      <symbol id="sm-85f">
         <name>__TI_closefile</name>
         <value>0x9861</value>
         <object_component_ref idref="oc-39e"/>
      </symbol>
      <symbol id="sm-860">
         <name>fclose</name>
         <value>0x98a5</value>
         <object_component_ref idref="oc-39e"/>
      </symbol>
      <symbol id="sm-872">
         <name>finddevice</name>
         <value>0x99bc</value>
         <object_component_ref idref="oc-405"/>
      </symbol>
      <symbol id="sm-873">
         <name>getdevice</name>
         <value>0x99d7</value>
         <object_component_ref idref="oc-405"/>
      </symbol>
      <symbol id="sm-882">
         <name>strcmp</name>
         <value>0xa1b5</value>
         <object_component_ref idref="oc-43b"/>
      </symbol>
      <symbol id="sm-893">
         <name>strncpy</name>
         <value>0xa0a6</value>
         <object_component_ref idref="oc-441"/>
      </symbol>
      <symbol id="sm-8a5">
         <name>close</name>
         <value>0x9c8e</value>
         <object_component_ref idref="oc-40d"/>
      </symbol>
      <symbol id="sm-8b2">
         <name>unlink</name>
         <value>0xa000</value>
         <object_component_ref idref="oc-416"/>
      </symbol>
      <symbol id="sm-8b4">
         <name>__c_args__</name>
         <value>0x0</value>
      </symbol>
      <symbol id="sm-8b5">
         <name>remove</name>
         <value>0xa000</value>
      </symbol>
   </symbol_table>
   <title>Link successful</title>
</link_info>
