******************************************************************************
             TMS320C2000 Linker Unix v22.6.1                   
******************************************************************************
>> Linked Sun Nov 17 12:59:32 2024

OUTPUT FILE NAME:   <gpio_ex3_interrupt.out>
ENTRY POINT SYMBOL: "code_start"  address: 00000000


MEMORY CONFIGURATION

         name            origin    length      used     unused   attr    fill
----------------------  --------  ---------  --------  --------  ----  --------
PAGE 0:
  BEGIN                 00000000   00000002  00000002  00000000  RWIX
  RAMM0                 00000123   000002dd  00000016  000002c7  RWIX
  RAMLS0                00008000   00000800  00000562  0000029e  RWIX
  RAMLS1                00008800   00000800  00000000  00000800  RWIX
  RAMLS2                00009000   00000800  00000000  00000800  RWIX
  RAMLS3                00009800   00000800  00000000  00000800  RWIX
  RAMLS4                0000a000   00000800  00000000  00000800  RWIX
  RAMD0                 0000b000   00000800  00000800  00000000  RWIX
  FLASHA                00080002   00001ffe  00000000  00001ffe  RWIX
  FLASHB                00082000   00002000  00000000  00002000  RWIX
  FLASHC                00084000   00002000  00000000  00002000  RWIX
  FLASHD                00086000   00002000  00000000  00002000  RWIX
  FLASHE                00088000   00008000  00000000  00008000  RWIX
  FLASHF                00090000   00008000  00000000  00008000  RWIX
  FLASHG                00098000   00008000  00000000  00008000  RWIX
  FLASHH                000a0000   00008000  00000000  00008000  RWIX
  FLASHI                000a8000   00008000  00000000  00008000  RWIX
  FLASHJ                000b0000   00008000  00000000  00008000  RWIX
  FLASHK                000b8000   00002000  00000000  00002000  RWIX
  FLASHL                000ba000   00002000  00000000  00002000  RWIX
  FLASHM                000bc000   00002000  00000000  00002000  RWIX
  FLASHN                000be000   00001ff0  00000000  00001ff0  RWIX
  RESET                 003fffc0   00000002  00000000  00000002  RWIX

PAGE 1:
  BOOT_RSVD             00000002   00000121  00000000  00000121  RWIX
  RAMM1                 00000400   000003f8  000003f8  00000000  RWIX
  RAMLS5                0000a800   00000800  000001f0  00000610  RWIX
  RAMD1                 0000b800   00000800  00000000  00000800  RWIX
  RAMGS0                0000c000   00001000  00000000  00001000  RWIX
  RAMGS1                0000d000   00001000  00000000  00001000  RWIX
  RAMGS2                0000e000   00001000  00000000  00001000  RWIX
  RAMGS3                0000f000   00001000  00000000  00001000  RWIX
  RAMGS4                00010000   00001000  00000000  00001000  RWIX
  RAMGS5                00011000   00001000  00000000  00001000  RWIX
  RAMGS6                00012000   00001000  00000000  00001000  RWIX
  RAMGS7                00013000   00001000  00000000  00001000  RWIX
  RAMGS8                00014000   00001000  00000000  00001000  RWIX
  RAMGS9                00015000   00001000  00000000  00001000  RWIX
  RAMGS10               00016000   00001000  00000000  00001000  RWIX
  RAMGS11               00017000   00001000  00000000  00001000  RWIX
  RAMGS12               00018000   00001000  00000000  00001000  RWIX
  RAMGS13               00019000   00001000  00000000  00001000  RWIX
  RAMGS14               0001a000   00001000  00000000  00001000  RWIX
  RAMGS15               0001b000   00000ff8  00000000  00000ff8  RWIX
  CPU2TOCPU1RAM         0003f800   00000400  00000000  00000400  RWIX
  CPU1TOCPU2RAM         0003fc00   00000400  00000000  00000400  RWIX
  CANA_MSG_RAM          00049000   00000800  00000000  00000800  RWIX
  CANB_MSG_RAM          0004b000   00000800  00000000  00000800  RWIX


SECTION ALLOCATION MAP

 output                                  attributes/
section   page    origin      length       input sections
--------  ----  ----------  ----------   ----------------
codestart 
*          0    00000000    00000002     
                  00000000    00000002     F2837xD_CodeStartBranch.obj (codestart)

.cinit     0    00000128    00000012     
                  00000128    0000000a     (.cinit..data.load) [load image, compression = lzss]
                  00000132    00000004     (__TI_handler_table)
                  00000136    00000004     (__TI_cinit_table)

.reset     0    003fffc0    00000000     DSECT

.stack     1    00000400    000003f8     UNINITIALIZED
                  00000400    000003f8     --HOLE--

.init_array 
*          0    00000123    00000000     UNINITIALIZED

.const     1    0000a800    000001df     
                  0000a800    000000c2     driverlib_eabi.lib : sysctl.obj (.const:.string)
                  0000a8c2    000000bc                        : gpio.obj (.const:.string)
                  0000a97e    0000004e     gpio_ex3_interrupt.obj (.const:.string)
                  0000a9cc    00000013     device.obj (.const:.string)

.data      1    0000a9e0    00000011     UNINITIALIZED
                  0000a9e0    00000006     device.obj (.data)
                  0000a9e6    00000006     rts2800_fpu32_eabi.lib : exit.c.obj (.data)
                  0000a9ec    00000002                            : _lock.c.obj (.data:_lock)
                  0000a9ee    00000002                            : _lock.c.obj (.data:_unlock)
                  0000a9f0    00000001     gpio_ex3_interrupt.obj (.data)

.TI.ramfunc 
*          0    00000123    00000004     
                  00000123    00000004     driverlib_eabi.lib : sysctl.obj (.TI.ramfunc)

GETBUFFER 
*          0    0003f800    00000000     DSECT

GETWRITEIDX 
*          0    0003f800    00000000     DSECT

PUTREADIDX 
*          0    0003f800    00000000     DSECT

.text.1    0    00008000    00000562     
                  00008000    00000068     driverlib_eabi.lib : sysctl.obj (.text:SysCtl_getDeviceParametric)
                  00008068    00000052                        : gpio.obj (.text:GPIO_setPadConfig)
                  000080ba    00000051                        : sysctl.obj (.text:SysCtl_getClock)
                  0000810b    00000048                        : sysctl.obj (.text:SysCtl_selectOscSource)
                  00008153    0000003d                        : interrupt.obj (.text:Interrupt_initModule)
                  00008190    00000037                        : gpio.obj (.text:GPIO_setControllerCore)
                  000081c7    00000037                        : gpio.obj (.text:GPIO_setPinConfig)
                  000081fe    00000037                        : gpio.obj (.text:GPIO_setQualificationMode)
                  00008235    00000037                        : interrupt.obj (.text:Interrupt_enable)
                  0000826c    00000034                        : gpio.obj (.text:GPIO_setInterruptPin)
                  000082a0    00000032     gpio_ex3_interrupt.obj (.text:retain)
                  000082d2    00000031     driverlib_eabi.lib : gpio.obj (.text:GPIO_setDirectionMode)
                  00008303    00000030     rts2800_fpu32_eabi.lib : copy_decompress_lzss.c.obj (.text:decompress:lzss)
                  00008333    0000002b                            : autoinit.c.obj (.text:__TI_auto_init_nobinit_nopinit)
                  0000835e    00000029                            : exit.c.obj (.text)
                  00008387    00000028     driverlib_eabi.lib : sysctl.obj (.text:CPUTimer_selectClockSource)
                  000083af    0000001f                        : sysctl.obj (.text:CPUTimer_getTimerOverflowStatus)
                  000083ce    0000001e                        : interrupt.obj (.text:Interrupt_initVectorTable)
                  000083ec    0000001d     rts2800_fpu32_eabi.lib : memcpy.c.obj (.text)
                  00008409    0000001a     driverlib_eabi.lib : sysctl.obj (.text:CPUTimer_startTimer)
                  00008423    0000001a                        : sysctl.obj (.text:SysCtl_getLowSpeedClock)
                  0000843d    00000017                        : sysctl.obj (.text:CPUTimer_isBaseValid)
                  00008454    00000017     rts2800_fpu32_eabi.lib : boot28.asm.obj (.text)
                  0000846b    00000016     driverlib_eabi.lib : interrupt.obj (.text:Interrupt_defaultHandler)
                  00008481    00000016                        : gpio.obj (.text:XBAR_setInputPin)
                  00008497    00000014                        : sysctl.obj (.text:CPUTimer_stopTimer)
                  000084ab    00000012                        : sysctl.obj (.text:CPUTimer_clearOverflowFlag)
                  000084bd    00000012                        : sysctl.obj (.text:CPUTimer_disableInterrupt)
                  000084cf    00000011                        : sysctl.obj (.text:CPUTimer_setPeriod)
                  000084e0    0000000f                        : sysctl.obj (.text:SysCtl_pollCpuTimer)
                  000084ef    0000000e                        : gpio.obj (.text:GPIO_isPinValid)
                  000084fd    0000000d                        : interrupt.obj (.text:Interrupt_disableGlobal)
                  0000850a    0000000d                        : interrupt.obj (.text:Interrupt_enableGlobal)
                  00008517    0000000b                        : sysctl.obj (.text:SysCtl_isMCDClockFailureDetected)
                  00008522    0000000a                        : interrupt.obj (.text:Interrupt_illegalOperationHandler)
                  0000852c    0000000a                        : interrupt.obj (.text:Interrupt_nmiHandler)
                  00008536    00000009                        : sysctl.obj (.text:SysCtl_serviceWatchdog)
                  0000853f    00000009     rts2800_fpu32_eabi.lib : _lock.c.obj (.text)
                  00008548    00000008     F2837xD_CodeStartBranch.obj (.text)
                  00008550    00000008     rts2800_fpu32_eabi.lib : copy_decompress_none.c.obj (.text:decompress:none)
                  00008558    00000007     driverlib_eabi.lib : sysctl.obj (.text:SysCtl_resetMCD)
                  0000855f    00000002     rts2800_fpu32_eabi.lib : pre_init.c.obj (.text)
                  00008561    00000001                            : startup.c.obj (.text)

.text.2    0    0000b000    00000800     
                  0000b000    000003ff     device.obj (.text)
                  0000b3ff    00000209     driverlib_eabi.lib : sysctl.obj (.text:SysCtl_setClock)
                  0000b608    000000d4     gpio_ex3_interrupt.obj (.text)
                  0000b6dc    00000090     driverlib_eabi.lib : sysctl.obj (.text:SysCtl_selectXTAL)
                  0000b76c    00000088     rts2800_fpu32_eabi.lib : fs_div28.asm.obj (.text)
                  0000b7f4    0000000c                            : args_main.c.obj (.text)

MODULE SUMMARY

       Module                        code   ro data   rw data
       ------                        ----   -------   -------
    ./
       gpio_ex3_interrupt.obj        262    78        1      
    +--+-----------------------------+------+---------+---------+
       Total:                        262    78        1      
                                                             
    ./device/
       device.obj                    1023   19        6      
       F2837xD_CodeStartBranch.obj   10     0         0      
    +--+-----------------------------+------+---------+---------+
       Total:                        1033   19        6      
                                                             
    /Applications/ti/ccs1280/ccs/tools/compiler/ti-cgt-c2000_22.6.1.LTS/lib/rts2800_fpu32_eabi.lib
       fs_div28.asm.obj              136    0         0      
       copy_decompress_lzss.c.obj    48     0         0      
       exit.c.obj                    41     0         6      
       autoinit.c.obj                43     0         0      
       memcpy.c.obj                  29     0         0      
       boot28.asm.obj                23     0         0      
       _lock.c.obj                   9      0         4      
       args_main.c.obj               12     0         0      
       copy_decompress_none.c.obj    8      0         0      
       pre_init.c.obj                2      0         0      
       startup.c.obj                 1      0         0      
    +--+-----------------------------+------+---------+---------+
       Total:                        352    0         10     
                                                             
    /Users/joshfeather/ti/C2000Ware_5_03_00_00/driverlib/f2837xd/driverlib/ccs/Debug/driverlib_eabi.lib
       sysctl.obj                    1187   194       0      
       gpio.obj                      384    188       0      
       interrupt.obj                 214    0         0      
    +--+-----------------------------+------+---------+---------+
       Total:                        1785   382       0      
                                                             
       Stack:                        0      0         1016   
       Linker Generated:             0      18        0      
    +--+-----------------------------+------+---------+---------+
       Grand Total:                  3432   497       1033   


LINKER GENERATED COPY TABLES

__TI_cinit_table @ 00000136 records: 1, size/record: 4, table size: 4
	.data: load addr=00000128, load size=0000000a bytes, run addr=0000a9e0, run size=00000011 bytes, compression=lzss


LINKER GENERATED HANDLER TABLE

__TI_handler_table @ 00000132 records: 2, size/record: 2, table size: 4
	index: 0, handler: __TI_decompress_lzss
	index: 1, handler: __TI_decompress_none


GLOBAL DATA SYMBOLS: SORTED BY DATA PAGE

address     data page           name
--------    ----------------    ----
00000400      10 (00000400)     __stack

0000a9e0     2a7 (0000a9c0)     Example_Result
0000a9e2     2a7 (0000a9c0)     Example_PassCount
0000a9e4     2a7 (0000a9c0)     Example_Fail
0000a9e6     2a7 (0000a9c0)     __TI_enable_exit_profile_output
0000a9e8     2a7 (0000a9c0)     __TI_cleanup_ptr
0000a9ea     2a7 (0000a9c0)     __TI_dtors_ptr
0000a9ec     2a7 (0000a9c0)     _lock
0000a9ee     2a7 (0000a9c0)     _unlock
0000a9f0     2a7 (0000a9c0)     buttonPressed


GLOBAL SYMBOLS: SORTED ALPHABETICALLY BY Name 

page  address   name                                     
----  -------   ----                                     
0     0000835e  C$$EXIT                                  
0     0000b273  Device_bootCPU2                          
0     0000b242  Device_configureTMXAnalogTrim            
0     0000b0f0  Device_enableAllPeripherals              
0     0000b22c  Device_enableUnbondedGPIOPullups         
0     0000b20f  Device_enableUnbondedGPIOPullupsFor100Pin
0     0000b1fc  Device_enableUnbondedGPIOPullupsFor176Pin
0     0000b0ae  Device_init                              
0     0000b1db  Device_initGPIO                          
1     0000a9e4  Example_Fail                             
1     0000a9e2  Example_PassCount                        
1     0000a9e0  Example_Result                           
0     0000b3fe  Example_done                             
0     0000b3f9  Example_setResultFail                    
0     0000b3f4  Example_setResultPass                    
0     00008190  GPIO_setControllerCore                   
0     000082d2  GPIO_setDirectionMode                    
0     0000826c  GPIO_setInterruptPin                     
0     00008068  GPIO_setPadConfig                        
0     000081c7  GPIO_setPinConfig                        
0     000081fe  GPIO_setQualificationMode                
0     0000846b  Interrupt_defaultHandler                 
0     00008235  Interrupt_enable                         
0     00008522  Interrupt_illegalOperationHandler        
0     00008153  Interrupt_initModule                     
0     000083ce  Interrupt_initVectorTable                
0     0000852c  Interrupt_nmiHandler                     
0     00000123  SysCtl_delay                             
0     000080ba  SysCtl_getClock                          
0     00008000  SysCtl_getDeviceParametric               
0     00008423  SysCtl_getLowSpeedClock                  
0     0000810b  SysCtl_selectOscSource                   
0     0000b6dc  SysCtl_selectXTAL                        
0     0000b3ff  SysCtl_setClock                          
0     00000136  __TI_CINIT_Base                          
0     0000013a  __TI_CINIT_Limit                         
0     0000013a  __TI_CINIT_Warm                          
0     00000132  __TI_Handler_Table_Base                  
0     00000136  __TI_Handler_Table_Limit                 
1     000007f8  __TI_STACK_END                           
abs   000003f8  __TI_STACK_SIZE                          
0     00008333  __TI_auto_init_nobinit_nopinit           
1     0000a9e8  __TI_cleanup_ptr                         
0     00008303  __TI_decompress_lzss                     
0     00008550  __TI_decompress_none                     
1     0000a9ea  __TI_dtors_ptr                           
1     0000a9e6  __TI_enable_exit_profile_output          
abs   ffffffff  __TI_pprof_out_hndl                      
abs   ffffffff  __TI_prof_data_size                      
abs   ffffffff  __TI_prof_data_start                     
0     0000b76c  __c28xabi_divf                           
n/a   UNDEFED   __c_args__                               
0     0000b3ed  __error__                                
1     00000400  __stack                                  
0     0000b7f4  _args_main                               
0     00008454  _c_int00                                 
1     0000a9ec  _lock                                    
0     00008547  _nop                                     
0     00008543  _register_lock                           
0     0000853f  _register_unlock                         
0     00008561  _system_post_cinit                       
0     0000855f  _system_pre_init                         
1     0000a9ee  _unlock                                  
0     0000835e  abort                                    
1     0000a9f0  buttonPressed                            
0     00000000  code_start                               
0     00008360  exit                                     
0     000082a0  gpioInterruptHandler                     
0     0000b68a  main                                     
0     000083ec  memcpy                                   


GLOBAL SYMBOLS: SORTED BY Symbol Address 

page  address   name                                     
----  -------   ----                                     
0     00000000  code_start                               
0     00000123  SysCtl_delay                             
0     00000132  __TI_Handler_Table_Base                  
0     00000136  __TI_CINIT_Base                          
0     00000136  __TI_Handler_Table_Limit                 
0     0000013a  __TI_CINIT_Limit                         
0     0000013a  __TI_CINIT_Warm                          
0     00008000  SysCtl_getDeviceParametric               
0     00008068  GPIO_setPadConfig                        
0     000080ba  SysCtl_getClock                          
0     0000810b  SysCtl_selectOscSource                   
0     00008153  Interrupt_initModule                     
0     00008190  GPIO_setControllerCore                   
0     000081c7  GPIO_setPinConfig                        
0     000081fe  GPIO_setQualificationMode                
0     00008235  Interrupt_enable                         
0     0000826c  GPIO_setInterruptPin                     
0     000082a0  gpioInterruptHandler                     
0     000082d2  GPIO_setDirectionMode                    
0     00008303  __TI_decompress_lzss                     
0     00008333  __TI_auto_init_nobinit_nopinit           
0     0000835e  C$$EXIT                                  
0     0000835e  abort                                    
0     00008360  exit                                     
0     000083ce  Interrupt_initVectorTable                
0     000083ec  memcpy                                   
0     00008423  SysCtl_getLowSpeedClock                  
0     00008454  _c_int00                                 
0     0000846b  Interrupt_defaultHandler                 
0     00008522  Interrupt_illegalOperationHandler        
0     0000852c  Interrupt_nmiHandler                     
0     0000853f  _register_unlock                         
0     00008543  _register_lock                           
0     00008547  _nop                                     
0     00008550  __TI_decompress_none                     
0     0000855f  _system_pre_init                         
0     00008561  _system_post_cinit                       
0     0000b0ae  Device_init                              
0     0000b0f0  Device_enableAllPeripherals              
0     0000b1db  Device_initGPIO                          
0     0000b1fc  Device_enableUnbondedGPIOPullupsFor176Pin
0     0000b20f  Device_enableUnbondedGPIOPullupsFor100Pin
0     0000b22c  Device_enableUnbondedGPIOPullups         
0     0000b242  Device_configureTMXAnalogTrim            
0     0000b273  Device_bootCPU2                          
0     0000b3ed  __error__                                
0     0000b3f4  Example_setResultPass                    
0     0000b3f9  Example_setResultFail                    
0     0000b3fe  Example_done                             
0     0000b3ff  SysCtl_setClock                          
0     0000b68a  main                                     
0     0000b6dc  SysCtl_selectXTAL                        
0     0000b76c  __c28xabi_divf                           
0     0000b7f4  _args_main                               
1     00000400  __stack                                  
1     000007f8  __TI_STACK_END                           
1     0000a9e0  Example_Result                           
1     0000a9e2  Example_PassCount                        
1     0000a9e4  Example_Fail                             
1     0000a9e6  __TI_enable_exit_profile_output          
1     0000a9e8  __TI_cleanup_ptr                         
1     0000a9ea  __TI_dtors_ptr                           
1     0000a9ec  _lock                                    
1     0000a9ee  _unlock                                  
1     0000a9f0  buttonPressed                            
abs   000003f8  __TI_STACK_SIZE                          
abs   ffffffff  __TI_pprof_out_hndl                      
abs   ffffffff  __TI_prof_data_size                      
abs   ffffffff  __TI_prof_data_start                     
n/a   UNDEFED   __c_args__                               

[70 symbols]
