******************************************************************************
             TMS320C2000 Linker Unix v22.6.1                   
******************************************************************************
>> Linked Tue Nov 26 13:52:33 2024

OUTPUT FILE NAME:   <Group53_Task6.6.out>
ENTRY POINT SYMBOL: "code_start"  address: 00000000


MEMORY CONFIGURATION

         name            origin    length      used     unused   attr    fill
----------------------  --------  ---------  --------  --------  ----  --------
PAGE 0:
  BEGIN                 00000000   00000002  00000002  00000000  RWIX
  RAMM0                 00000123   000002dd  00000048  00000295  RWIX
  RAMLS0                00008000   00000800  00000800  00000000  RWIX
  RAMLS1                00008800   00000800  00000800  00000000  RWIX
  RAMLS2                00009000   00000800  000007ff  00000001  RWIX
  RAMLS3                00009800   00000800  00000800  00000000  RWIX
  RAMLS4                0000a000   00000800  000001e0  00000620  RWIX
  RAMD0                 0000b000   00000800  00000800  00000000  RWIX
  FLASHA                00080002   00001ffe  00000000  00001ffe  RWIX
  FLASHB                00082000   00002000  00000000  00002000  RWIX
  FLASHC                00084000   00002000  00000000  00002000  RWIX
  FLASHD                00086000   00002000  00000000  00002000  RWIX
  FLASHE                00088000   00008000  00000000  00008000  RWIX
  FLASHF                00090000   00008000  00000000  00008000  RWIX
  FLASHG                00098000   00008000  00000000  00008000  RWIX
  FLASHH                000a0000   00008000  00000000  00008000  RWIX
  FLASHI                000a8000   00008000  00000000  00008000  RWIX
  FLASHJ                000b0000   00008000  00000000  00008000  RWIX
  FLASHK                000b8000   00002000  00000000  00002000  RWIX
  FLASHL                000ba000   00002000  00000000  00002000  RWIX
  FLASHM                000bc000   00002000  00000000  00002000  RWIX
  FLASHN                000be000   00001ff0  00000000  00001ff0  RWIX
  RESET                 003fffc0   00000002  00000000  00000002  RWIX

PAGE 1:
  BOOT_RSVD             00000002   00000121  00000000  00000121  RWIX
  RAMM1                 00000400   000003f8  00000100  000002f8  RWIX
  RAMLS5                0000a800   00000800  00000764  0000009c  RWIX
  RAMD1                 0000b800   00000800  00000000  00000800  RWIX
  RAMGS0                0000c000   00001000  00000000  00001000  RWIX
  RAMGS1                0000d000   00001000  00000000  00001000  RWIX
  RAMGS2                0000e000   00001000  00000000  00001000  RWIX
  RAMGS3                0000f000   00001000  00000000  00001000  RWIX
  RAMGS4                00010000   00001000  00000000  00001000  RWIX
  RAMGS5                00011000   00001000  00000000  00001000  RWIX
  RAMGS6                00012000   00001000  00000000  00001000  RWIX
  RAMGS7                00013000   00001000  000001ca  00000e36  RWIX
  RAMGS8                00014000   00001000  000000ff  00000f01  RWIX
  RAMGS9                00015000   00001000  00000000  00001000  RWIX
  RAMGS10               00016000   00001000  00000000  00001000  RWIX
  RAMGS11               00017000   00001000  00000000  00001000  RWIX
  RAMGS12               00018000   00001000  00000000  00001000  RWIX
  RAMGS13               00019000   00001000  00000000  00001000  RWIX
  RAMGS14               0001a000   00001000  00000000  00001000  RWIX
  RAMGS15               0001b000   00000ff8  00000000  00000ff8  RWIX
  CPU2TOCPU1RAM         0003f800   00000400  00000000  00000400  RWIX
  CPU1TOCPU2RAM         0003fc00   00000400  00000000  00000400  RWIX
  CANA_MSG_RAM          00049000   00000800  00000000  00000800  RWIX
  CANB_MSG_RAM          0004b000   00000800  00000000  00000800  RWIX


SECTION ALLOCATION MAP

 output                                  attributes/
section   page    origin      length       input sections
--------  ----  ----------  ----------   ----------------
codestart 
*          0    00000000    00000002     
                  00000000    00000002     F2837xD_CodeStartBranch.obj (codestart)

.cinit     0    00000128    00000044     
                  00000128    00000032     (.cinit..data.load) [load image, compression = lzss]
                  0000015a    00000006     (__TI_handler_table)
                  00000160    00000004     (.cinit..bss.load) [load image, compression = zero_init]
                  00000164    00000008     (__TI_cinit_table)

.reset     0    003fffc0    00000000     DSECT

.stack     1    00000400    00000100     UNINITIALIZED
                  00000400    00000100     --HOLE--

.sysmem    1    0000a800    00000400     UNINITIALIZED
                  0000a800    00000004     rts2800_fpu32_eabi.lib : memory.c.obj (.sysmem)
                  0000a804    000003fc     --HOLE--

.bss       1    00013000    000001ca     UNINITIALIZED
                  00013000    00000120     rts2800_fpu32_eabi.lib : trgmsg.c.obj (.bss:_CIOBUF_)
                  00013120    000000a0                            : defs.c.obj (.bss:__TI_tmpnams)
                  000131c0    00000008                            : hostopen.c.obj (.bss:parmbuf)
                  000131c8    00000002                            : memory.c.obj (.bss)

.init_array 
*          0    00000123    00000000     UNINITIALIZED

.const     1    0000ac00    00000364     
                  0000ac00    00000101     rts2800_fpu32_eabi.lib : ctype.c.obj (.const:.string:_ctypes_)
                  0000ad01    00000001     --HOLE-- [fill = 0]
                  0000ad02    000000c2     driverlib_eabi.lib : sysctl.obj (.const:.string)
                  0000adc4    000000bc                        : gpio.obj (.const:.string)
                  0000ae80    00000067     main.obj (.const:.string)
                  0000aee7    00000001     --HOLE-- [fill = 0]
                  0000aee8    00000026     rts2800_fpu32_eabi.lib : _printfi.c.obj (.const:.string)
                  0000af0e    0000001c                            : _printfi.c.obj (.const)
                  0000af2a    00000013     device.obj (.const:.string)
                  0000af3d    00000001     --HOLE-- [fill = 0]
                  0000af3e    00000002     rts2800_fpu32_eabi.lib : fputs.c.obj (.const:.string)
                  0000af40    0000001c                            : s_scalbn.c.obj (.const)
                  0000af5c    00000008                            : s_frexp.c.obj (.const)

.data      1    00014000    000000ff     UNINITIALIZED
                  00014000    00000078     rts2800_fpu32_eabi.lib : defs.c.obj (.data:_ftable)
                  00014078    00000048                            : host_device.c.obj (.data:_device)
                  000140c0    00000028                            : host_device.c.obj (.data:_stream)
                  000140e8    00000006     device.obj (.data)
                  000140ee    00000006     rts2800_fpu32_eabi.lib : exit.c.obj (.data)
                  000140f4    00000002                            : _lock.c.obj (.data:_lock)
                  000140f6    00000002                            : _lock.c.obj (.data:_unlock)
                  000140f8    00000002     main.obj (.data)
                  000140fa    00000001     rts2800_fpu32_eabi.lib : defs.c.obj (.data)
                  000140fb    00000001                            : errno.c.obj (.data)
                  000140fc    00000001                            : fopen.c.obj (.data)
                  000140fd    00000001                            : memory.c.obj (.data)
                  000140fe    00000001                            : open.c.obj (.data)

.TI.ramfunc 
*          0    00000123    00000004     
                  00000123    00000004     driverlib_eabi.lib : sysctl.obj (.TI.ramfunc)

GETBUFFER 
*          0    0003f800    00000000     DSECT

GETWRITEIDX 
*          0    0003f800    00000000     DSECT

PUTREADIDX 
*          0    0003f800    00000000     DSECT

.text.1    0    00008000    00000800     
                  00008000    00000614     rts2800_fpu32_eabi.lib : _printfi.c.obj (.text:__TI_printfi)
                  00008614    00000107                            : ll_div28.asm.obj (.text)
                  0000871b    000000a9                            : s_scalbn.c.obj (.text)
                  000087c4    0000003a                            : hostopen.c.obj (.text)
                  000087fe    00000002                            : pre_init.c.obj (.text)

.text.2    0    00008800    00000800     
                  00008800    000003ff     device.obj (.text)
                  00008bff    00000298     rts2800_fpu32_eabi.lib : memory.c.obj (.text)
                  00008e97    00000101     main.obj (.text)
                  00008f98    00000068     driverlib_eabi.lib : sysctl.obj (.text:SysCtl_getDeviceParametric)

.text.3    0    00009000    000007ff     
                  00009000    00000209     driverlib_eabi.lib : sysctl.obj (.text:SysCtl_setClock)
                  00009209    000000a8     rts2800_fpu32_eabi.lib : fputs.c.obj (.text)
                  000092b1    0000009c                            : fd_add28.asm.obj (.text)
                  0000934d    00000001                            : startup.c.obj (.text)
                  0000934e    00000095                            : trgmsg.c.obj (.text)
                  000093e3    00000090     driverlib_eabi.lib : sysctl.obj (.text:SysCtl_selectXTAL)
                  00009473    0000008b     rts2800_fpu32_eabi.lib : fd_div28.asm.obj (.text)
                  000094fe    00000088                            : fs_div28.asm.obj (.text)
                  00009586    00000083                            : fd_mpy28.asm.obj (.text)
                  00009609    0000007c                            : setvbuf.c.obj (.text)
                  00009685    00000073                            : fflush.c.obj (.text)
                  000096f8    00000071                            : open.c.obj (.text)
                  00009769    00000065                            : _io_perm.c.obj (.text)
                  000097ce    00000031     driverlib_eabi.lib : gpio.obj (.text:GPIO_setDirectionMode)

.text.4    0    00009800    00000800     
                  00009800    00000061     rts2800_fpu32_eabi.lib : hostlseek.c.obj (.text)
                  00009861    0000005d                            : fclose.c.obj (.text)
                  000098be    0000005a                            : s_frexp.c.obj (.text)
                  00009918    00000053                            : fputc.c.obj (.text)
                  0000996b    00000051     driverlib_eabi.lib : sysctl.obj (.text:SysCtl_getClock)
                  000099bc    00000051     rts2800_fpu32_eabi.lib : getdevice.c.obj (.text)
                  00009a0d    00000048     driverlib_eabi.lib : sysctl.obj (.text:SysCtl_selectOscSource)
                  00009a55    00000040     main.obj (.text:retain)
                  00009a95    0000003e     rts2800_fpu32_eabi.lib : hostrename.c.obj (.text)
                  00009ad3    0000003d     driverlib_eabi.lib : interrupt.obj (.text:Interrupt_initModule)
                  00009b10    0000003d     rts2800_fpu32_eabi.lib : fseek.c.obj (.text)
                  00009b4d    00000039                            : hostwrite.c.obj (.text)
                  00009b86    00000038                            : hostread.c.obj (.text)
                  00009bbe    00000037     driverlib_eabi.lib : gpio.obj (.text:GPIO_setControllerCore)
                  00009bf5    00000037                        : gpio.obj (.text:GPIO_setPinConfig)
                  00009c2c    00000037                        : gpio.obj (.text:GPIO_setQualificationMode)
                  00009c63    00000037                        : interrupt.obj (.text:Interrupt_enable)
                  00009c9a    00000034     rts2800_fpu32_eabi.lib : printf.c.obj (.text)
                  00009cce    00000033                            : close.c.obj (.text)
                  00009d01    00000031                            : atoi.c.obj (.text)
                  00009d32    00000030                            : copy_decompress_lzss.c.obj (.text:decompress:lzss)
                  00009d62    00000030                            : _ltoa.c.obj (.text)
                  00009d92    0000002b                            : autoinit.c.obj (.text:__TI_auto_init_nobinit_nopinit)
                  00009dbd    0000002a                            : fd_cmp28.asm.obj (.text)
                  00009de7    0000002a                            : l_div28.asm.obj (.text)
                  00009e11    00000029                            : exit.c.obj (.text)
                  00009e3a    00000029                            : hostclose.c.obj (.text)
                  00009e63    00000028     driverlib_eabi.lib : sysctl.obj (.text:CPUTimer_selectClockSource)
                  00009e8b    00000024     rts2800_fpu32_eabi.lib : hostunlink.c.obj (.text)
                  00009eaf    00000024                            : s_copysign.c.obj (.text)
                  00009ed3    00000021                            : fd_toi28.asm.obj (.text)
                  00009ef4    0000001f     driverlib_eabi.lib : sysctl.obj (.text:CPUTimer_getTimerOverflowStatus)
                  00009f13    0000001f     rts2800_fpu32_eabi.lib : fd_tol28.asm.obj (.text)
                  00009f32    0000001e     driverlib_eabi.lib : interrupt.obj (.text:Interrupt_initVectorTable)
                  00009f50    0000001e     rts2800_fpu32_eabi.lib : ll_cmp28.asm.obj (.text)
                  00009f6e    0000001d                            : memcpy.c.obj (.text)
                  00009f8b    0000001c                            : l_tofd28.asm.obj (.text)
                  00009fa7    0000001a     driverlib_eabi.lib : sysctl.obj (.text:CPUTimer_startTimer)
                  00009fc1    0000001a                        : sysctl.obj (.text:SysCtl_getLowSpeedClock)
                  00009fdb    00000019     rts2800_fpu32_eabi.lib : unlink.c.obj (.text)
                  00009ff4    0000000c                            : args_main.c.obj (.text)

.text.5    0    0000a000    000001e0     
                  0000a000    00000019     rts2800_fpu32_eabi.lib : write.c.obj (.text)
                  0000a019    00000018                            : ll_aox28.asm.obj (.text)
                  0000a031    00000018                            : lseek.c.obj (.text)
                  0000a049    00000017     driverlib_eabi.lib : sysctl.obj (.text:CPUTimer_isBaseValid)
                  0000a060    00000017     rts2800_fpu32_eabi.lib : boot28.asm.obj (.text)
                  0000a077    00000016     driverlib_eabi.lib : interrupt.obj (.text:Interrupt_defaultHandler)
                  0000a08d    00000015     rts2800_fpu32_eabi.lib : strncpy.c.obj (.text)
                  0000a0a2    00000014     driverlib_eabi.lib : sysctl.obj (.text:CPUTimer_stopTimer)
                  0000a0b6    00000012                        : sysctl.obj (.text:CPUTimer_clearOverflowFlag)
                  0000a0c8    00000012                        : sysctl.obj (.text:CPUTimer_disableInterrupt)
                  0000a0da    00000011                        : sysctl.obj (.text:CPUTimer_setPeriod)
                  0000a0eb    00000010     rts2800_fpu32_eabi.lib : memccpy.c.obj (.text)
                  0000a0fb    0000000f     driverlib_eabi.lib : sysctl.obj (.text:SysCtl_pollCpuTimer)
                  0000a10a    0000000e                        : gpio.obj (.text:GPIO_isPinValid)
                  0000a118    0000000e     rts2800_fpu32_eabi.lib : fd_sub28.asm.obj (.text)
                  0000a126    0000000d     driverlib_eabi.lib : interrupt.obj (.text:Interrupt_disableGlobal)
                  0000a133    0000000d                        : interrupt.obj (.text:Interrupt_enableGlobal)
                  0000a140    0000000d     rts2800_fpu32_eabi.lib : copy_zero_init.c.obj (.text:decompress:ZI:__TI_zero_init_nomemset)
                  0000a14d    0000000d                            : memchr.c.obj (.text)
                  0000a15a    0000000c                            : strchr.c.obj (.text)
                  0000a166    0000000b     driverlib_eabi.lib : sysctl.obj (.text:SysCtl_isMCDClockFailureDetected)
                  0000a171    0000000b     rts2800_fpu32_eabi.lib : wcslen.c.obj (.text)
                  0000a17c    0000000a     driverlib_eabi.lib : interrupt.obj (.text:Interrupt_illegalOperationHandler)
                  0000a186    0000000a                        : interrupt.obj (.text:Interrupt_nmiHandler)
                  0000a190    0000000a     rts2800_fpu32_eabi.lib : strcmp.c.obj (.text)
                  0000a19a    00000009     driverlib_eabi.lib : sysctl.obj (.text:SysCtl_serviceWatchdog)
                  0000a1a3    00000009     rts2800_fpu32_eabi.lib : _lock.c.obj (.text)
                  0000a1ac    00000009                            : fd_neg28.asm.obj (.text)
                  0000a1b5    00000008     F2837xD_CodeStartBranch.obj (.text)
                  0000a1bd    00000008     rts2800_fpu32_eabi.lib : copy_decompress_none.c.obj (.text:decompress:none)
                  0000a1c5    00000008                            : strlen.c.obj (.text)
                  0000a1cd    00000007     driverlib_eabi.lib : sysctl.obj (.text:SysCtl_resetMCD)
                  0000a1d4    00000007     rts2800_fpu32_eabi.lib : memset.c.obj (.text)
                  0000a1db    00000005                            : strcpy.c.obj (.text)

.text.6    0    0000b000    00000800     
                  0000b000    000006c2     rts2800_fpu32_eabi.lib : _printfi.c.obj (.text)
                  0000b6c2    00000121                            : fopen.c.obj (.text)
                  0000b7e3    0000001d                            : i_tofd28.asm.obj (.text)

MODULE SUMMARY

       Module                        code    ro data   rw data
       ------                        ----    -------   -------
    ./
       main.obj                      321     103       2      
    +--+-----------------------------+-------+---------+---------+
       Total:                        321     103       2      
                                                              
    ./device/
       device.obj                    1023    19        6      
       F2837xD_CodeStartBranch.obj   10      0         0      
    +--+-----------------------------+-------+---------+---------+
       Total:                        1033    19        6      
                                                              
    /Applications/ti/ccs1280/ccs/tools/compiler/ti-cgt-c2000_22.6.1.LTS/lib/rts2800_fpu32_eabi.lib
       _printfi.c.obj                3286    66        0      
       memory.c.obj                  664     0         3      
       trgmsg.c.obj                  149     0         288    
       fopen.c.obj                   289     0         1      
       defs.c.obj                    0       0         281    
       ll_div28.asm.obj              263     0         0      
       ctype.c.obj                   0       257       0      
       s_scalbn.c.obj                169     28        0      
       fputs.c.obj                   168     2         0      
       fd_add28.asm.obj              156     0         0      
       fd_div28.asm.obj              139     0         0      
       fs_div28.asm.obj              136     0         0      
       fd_mpy28.asm.obj              131     0         0      
       setvbuf.c.obj                 124     0         0      
       fflush.c.obj                  115     0         0      
       open.c.obj                    113     0         1      
       host_device.c.obj             0       0         112    
       _io_perm.c.obj                101     0         0      
       s_frexp.c.obj                 90      8         0      
       hostlseek.c.obj               97      0         0      
       fclose.c.obj                  93      0         0      
       fputc.c.obj                   83      0         0      
       getdevice.c.obj               81      0         0      
       hostopen.c.obj                58      0         8      
       hostrename.c.obj              62      0         0      
       fseek.c.obj                   61      0         0      
       hostwrite.c.obj               57      0         0      
       hostread.c.obj                56      0         0      
       printf.c.obj                  52      0         0      
       close.c.obj                   51      0         0      
       atoi.c.obj                    49      0         0      
       _ltoa.c.obj                   48      0         0      
       copy_decompress_lzss.c.obj    48      0         0      
       exit.c.obj                    41      0         6      
       autoinit.c.obj                43      0         0      
       fd_cmp28.asm.obj              42      0         0      
       l_div28.asm.obj               42      0         0      
       hostclose.c.obj               41      0         0      
       hostunlink.c.obj              36      0         0      
       s_copysign.c.obj              36      0         0      
       fd_toi28.asm.obj              33      0         0      
       fd_tol28.asm.obj              31      0         0      
       ll_cmp28.asm.obj              30      0         0      
       i_tofd28.asm.obj              29      0         0      
       memcpy.c.obj                  29      0         0      
       l_tofd28.asm.obj              28      0         0      
       unlink.c.obj                  25      0         0      
       write.c.obj                   25      0         0      
       ll_aox28.asm.obj              24      0         0      
       lseek.c.obj                   24      0         0      
       boot28.asm.obj                23      0         0      
       strncpy.c.obj                 21      0         0      
       memccpy.c.obj                 16      0         0      
       fd_sub28.asm.obj              14      0         0      
       _lock.c.obj                   9       0         4      
       copy_zero_init.c.obj          13      0         0      
       memchr.c.obj                  13      0         0      
       args_main.c.obj               12      0         0      
       strchr.c.obj                  12      0         0      
       wcslen.c.obj                  11      0         0      
       strcmp.c.obj                  10      0         0      
       fd_neg28.asm.obj              9       0         0      
       copy_decompress_none.c.obj    8       0         0      
       strlen.c.obj                  8       0         0      
       memset.c.obj                  7       0         0      
       strcpy.c.obj                  5       0         0      
       pre_init.c.obj                2       0         0      
       errno.c.obj                   0       0         1      
       startup.c.obj                 1       0         0      
    +--+-----------------------------+-------+---------+---------+
       Total:                        7742    361       705    
                                                              
    /Users/joshfeather/ti/C2000Ware_5_03_00_00/driverlib/f2837xd/driverlib/ccs/Debug/driverlib_eabi.lib
       sysctl.obj                    1187    194       0      
       gpio.obj                      228     188       0      
       interrupt.obj                 214     0         0      
    +--+-----------------------------+-------+---------+---------+
       Total:                        1629    382       0      
                                                              
       Heap:                         0       0         1024   
       Stack:                        0       0         256    
       Linker Generated:             0       68        0      
    +--+-----------------------------+-------+---------+---------+
       Grand Total:                  10725   933       1993   


LINKER GENERATED COPY TABLES

__TI_cinit_table @ 00000164 records: 2, size/record: 4, table size: 8
	.data: load addr=00000128, load size=00000032 bytes, run addr=00014000, run size=000000ff bytes, compression=lzss
	.bss: load addr=00000160, load size=00000004 bytes, run addr=00013000, run size=000001ca bytes, compression=zero_init


LINKER GENERATED HANDLER TABLE

__TI_handler_table @ 0000015a records: 3, size/record: 2, table size: 6
	index: 0, handler: __TI_zero_init
	index: 1, handler: __TI_decompress_lzss
	index: 2, handler: __TI_decompress_none


GLOBAL DATA SYMBOLS: SORTED BY DATA PAGE

address     data page           name
--------    ----------------    ----
00000400      10 (00000400)     __stack

0000a800     2a0 (0000a800)     _sys_memory

0000ac00     2b0 (0000ac00)     _ctypes_

00013000     4c0 (00013000)     __CIOBUF_

00013120     4c4 (00013100)     __TI_tmpnams

000131c0     4c7 (000131c0)     parmbuf

00014000     500 (00014000)     _ftable

00014078     501 (00014040)     _device

000140c0     503 (000140c0)     _stream
000140e8     503 (000140c0)     Example_Result
000140ea     503 (000140c0)     Example_PassCount
000140ec     503 (000140c0)     Example_Fail
000140ee     503 (000140c0)     __TI_enable_exit_profile_output
000140f0     503 (000140c0)     __TI_cleanup_ptr
000140f2     503 (000140c0)     __TI_dtors_ptr
000140f4     503 (000140c0)     _lock
000140f6     503 (000140c0)     _unlock
000140f8     503 (000140c0)     wave
000140f9     503 (000140c0)     flag
000140fa     503 (000140c0)     __TI_ft_end
000140fb     503 (000140c0)     errno


GLOBAL SYMBOLS: SORTED ALPHABETICALLY BY Name 

page  address   name                                     
----  -------   ----                                     
0     00009e11  C$$EXIT                                  
0     000093a1  C$$IO$$                                  
0     00008a73  Device_bootCPU2                          
0     00008a42  Device_configureTMXAnalogTrim            
0     000088f0  Device_enableAllPeripherals              
0     00008a2c  Device_enableUnbondedGPIOPullups         
0     00008a0f  Device_enableUnbondedGPIOPullupsFor100Pin
0     000089fc  Device_enableUnbondedGPIOPullupsFor176Pin
0     000088ae  Device_init                              
0     000089db  Device_initGPIO                          
1     000140ec  Example_Fail                             
1     000140ea  Example_PassCount                        
1     000140e8  Example_Result                           
0     00008bfe  Example_done                             
0     00008bf9  Example_setResultFail                    
0     00008bf4  Example_setResultPass                    
0     00009bbe  GPIO_setControllerCore                   
0     000097ce  GPIO_setDirectionMode                    
0     00009bf5  GPIO_setPinConfig                        
0     00009c2c  GPIO_setQualificationMode                
0     00009e3a  HOSTclose                                
0     00009800  HOSTlseek                                
0     000087c4  HOSTopen                                 
0     00009b86  HOSTread                                 
0     00009a95  HOSTrename                               
0     00009e8b  HOSTunlink                               
0     00009b4d  HOSTwrite                                
0     0000a077  Interrupt_defaultHandler                 
0     00009c63  Interrupt_enable                         
0     0000a17c  Interrupt_illegalOperationHandler        
0     00009ad3  Interrupt_initModule                     
0     00009f32  Interrupt_initVectorTable                
0     0000a186  Interrupt_nmiHandler                     
0     00000123  SysCtl_delay                             
0     0000996b  SysCtl_getClock                          
0     00008f98  SysCtl_getDeviceParametric               
0     00009fc1  SysCtl_getLowSpeedClock                  
0     00009a0d  SysCtl_selectOscSource                   
0     000093e3  SysCtl_selectXTAL                        
0     00009000  SysCtl_setClock                          
1     00013000  __CIOBUF_                                
0     00000164  __TI_CINIT_Base                          
0     0000016c  __TI_CINIT_Limit                         
0     0000016c  __TI_CINIT_Warm                          
0     0000015a  __TI_Handler_Table_Base                  
0     00000160  __TI_Handler_Table_Limit                 
1     00000500  __TI_STACK_END                           
abs   00000100  __TI_STACK_SIZE                          
abs   00000400  __TI_SYSMEM_SIZE                         
0     00009d92  __TI_auto_init_nobinit_nopinit           
0     0000b761  __TI_cleanup                             
1     000140f0  __TI_cleanup_ptr                         
0     00009861  __TI_closefile                           
0     00009d32  __TI_decompress_lzss                     
0     0000a1bd  __TI_decompress_none                     
0     00009685  __TI_doflush                             
1     000140f2  __TI_dtors_ptr                           
1     000140ee  __TI_enable_exit_profile_output          
1     000140fa  __TI_ft_end                              
0     00008e95  __TI_heap_check                          
0     00008e76  __TI_heap_largest_available              
0     00008e57  __TI_heap_total_available                
0     00009d62  __TI_ltoa                                
abs   ffffffff  __TI_pprof_out_hndl                      
0     0000848f  __TI_printfi                             
abs   ffffffff  __TI_prof_data_size                      
abs   ffffffff  __TI_prof_data_start                     
0     000097a3  __TI_rd_ok                               
0     000093a6  __TI_readmsg                             
1     00013120  __TI_tmpnams                             
0     0000934e  __TI_writemsg                            
0     00009769  __TI_wrt_ok                              
0     0000a140  __TI_zero_init_nomemset                  
0     000092b1  __c28xabi_addd                           
0     0000a019  __c28xabi_andll                          
0     00009dbd  __c28xabi_cmpd                           
0     00009f50  __c28xabi_cmpll                          
0     00009f62  __c28xabi_cmpull                         
0     00009473  __c28xabi_divd                           
0     000094fe  __c28xabi_divf                           
0     00009de7  __c28xabi_divl                           
0     00008614  __c28xabi_divll                          
0     00009e04  __c28xabi_divul                          
0     0000868a  __c28xabi_divull                         
0     00009ed3  __c28xabi_dtoi                           
0     00009f13  __c28xabi_dtol                           
0     0000b7e3  __c28xabi_itod                           
0     00009f8b  __c28xabi_ltod                           
0     00009df6  __c28xabi_modl                           
0     00008650  __c28xabi_modll                          
0     00009e0b  __c28xabi_modul                          
0     000086b9  __c28xabi_modull                         
0     00009586  __c28xabi_mpyd                           
0     0000a1ac  __c28xabi_negd                           
0     0000a021  __c28xabi_orll                           
0     0000a118  __c28xabi_subd                           
0     0000a029  __c28xabi_xorll                          
n/a   UNDEFED   __c_args__                               
0     00008bed  __error__                                
1     00000400  __stack                                  
0     00009ff4  _args_main                               
0     0000a060  _c_int00                                 
1     0000ac00  _ctypes_                                 
1     00014078  _device                                  
1     00014000  _ftable                                  
1     000140f4  _lock                                    
0     0000a1ab  _nop                                     
0     0000a1a7  _register_lock                           
0     0000a1a3  _register_unlock                         
1     000140c0  _stream                                  
1     0000a800  _sys_memory                              
0     0000934d  _system_post_cinit                       
0     000087fe  _system_pre_init                         
1     000140f6  _unlock                                  
0     00009e11  abort                                    
0     00008da9  aligned_alloc                            
0     00009d01  atoi                                     
0     00008d7c  calloc                                   
0     00009cce  close                                    
0     00000000  code_start                               
0     00009eaf  copysign                                 
0     00009eaf  copysignl                                
1     000140fb  errno                                    
0     00009e13  exit                                     
0     000098a5  fclose                                   
0     000096b4  fflush                                   
0     000099bc  finddevice                               
1     000140f9  flag                                     
0     0000b79c  fopen                                    
0     00009918  fputc                                    
0     00009209  fputs                                    
0     00008c2a  free                                     
0     0000b77e  freopen                                  
0     000098be  frexp                                    
0     000098be  frexpl                                   
0     00009b10  fseek                                    
0     00009b10  fseeko                                   
0     000099d7  getdevice                                
0     0000871b  ldexp                                    
0     0000871b  ldexpl                                   
0     0000a031  lseek                                    
0     00008f54  main                                     
0     00008bff  malloc                                   
0     00008da9  memalign                                 
0     0000a0eb  memccpy                                  
0     0000a14d  memchr                                   
0     00009f6e  memcpy                                   
0     0000a1d4  memset                                   
0     00008d78  minit                                    
0     000096f8  open                                     
1     000131c0  parmbuf                                  
0     00009ca0  printf                                   
0     00009918  putc                                     
0     00009966  putchar                                  
0     0000929e  puts                                     
0     00008cf4  realloc                                  
0     00009fdb  remove                                   
0     0000871b  scalbn                                   
0     0000871b  scalbnl                                  
0     00009609  setvbuf                                  
0     0000a15a  strchr                                   
0     0000a190  strcmp                                   
0     0000a1db  strcpy                                   
0     0000a1c5  strlen                                   
0     0000a08d  strncpy                                  
0     00008f6d  timerINIT                                
0     00009a55  timerISR                                 
0     00009fdb  unlink                                   
1     000140f8  wave                                     
0     0000a171  wcslen                                   
0     0000a000  write                                    


GLOBAL SYMBOLS: SORTED BY Symbol Address 

page  address   name                                     
----  -------   ----                                     
0     00000000  code_start                               
0     00000123  SysCtl_delay                             
0     0000015a  __TI_Handler_Table_Base                  
0     00000160  __TI_Handler_Table_Limit                 
0     00000164  __TI_CINIT_Base                          
0     0000016c  __TI_CINIT_Limit                         
0     0000016c  __TI_CINIT_Warm                          
0     0000848f  __TI_printfi                             
0     00008614  __c28xabi_divll                          
0     00008650  __c28xabi_modll                          
0     0000868a  __c28xabi_divull                         
0     000086b9  __c28xabi_modull                         
0     0000871b  ldexp                                    
0     0000871b  ldexpl                                   
0     0000871b  scalbn                                   
0     0000871b  scalbnl                                  
0     000087c4  HOSTopen                                 
0     000087fe  _system_pre_init                         
0     000088ae  Device_init                              
0     000088f0  Device_enableAllPeripherals              
0     000089db  Device_initGPIO                          
0     000089fc  Device_enableUnbondedGPIOPullupsFor176Pin
0     00008a0f  Device_enableUnbondedGPIOPullupsFor100Pin
0     00008a2c  Device_enableUnbondedGPIOPullups         
0     00008a42  Device_configureTMXAnalogTrim            
0     00008a73  Device_bootCPU2                          
0     00008bed  __error__                                
0     00008bf4  Example_setResultPass                    
0     00008bf9  Example_setResultFail                    
0     00008bfe  Example_done                             
0     00008bff  malloc                                   
0     00008c2a  free                                     
0     00008cf4  realloc                                  
0     00008d78  minit                                    
0     00008d7c  calloc                                   
0     00008da9  aligned_alloc                            
0     00008da9  memalign                                 
0     00008e57  __TI_heap_total_available                
0     00008e76  __TI_heap_largest_available              
0     00008e95  __TI_heap_check                          
0     00008f54  main                                     
0     00008f6d  timerINIT                                
0     00008f98  SysCtl_getDeviceParametric               
0     00009000  SysCtl_setClock                          
0     00009209  fputs                                    
0     0000929e  puts                                     
0     000092b1  __c28xabi_addd                           
0     0000934d  _system_post_cinit                       
0     0000934e  __TI_writemsg                            
0     000093a1  C$$IO$$                                  
0     000093a6  __TI_readmsg                             
0     000093e3  SysCtl_selectXTAL                        
0     00009473  __c28xabi_divd                           
0     000094fe  __c28xabi_divf                           
0     00009586  __c28xabi_mpyd                           
0     00009609  setvbuf                                  
0     00009685  __TI_doflush                             
0     000096b4  fflush                                   
0     000096f8  open                                     
0     00009769  __TI_wrt_ok                              
0     000097a3  __TI_rd_ok                               
0     000097ce  GPIO_setDirectionMode                    
0     00009800  HOSTlseek                                
0     00009861  __TI_closefile                           
0     000098a5  fclose                                   
0     000098be  frexp                                    
0     000098be  frexpl                                   
0     00009918  fputc                                    
0     00009918  putc                                     
0     00009966  putchar                                  
0     0000996b  SysCtl_getClock                          
0     000099bc  finddevice                               
0     000099d7  getdevice                                
0     00009a0d  SysCtl_selectOscSource                   
0     00009a55  timerISR                                 
0     00009a95  HOSTrename                               
0     00009ad3  Interrupt_initModule                     
0     00009b10  fseek                                    
0     00009b10  fseeko                                   
0     00009b4d  HOSTwrite                                
0     00009b86  HOSTread                                 
0     00009bbe  GPIO_setControllerCore                   
0     00009bf5  GPIO_setPinConfig                        
0     00009c2c  GPIO_setQualificationMode                
0     00009c63  Interrupt_enable                         
0     00009ca0  printf                                   
0     00009cce  close                                    
0     00009d01  atoi                                     
0     00009d32  __TI_decompress_lzss                     
0     00009d62  __TI_ltoa                                
0     00009d92  __TI_auto_init_nobinit_nopinit           
0     00009dbd  __c28xabi_cmpd                           
0     00009de7  __c28xabi_divl                           
0     00009df6  __c28xabi_modl                           
0     00009e04  __c28xabi_divul                          
0     00009e0b  __c28xabi_modul                          
0     00009e11  C$$EXIT                                  
0     00009e11  abort                                    
0     00009e13  exit                                     
0     00009e3a  HOSTclose                                
0     00009e8b  HOSTunlink                               
0     00009eaf  copysign                                 
0     00009eaf  copysignl                                
0     00009ed3  __c28xabi_dtoi                           
0     00009f13  __c28xabi_dtol                           
0     00009f32  Interrupt_initVectorTable                
0     00009f50  __c28xabi_cmpll                          
0     00009f62  __c28xabi_cmpull                         
0     00009f6e  memcpy                                   
0     00009f8b  __c28xabi_ltod                           
0     00009fc1  SysCtl_getLowSpeedClock                  
0     00009fdb  remove                                   
0     00009fdb  unlink                                   
0     00009ff4  _args_main                               
0     0000a000  write                                    
0     0000a019  __c28xabi_andll                          
0     0000a021  __c28xabi_orll                           
0     0000a029  __c28xabi_xorll                          
0     0000a031  lseek                                    
0     0000a060  _c_int00                                 
0     0000a077  Interrupt_defaultHandler                 
0     0000a08d  strncpy                                  
0     0000a0eb  memccpy                                  
0     0000a118  __c28xabi_subd                           
0     0000a140  __TI_zero_init_nomemset                  
0     0000a14d  memchr                                   
0     0000a15a  strchr                                   
0     0000a171  wcslen                                   
0     0000a17c  Interrupt_illegalOperationHandler        
0     0000a186  Interrupt_nmiHandler                     
0     0000a190  strcmp                                   
0     0000a1a3  _register_unlock                         
0     0000a1a7  _register_lock                           
0     0000a1ab  _nop                                     
0     0000a1ac  __c28xabi_negd                           
0     0000a1bd  __TI_decompress_none                     
0     0000a1c5  strlen                                   
0     0000a1d4  memset                                   
0     0000a1db  strcpy                                   
0     0000b761  __TI_cleanup                             
0     0000b77e  freopen                                  
0     0000b79c  fopen                                    
0     0000b7e3  __c28xabi_itod                           
1     00000400  __stack                                  
1     00000500  __TI_STACK_END                           
1     0000a800  _sys_memory                              
1     0000ac00  _ctypes_                                 
1     00013000  __CIOBUF_                                
1     00013120  __TI_tmpnams                             
1     000131c0  parmbuf                                  
1     00014000  _ftable                                  
1     00014078  _device                                  
1     000140c0  _stream                                  
1     000140e8  Example_Result                           
1     000140ea  Example_PassCount                        
1     000140ec  Example_Fail                             
1     000140ee  __TI_enable_exit_profile_output          
1     000140f0  __TI_cleanup_ptr                         
1     000140f2  __TI_dtors_ptr                           
1     000140f4  _lock                                    
1     000140f6  _unlock                                  
1     000140f8  wave                                     
1     000140f9  flag                                     
1     000140fa  __TI_ft_end                              
1     000140fb  errno                                    
abs   00000100  __TI_STACK_SIZE                          
abs   00000400  __TI_SYSMEM_SIZE                         
abs   ffffffff  __TI_pprof_out_hndl                      
abs   ffffffff  __TI_prof_data_size                      
abs   ffffffff  __TI_prof_data_start                     
n/a   UNDEFED   __c_args__                               

[171 symbols]
