******************************************************************************
             TMS320C2000 Linker PC v22.6.0                     
******************************************************************************
>> Linked Fri Oct 25 16:30:26 2024

OUTPUT FILE NAME:   <FIR_Timer_NR.out>
ENTRY POINT SYMBOL: "code_start"  address: 00000000


MEMORY CONFIGURATION

         name            origin    length      used     unused   attr    fill
----------------------  --------  ---------  --------  --------  ----  --------
PAGE 0:
  BEGIN                 00000000   00000002  00000002  00000000  RWIX
  RAMM0                 00000123   000002dd  00000030  000002ad  RWIX
  RAMLS0                00008000   00000800  0000078c  00000074  RWIX
  RAMLS1                00008800   00000800  00000000  00000800  RWIX
  RAMLS2                00009000   00000800  00000000  00000800  RWIX
  RAMLS3                00009800   00000800  00000000  00000800  RWIX
  RAMLS4                0000a000   00000800  00000000  00000800  RWIX
  RAMD0                 0000b000   00000800  00000800  00000000  RWIX
  FLASHA                00080002   00001ffe  00000000  00001ffe  RWIX
  FLASHB                00082000   00002000  00000000  00002000  RWIX
  FLASHC                00084000   00002000  00000000  00002000  RWIX
  FLASHD                00086000   00002000  00000000  00002000  RWIX
  FLASHE                00088000   00008000  00000000  00008000  RWIX
  FLASHF                00090000   00008000  00000000  00008000  RWIX
  FLASHG                00098000   00008000  00000000  00008000  RWIX
  FLASHH                000a0000   00008000  00000000  00008000  RWIX
  FLASHI                000a8000   00008000  00000000  00008000  RWIX
  FLASHJ                000b0000   00008000  00000000  00008000  RWIX
  FLASHK                000b8000   00002000  00000000  00002000  RWIX
  FLASHL                000ba000   00002000  00000000  00002000  RWIX
  FLASHM                000bc000   00002000  00000000  00002000  RWIX
  FLASHN                000be000   00001ff0  00000000  00001ff0  RWIX
  RESET                 003fffc0   00000002  00000000  00000002  RWIX

PAGE 1:
  BOOT_RSVD             00000002   00000121  00000000  00000121  RWIX
  RAMM1                 00000400   000003f8  000003f8  00000000  RWIX
  RAMLS5                0000a800   00000800  00000254  000005ac  RWIX
  RAMD1                 0000b800   00000800  00000000  00000800  RWIX
  RAMGS0                0000c000   00001000  00001000  00000000  RWIX
  RAMGS1                0000d000   00001000  00001000  00000000  RWIX
  RAMGS2                0000e000   00001000  0000000c  00000ff4  RWIX
  RAMGS3                0000f000   00001000  00000000  00001000  RWIX
  RAMGS4                00010000   00001000  00000000  00001000  RWIX
  RAMGS5                00011000   00001000  00000000  00001000  RWIX
  RAMGS6                00012000   00001000  00000000  00001000  RWIX
  RAMGS7                00013000   00001000  00000000  00001000  RWIX
  RAMGS8                00014000   00001000  00000000  00001000  RWIX
  RAMGS9                00015000   00001000  00000000  00001000  RWIX
  RAMGS10               00016000   00001000  00000000  00001000  RWIX
  RAMGS11               00017000   00001000  00000000  00001000  RWIX
  RAMGS12               00018000   00001000  00000000  00001000  RWIX
  RAMGS13               00019000   00001000  00000000  00001000  RWIX
  RAMGS14               0001a000   00001000  00000000  00001000  RWIX
  RAMGS15               0001b000   00000ff8  00000000  00000ff8  RWIX


SECTION ALLOCATION MAP

 output                                  attributes/
section   page    origin      length       input sections
--------  ----  ----------  ----------   ----------------
codestart 
*          0    00000000    00000002     
                  00000000    00000002     F2837xD_CodeStartBranch.obj (codestart)

.cinit     0    00000128    0000002c     
                  00000128    00000009     (.cinit..data.load) [load image, compression = lzss]
                  00000131    00000001     --HOLE-- [fill = 0]
                  00000132    00000006     (__TI_handler_table)
                  00000138    00000004     (.cinit..bss.1.load) [load image, compression = zero_init]
                  0000013c    00000004     (.cinit..bss.2.load) [load image, compression = zero_init]
                  00000140    00000004     (.cinit..bss.3.load) [load image, compression = zero_init]
                  00000144    00000010     (__TI_cinit_table)

.reset     0    003fffc0    00000000     DSECT

.stack     1    00000400    000003f8     UNINITIALIZED
                  00000400    000003f8     --HOLE--

.init_array 
*          0    00000123    00000000     UNINITIALIZED

.const     1    0000a800    00000244     
                  0000a800    000000c2     driverlib_eabi.lib : sysctl.obj (.const:.string)
                  0000a8c2    000000bc                        : gpio.obj (.const:.string)
                  0000a97e    00000062                        : cputimer.obj (.const:.string)
                  0000a9e0    00000048     FIR_TIMER.obj (.const:.string)
                  0000aa28    00000013     device.obj (.const:.string)
                  0000aa3b    00000001     --HOLE-- [fill = 0]
                  0000aa3c    00000008     FIR_TIMER.obj (.const)

.data      1    0000aa44    00000010     UNINITIALIZED
                  0000aa44    00000006     device.obj (.data)
                  0000aa4a    00000006     rts2800_fpu32_eabi.lib : exit.c.obj (.data)
                  0000aa50    00000002                            : _lock.c.obj (.data:_lock)
                  0000aa52    00000002                            : _lock.c.obj (.data:_unlock)

.TI.ramfunc 
*          0    00000123    00000004     
                  00000123    00000004     driverlib_eabi.lib : sysctl.obj (.TI.ramfunc)

.text.1    0    00008000    0000078c     
                  00008000    0000009f     FIR_TIMER.obj (.text:retain)
                  0000809f    00000090     driverlib_eabi.lib : sysctl.obj (.text:SysCtl_selectXTAL)
                  0000812f    00000088     rts2800_fpu32_eabi.lib : fs_div28.asm.obj (.text)
                  000081b7    00000083                            : fd_mpy28.asm.obj (.text)
                  0000823a    00000068     driverlib_eabi.lib : sysctl.obj (.text:SysCtl_getDeviceParametric)
                  000082a2    00000066     rts2800_fpu32_eabi.lib : s_sinf.c.obj (.text)
                  00008308    00000051     driverlib_eabi.lib : sysctl.obj (.text:SysCtl_getClock)
                  00008359    00000048                        : sysctl.obj (.text:SysCtl_selectOscSource)
                  000083a1    0000003d                        : interrupt.obj (.text:Interrupt_initModule)
                  000083de    00000037                        : gpio.obj (.text:GPIO_setControllerCore)
                  00008415    00000037                        : gpio.obj (.text:GPIO_setPinConfig)
                  0000844c    00000037                        : gpio.obj (.text:GPIO_setQualificationMode)
                  00008483    00000037                        : interrupt.obj (.text:Interrupt_enable)
                  000084ba    00000031                        : gpio.obj (.text:GPIO_setDirectionMode)
                  000084eb    0000002e     rts2800_fpu32_eabi.lib : copy_decompress_lzss.c.obj (.text:decompress:lzss)
                  00008519    0000002b                            : autoinit.c.obj (.text:__TI_auto_init_nobinit_nopinit)
                  00008544    00000029                            : exit.c.obj (.text)
                  0000856d    00000023                            : fd_tofsfpu32.asm.obj (.text)
                  00008590    0000001f     driverlib_eabi.lib : sysctl.obj (.text:CPUTimer_getTimerOverflowStatus)
                  000085af    0000001e                        : interrupt.obj (.text:Interrupt_initVectorTable)
                  000085cd    0000001d     rts2800_fpu32_eabi.lib : memcpy.c.obj (.text)
                  000085ea    0000001c                            : fs_tofdfpu32.asm.obj (.text)
                  00008606    0000001a     driverlib_eabi.lib : sysctl.obj (.text:CPUTimer_startTimer)
                  00008620    0000001a                        : sysctl.obj (.text:SysCtl_getLowSpeedClock)
                  0000863a    00000017                        : cputimer.obj (.text:CPUTimer_isBaseValid)
                  00008651    00000017                        : sysctl.obj (.text:CPUTimer_isBaseValid)
                  00008668    00000017     rts2800_fpu32_eabi.lib : boot28.asm.obj (.text)
                  0000867f    00000016     driverlib_eabi.lib : interrupt.obj (.text:Interrupt_defaultHandler)
                  00008695    00000014                        : sysctl.obj (.text:CPUTimer_stopTimer)
                  000086a9    00000013                        : cputimer.obj (.text:CPUTimer_setEmulationMode)
                  000086bc    00000012                        : sysctl.obj (.text:CPUTimer_clearOverflowFlag)
                  000086ce    00000012                        : sysctl.obj (.text:CPUTimer_disableInterrupt)
                  000086e0    00000011                        : sysctl.obj (.text:CPUTimer_setPeriod)
                  000086f1    0000000f                        : sysctl.obj (.text:SysCtl_pollCpuTimer)
                  00008700    0000000e                        : gpio.obj (.text:GPIO_isPinValid)
                  0000870e    0000000d                        : interrupt.obj (.text:Interrupt_disableGlobal)
                  0000871b    0000000d                        : interrupt.obj (.text:Interrupt_enableGlobal)
                  00008728    0000000c     rts2800_fpu32_eabi.lib : args_main.c.obj (.text)
                  00008734    0000000b     driverlib_eabi.lib : sysctl.obj (.text:SysCtl_isMCDClockFailureDetected)
                  0000873f    0000000a                        : interrupt.obj (.text:Interrupt_illegalOperationHandler)
                  00008749    0000000a                        : interrupt.obj (.text:Interrupt_nmiHandler)
                  00008753    00000009                        : sysctl.obj (.text:SysCtl_serviceWatchdog)
                  0000875c    00000009     rts2800_fpu32_eabi.lib : _lock.c.obj (.text)
                  00008765    00000008     F2837xD_CodeStartBranch.obj (.text)
                  0000876d    00000008     rts2800_fpu32_eabi.lib : copy_decompress_none.c.obj (.text:decompress:none)
                  00008775    00000007     driverlib_eabi.lib : sysctl.obj (.text:SysCtl_resetMCD)
                  0000877c    00000007     rts2800_fpu32_eabi.lib : memset.c.obj (.text)
                  00008783    00000006                            : copy_zero_init.c.obj (.text:decompress:ZI)
                  00008789    00000002                            : pre_init.c.obj (.text)
                  0000878b    00000001                            : startup.c.obj (.text)

.text.2    0    0000b000    00000800     
                  0000b000    000003ff     device.obj (.text)
                  0000b3ff    00000209     driverlib_eabi.lib : sysctl.obj (.text:SysCtl_setClock)
                  0000b608    000001d0     FIR_TIMER.obj (.text)
                  0000b7d8    00000028     driverlib_eabi.lib : sysctl.obj (.text:CPUTimer_selectClockSource)

.bss.1     1    0000c000    00001000     UNINITIALIZED
                  0000c000    00000800     FIR_TIMER.obj (.bss:buffer0)
                  0000c800    00000800     FIR_TIMER.obj (.bss:buffer1)

.bss.2     1    0000d000    00001000     UNINITIALIZED
                  0000d000    00000800     FIR_TIMER.obj (.bss:signal)
                  0000d800    00000400     FIR_TIMER.obj (.bss:buffer1Fixed)
                  0000dc00    00000400     FIR_TIMER.obj (.bss:signal_FixedP)

.bss.3     1    0000e000    0000000c     UNINITIALIZED
                  0000e000    0000000c     FIR_TIMER.obj (.bss)

MODULE SUMMARY

       Module                        code   ro data   rw data
       ------                        ----   -------   -------
    .\
       FIR_TIMER.obj                 623    80        8204   
    +--+-----------------------------+------+---------+---------+
       Total:                        623    80        8204   
                                                             
    .\device\
       device.obj                    1023   19        6      
       F2837xD_CodeStartBranch.obj   10     0         0      
    +--+-----------------------------+------+---------+---------+
       Total:                        1033   19        6      
                                                             
    C:\ti\c2000\C2000Ware_5_02_00_00\driverlib\f2837xd\driverlib\ccs\Debug\driverlib_eabi.lib
       sysctl.obj                    1187   194       0      
       gpio.obj                      228    188       0      
       interrupt.obj                 214    0         0      
       cputimer.obj                  42     98        0      
    +--+-----------------------------+------+---------+---------+
       Total:                        1671   480       0      
                                                             
    C:\ti\ccs1210\ccs\tools\compiler\ti-cgt-c2000_22.6.0.LTS\lib\rts2800_fpu32_eabi.lib
       fs_div28.asm.obj              136    0         0      
       fd_mpy28.asm.obj              131    0         0      
       s_sinf.c.obj                  102    0         0      
       exit.c.obj                    41     0         6      
       copy_decompress_lzss.c.obj    46     0         0      
       autoinit.c.obj                43     0         0      
       fd_tofsfpu32.asm.obj          35     0         0      
       memcpy.c.obj                  29     0         0      
       fs_tofdfpu32.asm.obj          28     0         0      
       boot28.asm.obj                23     0         0      
       _lock.c.obj                   9      0         4      
       args_main.c.obj               12     0         0      
       copy_decompress_none.c.obj    8      0         0      
       memset.c.obj                  7      0         0      
       copy_zero_init.c.obj          6      0         0      
       pre_init.c.obj                2      0         0      
       startup.c.obj                 1      0         0      
    +--+-----------------------------+------+---------+---------+
       Total:                        659    0         10     
                                                             
       Stack:                        0      0         1016   
       Linker Generated:             0      43        0      
    +--+-----------------------------+------+---------+---------+
       Grand Total:                  3986   622       9236   


LINKER GENERATED COPY TABLES

__TI_cinit_table @ 00000144 records: 4, size/record: 4, table size: 16
	.data: load addr=00000128, load size=00000009 bytes, run addr=0000aa44, run size=00000010 bytes, compression=lzss
	.bss.1: load addr=00000138, load size=00000004 bytes, run addr=0000c000, run size=00001000 bytes, compression=zero_init
	.bss.2: load addr=0000013c, load size=00000004 bytes, run addr=0000d000, run size=00001000 bytes, compression=zero_init
	.bss.3: load addr=00000140, load size=00000004 bytes, run addr=0000e000, run size=0000000c bytes, compression=zero_init


LINKER GENERATED HANDLER TABLE

__TI_handler_table @ 00000132 records: 3, size/record: 2, table size: 6
	index: 0, handler: __TI_zero_init
	index: 1, handler: __TI_decompress_lzss
	index: 2, handler: __TI_decompress_none


GLOBAL DATA SYMBOLS: SORTED BY DATA PAGE

address     data page           name
--------    ----------------    ----
00000400      10 (00000400)     __stack

0000aa44     2a9 (0000aa40)     Example_Result
0000aa46     2a9 (0000aa40)     Example_PassCount
0000aa48     2a9 (0000aa40)     Example_Fail
0000aa4a     2a9 (0000aa40)     __TI_enable_exit_profile_output
0000aa4c     2a9 (0000aa40)     __TI_cleanup_ptr
0000aa4e     2a9 (0000aa40)     __TI_dtors_ptr
0000aa50     2a9 (0000aa40)     _lock
0000aa52     2a9 (0000aa40)     _unlock

0000c000     300 (0000c000)     buffer0

0000c800     320 (0000c800)     buffer1

0000d000     340 (0000d000)     signal

0000d800     360 (0000d800)     buffer1Fixed

0000dc00     370 (0000dc00)     signal_FixedP

0000e000     380 (0000e000)     cpuTimer0IntCount
0000e001     380 (0000e000)     cpuTimer1IntCount
0000e004     380 (0000e000)     Input_Data
0000e006     380 (0000e000)     Output_Data1
0000e008     380 (0000e000)     timer0


GLOBAL SYMBOLS: SORTED ALPHABETICALLY BY Name 

page  address   name                                     
----  -------   ----                                     
0     00008544  C$$EXIT                                  
0     000086a9  CPUTimer_setEmulationMode                
0     0000b273  Device_bootCPU2                          
0     0000b242  Device_configureTMXAnalogTrim            
0     0000b0f0  Device_enableAllPeripherals              
0     0000b22c  Device_enableUnbondedGPIOPullups         
0     0000b20f  Device_enableUnbondedGPIOPullupsFor100Pin
0     0000b1fc  Device_enableUnbondedGPIOPullupsFor176Pin
0     0000b0ae  Device_init                              
0     0000b1db  Device_initGPIO                          
1     0000aa48  Example_Fail                             
1     0000aa46  Example_PassCount                        
1     0000aa44  Example_Result                           
0     0000b3fe  Example_done                             
0     0000b3f9  Example_setResultFail                    
0     0000b3f4  Example_setResultPass                    
0     000083de  GPIO_setControllerCore                   
0     000084ba  GPIO_setDirectionMode                    
0     00008415  GPIO_setPinConfig                        
0     0000844c  GPIO_setQualificationMode                
1     0000e004  Input_Data                               
0     0000867f  Interrupt_defaultHandler                 
0     00008483  Interrupt_enable                         
0     0000873f  Interrupt_illegalOperationHandler        
0     000083a1  Interrupt_initModule                     
0     000085af  Interrupt_initVectorTable                
0     00008749  Interrupt_nmiHandler                     
1     0000e006  Output_Data1                             
0     00000123  SysCtl_delay                             
0     00008308  SysCtl_getClock                          
0     0000823a  SysCtl_getDeviceParametric               
0     00008620  SysCtl_getLowSpeedClock                  
0     00008359  SysCtl_selectOscSource                   
0     0000809f  SysCtl_selectXTAL                        
0     0000b3ff  SysCtl_setClock                          
0     00000144  __TI_CINIT_Base                          
0     00000154  __TI_CINIT_Limit                         
0     00000154  __TI_CINIT_Warm                          
0     00000132  __TI_Handler_Table_Base                  
0     00000138  __TI_Handler_Table_Limit                 
1     000007f8  __TI_STACK_END                           
abs   000003f8  __TI_STACK_SIZE                          
0     00008519  __TI_auto_init_nobinit_nopinit           
1     0000aa4c  __TI_cleanup_ptr                         
0     000084eb  __TI_decompress_lzss                     
0     0000876d  __TI_decompress_none                     
1     0000aa4e  __TI_dtors_ptr                           
1     0000aa4a  __TI_enable_exit_profile_output          
abs   ffffffff  __TI_pprof_out_hndl                      
abs   ffffffff  __TI_prof_data_size                      
abs   ffffffff  __TI_prof_data_start                     
0     00008783  __TI_zero_init                           
0     0000812f  __c28xabi_divf                           
0     0000856d  __c28xabi_dtof                           
0     000085ea  __c28xabi_ftod                           
0     000081b7  __c28xabi_mpyd                           
n/a   UNDEFED   __c_args__                               
0     0000b3ed  __error__                                
1     00000400  __stack                                  
0     00008728  _args_main                               
0     00008668  _c_int00                                 
1     0000aa50  _lock                                    
0     00008764  _nop                                     
0     00008760  _register_lock                           
0     0000875c  _register_unlock                         
0     0000878b  _system_post_cinit                       
0     00008789  _system_pre_init                         
1     0000aa52  _unlock                                  
0     00008544  abort                                    
1     0000c000  buffer0                                  
1     0000c800  buffer1                                  
1     0000d800  buffer1Fixed                             
0     00000000  code_start                               
0     0000b72d  configCPUTimer                           
0     00008000  cpuTimer0ISR                             
1     0000e000  cpuTimer0IntCount                        
0     0000806e  cpuTimer1ISR                             
1     0000e001  cpuTimer1IntCount                        
0     00008546  exit                                     
0     0000b7d0  filter1                                  
0     0000b76a  generateSignal                           
0     0000b6fe  initCPUTimers                            
0     0000b6b3  main                                     
0     000085cd  memcpy                                   
0     0000877c  memset                                   
1     0000d000  signal                                   
1     0000dc00  signal_FixedP                            
0     000082a2  sinf                                     
1     0000e008  timer0                                   


GLOBAL SYMBOLS: SORTED BY Symbol Address 

page  address   name                                     
----  -------   ----                                     
0     00000000  code_start                               
0     00000123  SysCtl_delay                             
0     00000132  __TI_Handler_Table_Base                  
0     00000138  __TI_Handler_Table_Limit                 
0     00000144  __TI_CINIT_Base                          
0     00000154  __TI_CINIT_Limit                         
0     00000154  __TI_CINIT_Warm                          
0     00008000  cpuTimer0ISR                             
0     0000806e  cpuTimer1ISR                             
0     0000809f  SysCtl_selectXTAL                        
0     0000812f  __c28xabi_divf                           
0     000081b7  __c28xabi_mpyd                           
0     0000823a  SysCtl_getDeviceParametric               
0     000082a2  sinf                                     
0     00008308  SysCtl_getClock                          
0     00008359  SysCtl_selectOscSource                   
0     000083a1  Interrupt_initModule                     
0     000083de  GPIO_setControllerCore                   
0     00008415  GPIO_setPinConfig                        
0     0000844c  GPIO_setQualificationMode                
0     00008483  Interrupt_enable                         
0     000084ba  GPIO_setDirectionMode                    
0     000084eb  __TI_decompress_lzss                     
0     00008519  __TI_auto_init_nobinit_nopinit           
0     00008544  C$$EXIT                                  
0     00008544  abort                                    
0     00008546  exit                                     
0     0000856d  __c28xabi_dtof                           
0     000085af  Interrupt_initVectorTable                
0     000085cd  memcpy                                   
0     000085ea  __c28xabi_ftod                           
0     00008620  SysCtl_getLowSpeedClock                  
0     00008668  _c_int00                                 
0     0000867f  Interrupt_defaultHandler                 
0     000086a9  CPUTimer_setEmulationMode                
0     00008728  _args_main                               
0     0000873f  Interrupt_illegalOperationHandler        
0     00008749  Interrupt_nmiHandler                     
0     0000875c  _register_unlock                         
0     00008760  _register_lock                           
0     00008764  _nop                                     
0     0000876d  __TI_decompress_none                     
0     0000877c  memset                                   
0     00008783  __TI_zero_init                           
0     00008789  _system_pre_init                         
0     0000878b  _system_post_cinit                       
0     0000b0ae  Device_init                              
0     0000b0f0  Device_enableAllPeripherals              
0     0000b1db  Device_initGPIO                          
0     0000b1fc  Device_enableUnbondedGPIOPullupsFor176Pin
0     0000b20f  Device_enableUnbondedGPIOPullupsFor100Pin
0     0000b22c  Device_enableUnbondedGPIOPullups         
0     0000b242  Device_configureTMXAnalogTrim            
0     0000b273  Device_bootCPU2                          
0     0000b3ed  __error__                                
0     0000b3f4  Example_setResultPass                    
0     0000b3f9  Example_setResultFail                    
0     0000b3fe  Example_done                             
0     0000b3ff  SysCtl_setClock                          
0     0000b6b3  main                                     
0     0000b6fe  initCPUTimers                            
0     0000b72d  configCPUTimer                           
0     0000b76a  generateSignal                           
0     0000b7d0  filter1                                  
1     00000400  __stack                                  
1     000007f8  __TI_STACK_END                           
1     0000aa44  Example_Result                           
1     0000aa46  Example_PassCount                        
1     0000aa48  Example_Fail                             
1     0000aa4a  __TI_enable_exit_profile_output          
1     0000aa4c  __TI_cleanup_ptr                         
1     0000aa4e  __TI_dtors_ptr                           
1     0000aa50  _lock                                    
1     0000aa52  _unlock                                  
1     0000c000  buffer0                                  
1     0000c800  buffer1                                  
1     0000d000  signal                                   
1     0000d800  buffer1Fixed                             
1     0000dc00  signal_FixedP                            
1     0000e000  cpuTimer0IntCount                        
1     0000e001  cpuTimer1IntCount                        
1     0000e004  Input_Data                               
1     0000e006  Output_Data1                             
1     0000e008  timer0                                   
abs   000003f8  __TI_STACK_SIZE                          
abs   ffffffff  __TI_pprof_out_hndl                      
abs   ffffffff  __TI_prof_data_size                      
abs   ffffffff  __TI_prof_data_start                     
n/a   UNDEFED   __c_args__                               

[89 symbols]
