******************************************************************************
             TMS320C2000 Linker PC v22.6.0                     
******************************************************************************
>> Linked Tue Aug  6 10:39:44 2024

OUTPUT FILE NAME:   <FIR_real_time_00.out>
ENTRY POINT SYMBOL: "code_start"  address: 00000000


MEMORY CONFIGURATION

         name            origin    length      used     unused   attr    fill
----------------------  --------  ---------  --------  --------  ----  --------
PAGE 0:
  BEGIN                 00000000   00000002  00000002  00000000  RWIX
  RAMM0                 00000123   000002dd  00000024  000002b9  RWIX
  RAMLS0                00008000   00000800  000007d6  0000002a  RWIX
  RAMLS1                00008800   00000800  00000000  00000800  RWIX
  RAMLS2                00009000   00000800  00000000  00000800  RWIX
  RAMLS3                00009800   00000800  00000000  00000800  RWIX
  RAMLS4                0000a000   00000800  00000000  00000800  RWIX
  RAMD0                 0000b000   00000800  00000800  00000000  RWIX
  FLASHA                00080002   00001ffe  00000000  00001ffe  RWIX
  FLASHB                00082000   00002000  00000000  00002000  RWIX
  FLASHC                00084000   00002000  00000000  00002000  RWIX
  FLASHD                00086000   00002000  00000000  00002000  RWIX
  FLASHE                00088000   00008000  00000000  00008000  RWIX
  FLASHF                00090000   00008000  00000000  00008000  RWIX
  FLASHG                00098000   00008000  00000000  00008000  RWIX
  FLASHH                000a0000   00008000  00000000  00008000  RWIX
  FLASHI                000a8000   00008000  00000000  00008000  RWIX
  FLASHJ                000b0000   00008000  00000000  00008000  RWIX
  FLASHK                000b8000   00002000  00000000  00002000  RWIX
  FLASHL                000ba000   00002000  00000000  00002000  RWIX
  FLASHM                000bc000   00002000  00000000  00002000  RWIX
  FLASHN                000be000   00001ff0  00000000  00001ff0  RWIX
  RESET                 003fffc0   00000002  00000000  00000002  RWIX

PAGE 1:
  BOOT_RSVD             00000002   00000121  00000000  00000121  RWIX
  RAMM1                 00000400   000003f8  000003f8  00000000  RWIX
  RAMLS5                0000a800   00000800  00000321  000004df  RWIX
  RAMD1                 0000b800   00000800  00000000  00000800  RWIX
  RAMGS0                0000c000   00001000  00000d0a  000002f6  RWIX
  RAMGS1                0000d000   00001000  00000000  00001000  RWIX
  RAMGS2                0000e000   00001000  00000000  00001000  RWIX
  RAMGS3                0000f000   00001000  00000000  00001000  RWIX
  RAMGS4                00010000   00001000  00000000  00001000  RWIX
  RAMGS5                00011000   00001000  00000000  00001000  RWIX
  RAMGS6                00012000   00001000  00000000  00001000  RWIX
  RAMGS7                00013000   00001000  00000000  00001000  RWIX
  RAMGS8                00014000   00001000  00000000  00001000  RWIX
  RAMGS9                00015000   00001000  00000000  00001000  RWIX
  RAMGS10               00016000   00001000  00000000  00001000  RWIX
  RAMGS11               00017000   00001000  00000000  00001000  RWIX
  RAMGS12               00018000   00001000  00000000  00001000  RWIX
  RAMGS13               00019000   00001000  00000000  00001000  RWIX
  RAMGS14               0001a000   00001000  00000000  00001000  RWIX
  RAMGS15               0001b000   00000ff8  00000000  00000ff8  RWIX


SECTION ALLOCATION MAP

 output                                  attributes/
section   page    origin      length       input sections
--------  ----  ----------  ----------   ----------------
codestart 
*          0    00000000    00000002     
                  00000000    00000002     F2837xD_CodeStartBranch.obj (codestart)

.cinit     0    00000128    00000020     
                  00000128    0000000b     (.cinit..data.load) [load image, compression = lzss]
                  00000133    00000001     --HOLE-- [fill = 0]
                  00000134    00000006     (__TI_handler_table)
                  0000013a    00000004     (.cinit..bss.load) [load image, compression = zero_init]
                  0000013e    00000002     --HOLE-- [fill = 0]
                  00000140    00000008     (__TI_cinit_table)

.reset     0    003fffc0    00000000     DSECT

.stack     1    00000400    000003f8     UNINITIALIZED
                  00000400    000003f8     --HOLE--

.init_array 
*          0    00000123    00000000     UNINITIALIZED

.const     1    0000a800    000002aa     
                  0000a800    000000c2     driverlib_eabi.lib : sysctl.obj (.const:.string)
                  0000a8c2    000000bc                        : gpio.obj (.const:.string)
                  0000a97e    00000066     Two_timer2_ex2_cputimers.obj (.const:firCoeffs)
                  0000a9e4    00000062     driverlib_eabi.lib : cputimer.obj (.const:.string)
                  0000aa46    00000048     Two_timer2_ex2_cputimers.obj (.const:.string)
                  0000aa8e    00000013     device.obj (.const:.string)
                  0000aaa1    00000001     --HOLE-- [fill = 0]
                  0000aaa2    00000008     Two_timer2_ex2_cputimers.obj (.const)

.data      1    0000aaaa    00000077     UNINITIALIZED
                  0000aaaa    00000066     Two_timer2_ex2_cputimers.obj (.data:filtbuff1)
                  0000ab10    00000006     device.obj (.data)
                  0000ab16    00000006     rts2800_fpu32_eabi.lib : exit.c.obj (.data)
                  0000ab1c    00000002                            : _lock.c.obj (.data:_lock)
                  0000ab1e    00000002                            : _lock.c.obj (.data:_unlock)
                  0000ab20    00000001     Two_timer2_ex2_cputimers.obj (.data)

.TI.ramfunc 
*          0    00000123    00000004     
                  00000123    00000004     driverlib_eabi.lib : sysctl.obj (.TI.ramfunc)

.text.1    0    00008000    000007d6     
                  00008000    00000209     driverlib_eabi.lib : sysctl.obj (.text:SysCtl_setClock)
                  00008209    00000083     rts2800_fpu32_eabi.lib : fd_mpy28.asm.obj (.text)
                  0000828c    00000068     driverlib_eabi.lib : sysctl.obj (.text:SysCtl_getDeviceParametric)
                  000082f4    00000066     rts2800_fpu32_eabi.lib : s_sinf.c.obj (.text)
                  0000835a    00000051     driverlib_eabi.lib : sysctl.obj (.text:SysCtl_getClock)
                  000083ab    00000048                        : sysctl.obj (.text:SysCtl_selectOscSource)
                  000083f3    0000003d                        : interrupt.obj (.text:Interrupt_initModule)
                  00008430    00000037                        : gpio.obj (.text:GPIO_setControllerCore)
                  00008467    00000037                        : gpio.obj (.text:GPIO_setPinConfig)
                  0000849e    00000037                        : gpio.obj (.text:GPIO_setQualificationMode)
                  000084d5    00000037                        : interrupt.obj (.text:Interrupt_enable)
                  0000850c    00000031                        : gpio.obj (.text:GPIO_setDirectionMode)
                  0000853d    0000002b     rts2800_fpu32_eabi.lib : autoinit.c.obj (.text:__TI_auto_init_nobinit_nopinit)
                  00008568    00000029                            : exit.c.obj (.text)
                  00008591    00000028     driverlib_eabi.lib : sysctl.obj (.text:CPUTimer_selectClockSource)
                  000085b9    00000023     rts2800_fpu32_eabi.lib : fd_tofsfpu32.asm.obj (.text)
                  000085dc    0000001f     driverlib_eabi.lib : sysctl.obj (.text:CPUTimer_getTimerOverflowStatus)
                  000085fb    0000001e                        : interrupt.obj (.text:Interrupt_initVectorTable)
                  00008619    0000001d     rts2800_fpu32_eabi.lib : memcpy.c.obj (.text)
                  00008636    0000001c                            : fs_tofdfpu32.asm.obj (.text)
                  00008652    0000001a     driverlib_eabi.lib : sysctl.obj (.text:CPUTimer_startTimer)
                  0000866c    0000001a                        : sysctl.obj (.text:SysCtl_getLowSpeedClock)
                  00008686    00000017                        : cputimer.obj (.text:CPUTimer_isBaseValid)
                  0000869d    00000017                        : sysctl.obj (.text:CPUTimer_isBaseValid)
                  000086b4    00000017     rts2800_fpu32_eabi.lib : boot28.asm.obj (.text)
                  000086cb    00000016     driverlib_eabi.lib : interrupt.obj (.text:Interrupt_defaultHandler)
                  000086e1    00000014                        : sysctl.obj (.text:CPUTimer_stopTimer)
                  000086f5    00000013                        : cputimer.obj (.text:CPUTimer_setEmulationMode)
                  00008708    00000012                        : sysctl.obj (.text:CPUTimer_clearOverflowFlag)
                  0000871a    00000012                        : sysctl.obj (.text:CPUTimer_disableInterrupt)
                  0000872c    00000011                        : sysctl.obj (.text:CPUTimer_setPeriod)
                  0000873d    0000000f                        : sysctl.obj (.text:SysCtl_pollCpuTimer)
                  0000874c    0000000e                        : gpio.obj (.text:GPIO_isPinValid)
                  0000875a    0000000d                        : interrupt.obj (.text:Interrupt_disableGlobal)
                  00008767    0000000d                        : interrupt.obj (.text:Interrupt_enableGlobal)
                  00008774    0000000c     rts2800_fpu32_eabi.lib : args_main.c.obj (.text)
                  00008780    0000000b     driverlib_eabi.lib : sysctl.obj (.text:SysCtl_isMCDClockFailureDetected)
                  0000878b    0000000a                        : interrupt.obj (.text:Interrupt_illegalOperationHandler)
                  00008795    0000000a                        : interrupt.obj (.text:Interrupt_nmiHandler)
                  0000879f    00000009                        : sysctl.obj (.text:SysCtl_serviceWatchdog)
                  000087a8    00000009     rts2800_fpu32_eabi.lib : _lock.c.obj (.text)
                  000087b1    00000008     F2837xD_CodeStartBranch.obj (.text)
                  000087b9    00000008     rts2800_fpu32_eabi.lib : copy_decompress_none.c.obj (.text:decompress:none)
                  000087c1    00000007     driverlib_eabi.lib : sysctl.obj (.text:SysCtl_resetMCD)
                  000087c8    00000007     rts2800_fpu32_eabi.lib : memset.c.obj (.text)
                  000087cf    00000006                            : copy_zero_init.c.obj (.text:decompress:ZI)
                  000087d5    00000001                            : startup.c.obj (.text)

.text.2    0    0000b000    00000800     
                  0000b000    000003ff     device.obj (.text)
                  0000b3ff    00000211     Two_timer2_ex2_cputimers.obj (.text)
                  0000b610    000000a8     Two_timer2_ex2_cputimers.obj (.text:retain)
                  0000b6b8    00000090     driverlib_eabi.lib : sysctl.obj (.text:SysCtl_selectXTAL)
                  0000b748    00000088     rts2800_fpu32_eabi.lib : fs_div28.asm.obj (.text)
                  0000b7d0    0000002e                            : copy_decompress_lzss.c.obj (.text:decompress:lzss)
                  0000b7fe    00000002                            : pre_init.c.obj (.text)

.bss       1    0000c000    00000d0a     UNINITIALIZED
                  0000c000    00000800     Two_timer2_ex2_cputimers.obj (.bss:signal)
                  0000c800    00000400     Two_timer2_ex2_cputimers.obj (.bss:signal_FixedP)
                  0000cc00    00000066     Two_timer2_ex2_cputimers.obj (.bss:buffer0)
                  0000cc66    00000066     Two_timer2_ex2_cputimers.obj (.bss:buffer1)
                  0000cccc    00000033     Two_timer2_ex2_cputimers.obj (.bss:buffer1Fixed)
                  0000ccff    00000001     --HOLE--
                  0000cd00    0000000a     Two_timer2_ex2_cputimers.obj (.bss)

MODULE SUMMARY

       Module                         code   ro data   rw data
       ------                         ----   -------   -------
    .\
       Two_timer2_ex2_cputimers.obj   697    182       3440   
    +--+------------------------------+------+---------+---------+
       Total:                         697    182       3440   
                                                              
    .\device\
       device.obj                     1023   19        6      
       F2837xD_CodeStartBranch.obj    10     0         0      
    +--+------------------------------+------+---------+---------+
       Total:                         1033   19        6      
                                                              
    C:\ti\c2000\C2000Ware_5_02_00_00\driverlib\f2837xd\driverlib\ccs\Debug\driverlib_eabi.lib
       sysctl.obj                     1187   194       0      
       gpio.obj                       228    188       0      
       interrupt.obj                  214    0         0      
       cputimer.obj                   42     98        0      
    +--+------------------------------+------+---------+---------+
       Total:                         1671   480       0      
                                                              
    C:\ti\ccs1210\ccs\tools\compiler\ti-cgt-c2000_22.6.0.LTS\lib\rts2800_fpu32_eabi.lib
       fs_div28.asm.obj               136    0         0      
       fd_mpy28.asm.obj               131    0         0      
       s_sinf.c.obj                   102    0         0      
       exit.c.obj                     41     0         6      
       copy_decompress_lzss.c.obj     46     0         0      
       autoinit.c.obj                 43     0         0      
       fd_tofsfpu32.asm.obj           35     0         0      
       memcpy.c.obj                   29     0         0      
       fs_tofdfpu32.asm.obj           28     0         0      
       boot28.asm.obj                 23     0         0      
       _lock.c.obj                    9      0         4      
       args_main.c.obj                12     0         0      
       copy_decompress_none.c.obj     8      0         0      
       memset.c.obj                   7      0         0      
       copy_zero_init.c.obj           6      0         0      
       pre_init.c.obj                 2      0         0      
       startup.c.obj                  1      0         0      
    +--+------------------------------+------+---------+---------+
       Total:                         659    0         10     
                                                              
       Stack:                         0      0         1016   
       Linker Generated:              0      29        0      
    +--+------------------------------+------+---------+---------+
       Grand Total:                   4060   710       4472   


LINKER GENERATED COPY TABLES

__TI_cinit_table @ 00000140 records: 2, size/record: 4, table size: 8
	.data: load addr=00000128, load size=0000000b bytes, run addr=0000aaaa, run size=00000077 bytes, compression=lzss
	.bss: load addr=0000013a, load size=00000004 bytes, run addr=0000c000, run size=00000d0a bytes, compression=zero_init


LINKER GENERATED HANDLER TABLE

__TI_handler_table @ 00000134 records: 3, size/record: 2, table size: 6
	index: 0, handler: __TI_zero_init
	index: 1, handler: __TI_decompress_lzss
	index: 2, handler: __TI_decompress_none


GLOBAL DATA SYMBOLS: SORTED BY DATA PAGE

address     data page           name
--------    ----------------    ----
00000400      10 (00000400)     __stack

0000a97e     2a5 (0000a940)     firCoeffs

0000aaaa     2aa (0000aa80)     filtbuff1

0000ab10     2ac (0000ab00)     Example_Result
0000ab12     2ac (0000ab00)     Example_PassCount
0000ab14     2ac (0000ab00)     Example_Fail
0000ab16     2ac (0000ab00)     __TI_enable_exit_profile_output
0000ab18     2ac (0000ab00)     __TI_cleanup_ptr
0000ab1a     2ac (0000ab00)     __TI_dtors_ptr
0000ab1c     2ac (0000ab00)     _lock
0000ab1e     2ac (0000ab00)     _unlock
0000ab20     2ac (0000ab00)     force

0000c000     300 (0000c000)     signal

0000c800     320 (0000c800)     signal_FixedP

0000cc00     330 (0000cc00)     buffer0

0000cc66     331 (0000cc40)     buffer1

0000cccc     333 (0000ccc0)     buffer1Fixed

0000cd00     334 (0000cd00)     cpuTimer0IntCount
0000cd01     334 (0000cd00)     cpuTimer1IntCount
0000cd02     334 (0000cd00)     Input_Data
0000cd04     334 (0000cd00)     Output_Data1
0000cd06     334 (0000cd00)     timer0


GLOBAL SYMBOLS: SORTED ALPHABETICALLY BY Name 

page  address   name                                     
----  -------   ----                                     
0     00008568  C$$EXIT                                  
0     000086f5  CPUTimer_setEmulationMode                
0     0000b273  Device_bootCPU2                          
0     0000b242  Device_configureTMXAnalogTrim            
0     0000b0f0  Device_enableAllPeripherals              
0     0000b22c  Device_enableUnbondedGPIOPullups         
0     0000b20f  Device_enableUnbondedGPIOPullupsFor100Pin
0     0000b1fc  Device_enableUnbondedGPIOPullupsFor176Pin
0     0000b0ae  Device_init                              
0     0000b1db  Device_initGPIO                          
1     0000ab14  Example_Fail                             
1     0000ab12  Example_PassCount                        
1     0000ab10  Example_Result                           
0     0000b3fe  Example_done                             
0     0000b3f9  Example_setResultFail                    
0     0000b3f4  Example_setResultPass                    
0     00008430  GPIO_setControllerCore                   
0     0000850c  GPIO_setDirectionMode                    
0     00008467  GPIO_setPinConfig                        
0     0000849e  GPIO_setQualificationMode                
1     0000cd02  Input_Data                               
0     000086cb  Interrupt_defaultHandler                 
0     000084d5  Interrupt_enable                         
0     0000878b  Interrupt_illegalOperationHandler        
0     000083f3  Interrupt_initModule                     
0     000085fb  Interrupt_initVectorTable                
0     00008795  Interrupt_nmiHandler                     
1     0000cd04  Output_Data1                             
0     00000123  SysCtl_delay                             
0     0000835a  SysCtl_getClock                          
0     0000828c  SysCtl_getDeviceParametric               
0     0000866c  SysCtl_getLowSpeedClock                  
0     000083ab  SysCtl_selectOscSource                   
0     0000b6b8  SysCtl_selectXTAL                        
0     00008000  SysCtl_setClock                          
0     00000140  __TI_CINIT_Base                          
0     00000148  __TI_CINIT_Limit                         
0     00000148  __TI_CINIT_Warm                          
0     00000134  __TI_Handler_Table_Base                  
0     0000013a  __TI_Handler_Table_Limit                 
1     000007f8  __TI_STACK_END                           
abs   000003f8  __TI_STACK_SIZE                          
0     0000853d  __TI_auto_init_nobinit_nopinit           
1     0000ab18  __TI_cleanup_ptr                         
0     0000b7d0  __TI_decompress_lzss                     
0     000087b9  __TI_decompress_none                     
1     0000ab1a  __TI_dtors_ptr                           
1     0000ab16  __TI_enable_exit_profile_output          
abs   ffffffff  __TI_pprof_out_hndl                      
abs   ffffffff  __TI_prof_data_size                      
abs   ffffffff  __TI_prof_data_start                     
0     000087cf  __TI_zero_init                           
0     0000b748  __c28xabi_divf                           
0     000085b9  __c28xabi_dtof                           
0     00008636  __c28xabi_ftod                           
0     00008209  __c28xabi_mpyd                           
n/a   UNDEFED   __c_args__                               
0     0000b3ed  __error__                                
1     00000400  __stack                                  
0     00008774  _args_main                               
0     000086b4  _c_int00                                 
1     0000ab1c  _lock                                    
0     000087b0  _nop                                     
0     000087ac  _register_lock                           
0     000087a8  _register_unlock                         
0     000087d5  _system_post_cinit                       
0     0000b7fe  _system_pre_init                         
1     0000ab1e  _unlock                                  
0     00008568  abort                                    
1     0000cc00  buffer0                                  
1     0000cc66  buffer1                                  
1     0000cccc  buffer1Fixed                             
0     00000000  code_start                               
0     0000b528  configCPUTimer                           
0     0000b610  cpuTimer0ISR                             
1     0000cd00  cpuTimer0IntCount                        
0     0000b687  cpuTimer1ISR                             
1     0000cd01  cpuTimer1IntCount                        
0     0000856a  exit                                     
1     0000aaaa  filtbuff1                                
0     0000b5c9  filter1                                  
1     0000a97e  firCoeffs                                
1     0000ab20  force                                    
0     0000b565  generateSignal                           
0     0000b4f9  initCPUTimers                            
0     0000b4aa  main                                     
0     00008619  memcpy                                   
0     000087c8  memset                                   
1     0000c000  signal                                   
1     0000c800  signal_FixedP                            
0     000082f4  sinf                                     
1     0000cd06  timer0                                   


GLOBAL SYMBOLS: SORTED BY Symbol Address 

page  address   name                                     
----  -------   ----                                     
0     00000000  code_start                               
0     00000123  SysCtl_delay                             
0     00000134  __TI_Handler_Table_Base                  
0     0000013a  __TI_Handler_Table_Limit                 
0     00000140  __TI_CINIT_Base                          
0     00000148  __TI_CINIT_Limit                         
0     00000148  __TI_CINIT_Warm                          
0     00008000  SysCtl_setClock                          
0     00008209  __c28xabi_mpyd                           
0     0000828c  SysCtl_getDeviceParametric               
0     000082f4  sinf                                     
0     0000835a  SysCtl_getClock                          
0     000083ab  SysCtl_selectOscSource                   
0     000083f3  Interrupt_initModule                     
0     00008430  GPIO_setControllerCore                   
0     00008467  GPIO_setPinConfig                        
0     0000849e  GPIO_setQualificationMode                
0     000084d5  Interrupt_enable                         
0     0000850c  GPIO_setDirectionMode                    
0     0000853d  __TI_auto_init_nobinit_nopinit           
0     00008568  C$$EXIT                                  
0     00008568  abort                                    
0     0000856a  exit                                     
0     000085b9  __c28xabi_dtof                           
0     000085fb  Interrupt_initVectorTable                
0     00008619  memcpy                                   
0     00008636  __c28xabi_ftod                           
0     0000866c  SysCtl_getLowSpeedClock                  
0     000086b4  _c_int00                                 
0     000086cb  Interrupt_defaultHandler                 
0     000086f5  CPUTimer_setEmulationMode                
0     00008774  _args_main                               
0     0000878b  Interrupt_illegalOperationHandler        
0     00008795  Interrupt_nmiHandler                     
0     000087a8  _register_unlock                         
0     000087ac  _register_lock                           
0     000087b0  _nop                                     
0     000087b9  __TI_decompress_none                     
0     000087c8  memset                                   
0     000087cf  __TI_zero_init                           
0     000087d5  _system_post_cinit                       
0     0000b0ae  Device_init                              
0     0000b0f0  Device_enableAllPeripherals              
0     0000b1db  Device_initGPIO                          
0     0000b1fc  Device_enableUnbondedGPIOPullupsFor176Pin
0     0000b20f  Device_enableUnbondedGPIOPullupsFor100Pin
0     0000b22c  Device_enableUnbondedGPIOPullups         
0     0000b242  Device_configureTMXAnalogTrim            
0     0000b273  Device_bootCPU2                          
0     0000b3ed  __error__                                
0     0000b3f4  Example_setResultPass                    
0     0000b3f9  Example_setResultFail                    
0     0000b3fe  Example_done                             
0     0000b4aa  main                                     
0     0000b4f9  initCPUTimers                            
0     0000b528  configCPUTimer                           
0     0000b565  generateSignal                           
0     0000b5c9  filter1                                  
0     0000b610  cpuTimer0ISR                             
0     0000b687  cpuTimer1ISR                             
0     0000b6b8  SysCtl_selectXTAL                        
0     0000b748  __c28xabi_divf                           
0     0000b7d0  __TI_decompress_lzss                     
0     0000b7fe  _system_pre_init                         
1     00000400  __stack                                  
1     000007f8  __TI_STACK_END                           
1     0000a97e  firCoeffs                                
1     0000aaaa  filtbuff1                                
1     0000ab10  Example_Result                           
1     0000ab12  Example_PassCount                        
1     0000ab14  Example_Fail                             
1     0000ab16  __TI_enable_exit_profile_output          
1     0000ab18  __TI_cleanup_ptr                         
1     0000ab1a  __TI_dtors_ptr                           
1     0000ab1c  _lock                                    
1     0000ab1e  _unlock                                  
1     0000ab20  force                                    
1     0000c000  signal                                   
1     0000c800  signal_FixedP                            
1     0000cc00  buffer0                                  
1     0000cc66  buffer1                                  
1     0000cccc  buffer1Fixed                             
1     0000cd00  cpuTimer0IntCount                        
1     0000cd01  cpuTimer1IntCount                        
1     0000cd02  Input_Data                               
1     0000cd04  Output_Data1                             
1     0000cd06  timer0                                   
abs   000003f8  __TI_STACK_SIZE                          
abs   ffffffff  __TI_pprof_out_hndl                      
abs   ffffffff  __TI_prof_data_size                      
abs   ffffffff  __TI_prof_data_start                     
n/a   UNDEFED   __c_args__                               

[92 symbols]
